Downloading https://services.gradle.org/distributions/gradle-9.3.1-bin.zip
.............10%.............20%.............30%.............40%.............50%.............60%.............70%.............80%.............90%.............100%
Starting a Gradle Daemon, 2 busy and 3 stopped Daemons could not be reused, use --status for details
Reusing configuration cache.
> Task :kurotek:preBuild UP-TO-DATE
> Task :kurotek:preDebugBuild UP-TO-DATE
> Task :kurotek:generateDebugBuildConfig UP-TO-DATE
> Task :kurotek:generateDebugResources UP-TO-DATE
> Task :kurotek:packageDebugResources UP-TO-DATE
> Task :kurotek:processDebugNavigationResources UP-TO-DATE
> Task :kurotek:parseDebugLocalResources UP-TO-DATE
> Task :kurotek:generateDebugRFile UP-TO-DATE
> Task :kurotek:kspDebugKotlin UP-TO-DATE
> Task :kurotek:compileDebugKotlin
e: file:///app/applet/kurotek/src/main/java/com/example/MainActivity.kt:36:29 Unresolved reference 'GoldPrimary'.
e: file:///app/applet/kurotek/src/main/java/com/example/MainActivity.kt:37:29 Unresolved reference 'DeepBlack'.
e: file:///app/applet/kurotek/src/main/java/com/example/MainActivity.kt:38:29 Unresolved reference 'SurfaceDark'.
e: file:///app/applet/kurotek/src/main/java/com/example/MainActivity.kt:39:29 Unresolved reference 'PureWhite'.
e: file:///app/applet/kurotek/src/main/java/com/example/MainActivity.kt:61:42 Unresolved reference 'isDarkThemeState'.
e: file:///app/applet/kurotek/src/main/java/com/example/MainActivity.kt:114:41 Unresolved reference 'DeepBlack'.
e: file:///app/applet/kurotek/src/main/java/com/example/MainActivity.kt:158:49 Unresolved reference 'DeepBlack'.
e: file:///app/applet/kurotek/src/main/java/com/example/MainActivity.kt:163:87 Unresolved reference 'SurfaceDark'.
e: file:///app/applet/kurotek/src/main/java/com/example/MainActivity.kt:165:65 Unresolved reference 'GoldPrimary'.
e: file:///app/applet/kurotek/src/main/java/com/example/MainActivity.kt:176:52 Unresolved reference 'GoldPrimary'.
e: file:///app/applet/kurotek/src/main/java/com/example/MainActivity.kt:184:53 Unresolved reference 'GoldPrimary'.
e: file:///app/applet/kurotek/src/main/java/com/example/MainActivity.kt:192:53 Unresolved reference 'PureWhite'.
e: file:///app/applet/kurotek/src/main/java/com/example/MainActivity.kt:203:66 Unresolved reference 'GoldPrimary'.
e: file:///app/applet/kurotek/src/main/java/com/example/MainActivity.kt:204:64 Unresolved reference 'DeepBlack'.
e: file:///app/applet/kurotek/src/main/java/com/example/ui/DistributorSystemScreen.kt:111:97 Unresolved reference 'GoldPrimary'.
e: file:///app/applet/kurotek/src/main/java/com/example/ui/DistributorSystemScreen.kt:112:101 Unresolved reference 'StatusGreen'.
e: file:///app/applet/kurotek/src/main/java/com/example/ui/DistributorSystemScreen.kt:239:25 No value passed for parameter 'content'.
e: file:///app/applet/kurotek/src/main/java/com/example/ui/DistributorSystemScreen.kt:241:30 Unresolved reference 'StatusGreen'.
e: file:///app/applet/kurotek/src/main/java/com/example/ui/DistributorSystemScreen.kt:241:42 Syntax error: Expecting ')'.
e: file:///app/applet/kurotek/src/main/java/com/example/ui/DistributorSystemScreen.kt:241:47 Unresolved reference 'SurfaceLight'.
e: file:///app/applet/kurotek/src/main/java/com/example/ui/DistributorSystemScreen.kt:241:59 Syntax error: Expecting an element.
e: file:///app/applet/kurotek/src/main/java/com/example/ui/DistributorSystemScreen.kt:241:59 Syntax error: Unexpected tokens (use ';' to separate expressions on the same line).
e: file:///app/applet/kurotek/src/main/java/com/example/ui/DistributorSystemScreen.kt:242:1 Unresolved reference 'modifier'.
e: file:///app/applet/kurotek/src/main/java/com/example/ui/DistributorSystemScreen.kt:243:25 Syntax error: Expecting an element.
e: file:///app/applet/kurotek/src/main/java/com/example/ui/DistributorSystemScreen.kt:244:29 @Composable invocations can only happen from the context of a @Composable function
e: file:///app/applet/kurotek/src/main/java/com/example/ui/DistributorSystemScreen.kt:246:25 No value passed for parameter 'content'.
e: file:///app/applet/kurotek/src/main/java/com/example/ui/DistributorSystemScreen.kt:248:30 Argument type mismatch: actual type is 'Color', but 'Modifier' was expected.
e: file:///app/applet/kurotek/src/main/java/com/example/ui/DistributorSystemScreen.kt:248:64 Syntax error: Expecting ')'.
e: file:///app/applet/kurotek/src/main/java/com/example/ui/DistributorSystemScreen.kt:248:69 Unresolved reference 'SurfaceLight'.
e: file:///app/applet/kurotek/src/main/java/com/example/ui/DistributorSystemScreen.kt:248:81 Syntax error: Expecting an element.
e: file:///app/applet/kurotek/src/main/java/com/example/ui/DistributorSystemScreen.kt:248:81 Syntax error: Unexpected tokens (use ';' to separate expressions on the same line).
e: file:///app/applet/kurotek/src/main/java/com/example/ui/DistributorSystemScreen.kt:249:1 Unresolved reference 'modifier'.
e: file:///app/applet/kurotek/src/main/java/com/example/ui/DistributorSystemScreen.kt:250:25 Syntax error: Expecting an element.
e: file:///app/applet/kurotek/src/main/java/com/example/ui/DistributorSystemScreen.kt:251:29 @Composable invocations can only happen from the context of a @Composable function
e: file:///app/applet/kurotek/src/main/java/com/example/ui/DistributorSystemScreen.kt:270:17 No value passed for parameter 'content'.
e: file:///app/applet/kurotek/src/main/java/com/example/ui/DistributorSystemScreen.kt:284:22 Unresolved reference 'StatusGreen'.
e: file:///app/applet/kurotek/src/main/java/com/example/ui/DistributorSystemScreen.kt:284:34 Syntax error: Expecting ')'.
e: file:///app/applet/kurotek/src/main/java/com/example/ui/DistributorSystemScreen.kt:284:39 Unresolved reference 'MaterialTheme'.
e: file:///app/applet/kurotek/src/main/java/com/example/ui/DistributorSystemScreen.kt:284:52 Syntax error: Expecting an element.
e: file:///app/applet/kurotek/src/main/java/com/example/ui/DistributorSystemScreen.kt:284:64 Syntax error: Expecting an element.
e: file:///app/applet/kurotek/src/main/java/com/example/ui/DistributorSystemScreen.kt:284:72 Syntax error: Expecting an element.
e: file:///app/applet/kurotek/src/main/java/com/example/ui/DistributorSystemScreen.kt:285:21 Syntax error: Expecting an element.
e: file:///app/applet/kurotek/src/main/java/com/example/ui/DistributorSystemScreen.kt:286:17 Syntax error: Expecting an element.
e: file:///app/applet/kurotek/src/main/java/com/example/ui/DistributorSystemScreen.kt:287:21 @Composable invocations can only happen from the context of a @Composable function
e: file:///app/applet/kurotek/src/main/java/com/example/ui/DistributorSystemScreen.kt:321:104 Unresolved reference 'SurfaceLight'.
e: file:///app/applet/kurotek/src/main/java/com/example/ui/DistributorSystemScreen.kt:392:25 No value passed for parameter 'content'.
e: file:///app/applet/kurotek/src/main/java/com/example/ui/DistributorSystemScreen.kt:394:30 Unresolved reference 'StatusGreen'.
e: file:///app/applet/kurotek/src/main/java/com/example/ui/DistributorSystemScreen.kt:394:42 Syntax error: Expecting ')'.
e: file:///app/applet/kurotek/src/main/java/com/example/ui/DistributorSystemScreen.kt:394:47 Unresolved reference 'SurfaceLight'.
e: file:///app/applet/kurotek/src/main/java/com/example/ui/DistributorSystemScreen.kt:394:59 Syntax error: Expecting an element.
e: file:///app/applet/kurotek/src/main/java/com/example/ui/DistributorSystemScreen.kt:394:59 Syntax error: Unexpected tokens (use ';' to separate expressions on the same line).
e: file:///app/applet/kurotek/src/main/java/com/example/ui/DistributorSystemScreen.kt:395:1 Unresolved reference 'modifier'.
e: file:///app/applet/kurotek/src/main/java/com/example/ui/DistributorSystemScreen.kt:396:25 Syntax error: Expecting an element.
e: file:///app/applet/kurotek/src/main/java/com/example/ui/DistributorSystemScreen.kt:397:29 @Composable invocations can only happen from the context of a @Composable function
e: file:///app/applet/kurotek/src/main/java/com/example/ui/DistributorSystemScreen.kt:399:25 No value passed for parameter 'content'.
e: file:///app/applet/kurotek/src/main/java/com/example/ui/DistributorSystemScreen.kt:401:30 Argument type mismatch: actual type is 'Color', but 'Modifier' was expected.
e: file:///app/applet/kurotek/src/main/java/com/example/ui/DistributorSystemScreen.kt:401:64 Syntax error: Expecting ')'.
e: file:///app/applet/kurotek/src/main/java/com/example/ui/DistributorSystemScreen.kt:401:69 Unresolved reference 'SurfaceLight'.
e: file:///app/applet/kurotek/src/main/java/com/example/ui/DistributorSystemScreen.kt:401:81 Syntax error: Expecting an element.
e: file:///app/applet/kurotek/src/main/java/com/example/ui/DistributorSystemScreen.kt:401:81 Syntax error: Unexpected tokens (use ';' to separate expressions on the same line).
e: file:///app/applet/kurotek/src/main/java/com/example/ui/DistributorSystemScreen.kt:402:1 Unresolved reference 'modifier'.
e: file:///app/applet/kurotek/src/main/java/com/example/ui/DistributorSystemScreen.kt:403:25 Syntax error: Expecting an element.
e: file:///app/applet/kurotek/src/main/java/com/example/ui/DistributorSystemScreen.kt:404:29 @Composable invocations can only happen from the context of a @Composable function
e: file:///app/applet/kurotek/src/main/java/com/example/ui/DistributorSystemScreen.kt:423:17 No value passed for parameter 'content'.
e: file:///app/applet/kurotek/src/main/java/com/example/ui/DistributorSystemScreen.kt:436:22 Unresolved reference 'StatusGreen'.
e: file:///app/applet/kurotek/src/main/java/com/example/ui/DistributorSystemScreen.kt:436:34 Syntax error: Expecting ')'.
e: file:///app/applet/kurotek/src/main/java/com/example/ui/DistributorSystemScreen.kt:436:39 Unresolved reference 'MaterialTheme'.
e: file:///app/applet/kurotek/src/main/java/com/example/ui/DistributorSystemScreen.kt:436:52 Syntax error: Expecting an element.
e: file:///app/applet/kurotek/src/main/java/com/example/ui/DistributorSystemScreen.kt:436:64 Syntax error: Expecting an element.
e: file:///app/applet/kurotek/src/main/java/com/example/ui/DistributorSystemScreen.kt:436:72 Syntax error: Expecting an element.
e: file:///app/applet/kurotek/src/main/java/com/example/ui/DistributorSystemScreen.kt:437:21 Syntax error: Expecting an element.
e: file:///app/applet/kurotek/src/main/java/com/example/ui/DistributorSystemScreen.kt:438:17 Syntax error: Expecting an element.
e: file:///app/applet/kurotek/src/main/java/com/example/ui/DistributorSystemScreen.kt:439:21 @Composable invocations can only happen from the context of a @Composable function
e: file:///app/applet/kurotek/src/main/java/com/example/ui/DistributorSystemScreen.kt:462:29 Unresolved reference 'GoldPrimary'.
e: file:///app/applet/kurotek/src/main/java/com/example/ui/DistributorSystemScreen.kt:481:105 Unresolved reference 'StatusGreen'.
e: file:///app/applet/kurotek/src/main/java/com/example/ui/DistributorSystemScreen.kt:504:53 Unresolved reference 'SurfaceLight'.
e: file:///app/applet/kurotek/src/main/java/com/example/ui/DistributorSystemScreen.kt:514:115 Unresolved reference 'StatusGreen'.
e: file:///app/applet/kurotek/src/main/java/com/example/ui/DistributorSystemScreen.kt:608:102 Unresolved reference 'GoldPrimary'.
e: file:///app/applet/kurotek/src/main/java/com/example/ui/DistributorSystemScreen.kt:609:103 Unresolved reference 'StatusGreen'.
e: file:///app/applet/kurotek/src/main/java/com/example/ui/DistributorSystemScreen.kt:623:121 Unresolved reference 'StatusGreen'.
e: file:///app/applet/kurotek/src/main/java/com/example/ui/DistributorSystemScreen.kt:628:115 Unresolved reference 'GoldPrimary'.
e: file:///app/applet/kurotek/src/main/java/com/example/ui/DistributorSystemScreen.kt:776:83 Unresolved reference 'StatusGreen'.
e: file:///app/applet/kurotek/src/main/java/com/example/ui/DistributorSystemScreen.kt:792:102 Unresolved reference 'GoldPrimary'.
e: file:///app/applet/kurotek/src/main/java/com/example/ui/DistributorSystemScreen.kt:808:148 Unresolved reference 'StatusGreen'.
e: file:///app/applet/kurotek/src/main/java/com/example/ui/DistributorSystemScreen.kt:984:60 Unresolved reference 'StatusGreen'.
e: file:///app/applet/kurotek/src/main/java/com/example/ui/DistributorSystemScreen.kt:996:60 Unresolved reference 'StatusGreen'.
e: file:///app/applet/kurotek/src/main/java/com/example/ui/LoginScreen.kt:87:17 None of the following candidates is applicable:
fun Box(modifier: Modifier): Unit
fun Box(modifier: Modifier = ..., contentAlignment: Alignment = ..., propagateMinConstraints: Boolean = ..., content: @Composable() ComposableFunction1<BoxScope, Unit>): Unit
e: file:///app/applet/kurotek/src/main/java/com/example/ui/LoginScreen.kt:93:42 Argument type mismatch: actual type is 'Function0<List<Color>>', but 'List<Color>' was expected.
e: file:///app/applet/kurotek/src/main/java/com/example/ui/LoginScreen.kt:95:35 Syntax error: Expecting ')'.
e: file:///app/applet/kurotek/src/main/java/com/example/ui/LoginScreen.kt:95:40 Argument type mismatch: actual type is 'Function0<List<Color>>', but 'TileMode' was expected.
e: file:///app/applet/kurotek/src/main/java/com/example/ui/LoginScreen.kt:104:70 Syntax error: Expecting ')'.
e: file:///app/applet/kurotek/src/main/java/com/example/ui/LoginScreen.kt:104:75 Unresolved reference 'Color'.
e: file:///app/applet/kurotek/src/main/java/com/example/ui/LoginScreen.kt:104:93 Unresolved reference 'copy'.
e: file:///app/applet/kurotek/src/main/java/com/example/ui/LoginScreen.kt:105:30 Syntax error: Unexpected tokens (use ';' to separate expressions on the same line).
e: file:///app/applet/kurotek/src/main/java/com/example/ui/LoginScreen.kt:107:25 Syntax error: Expecting an element.
e: file:///app/applet/kurotek/src/main/java/com/example/ui/LoginScreen.kt:108:17 Syntax error: Expecting an element.
e: file:///app/applet/kurotek/src/main/java/com/example/ui/LoginScreen.kt:109:21 @Composable invocations can only happen from the context of a @Composable function
e: file:///app/applet/kurotek/src/main/java/com/example/ui/LoginScreen.kt:112:32 Unresolved reference 'GlowPurplePink'.
e: file:///app/applet/kurotek/src/main/java/com/example/ui/LoginScreen.kt:112:47 Syntax error: Expecting ')'.
e: file:///app/applet/kurotek/src/main/java/com/example/ui/LoginScreen.kt:112:52 Unresolved reference 'Color'.
e: file:///app/applet/kurotek/src/main/java/com/example/ui/LoginScreen.kt:112:69 Syntax error: Unexpected tokens (use ';' to separate expressions on the same line).
e: file:///app/applet/kurotek/src/main/java/com/example/ui/LoginScreen.kt:113:25 Unresolved reference 'modifier'.
e: file:///app/applet/kurotek/src/main/java/com/example/ui/LoginScreen.kt:114:21 Syntax error: Expecting an element.
e: file:///app/applet/kurotek/src/main/java/com/example/ui/LoginScreen.kt:121:65 Syntax error: Expecting ')'.
e: file:///app/applet/kurotek/src/main/java/com/example/ui/LoginScreen.kt:121:70 Unresolved reference 'Color'.
e: file:///app/applet/kurotek/src/main/java/com/example/ui/LoginScreen.kt:121:87 Syntax error: Unexpected tokens (use ';' to separate expressions on the same line).
e: file:///app/applet/kurotek/src/main/java/com/example/ui/LoginScreen.kt:122:21 Unresolved reference 'fontSize'.
e: file:///app/applet/kurotek/src/main/java/com/example/ui/LoginScreen.kt:122:37 Syntax error: Unexpected tokens (use ';' to separate expressions on the same line).
e: file:///app/applet/kurotek/src/main/java/com/example/ui/LoginScreen.kt:123:21 Unresolved reference 'fontWeight'.
e: file:///app/applet/kurotek/src/main/java/com/example/ui/LoginScreen.kt:123:49 Syntax error: Unexpected tokens (use ';' to separate expressions on the same line).
e: file:///app/applet/kurotek/src/main/java/com/example/ui/LoginScreen.kt:124:21 Unresolved reference 'textAlign'.
e: file:///app/applet/kurotek/src/main/java/com/example/ui/LoginScreen.kt:124:49 Syntax error: Unexpected tokens (use ';' to separate expressions on the same line).
e: file:///app/applet/kurotek/src/main/java/com/example/ui/LoginScreen.kt:125:21 Unresolved reference 'letterSpacing'.
e: file:///app/applet/kurotek/src/main/java/com/example/ui/LoginScreen.kt:126:17 Syntax error: Expecting an element.
e: file:///app/applet/kurotek/src/main/java/com/example/ui/LoginScreen.kt:139:18 Syntax error: Expecting an argument.
e: file:///app/applet/kurotek/src/main/java/com/example/ui/LoginScreen.kt:160:48 Unresolved reference 'it'.
e: file:///app/applet/kurotek/src/main/java/com/example/ui/LoginScreen.kt:163:35 @Composable invocations can only happen from the context of a @Composable function
e: file:///app/applet/kurotek/src/main/java/com/example/ui/LoginScreen.kt:164:41 @Composable invocations can only happen from the context of a @Composable function
e: file:///app/applet/kurotek/src/main/java/com/example/ui/LoginScreen.kt:171:29 @Composable invocations can only happen from the context of a @Composable function
e: file:///app/applet/kurotek/src/main/java/com/example/ui/LoginScreen.kt:174:40 Unresolved reference 'GlowPurplePink'.
e: file:///app/applet/kurotek/src/main/java/com/example/ui/LoginScreen.kt:174:74 Syntax error: Expecting ')'.
e: file:///app/applet/kurotek/src/main/java/com/example/ui/LoginScreen.kt:174:79 Unresolved reference 'Color'.
e: file:///app/applet/kurotek/src/main/java/com/example/ui/LoginScreen.kt:174:97 Unresolved reference 'copy'.
e: file:///app/applet/kurotek/src/main/java/com/example/ui/LoginScreen.kt:175:29 Syntax error: Expecting an element.
e: file:///app/applet/kurotek/src/main/java/com/example/ui/LoginScreen.kt:177:26 Unresolved reference 'GlowPurplePink'.
e: file:///app/applet/kurotek/src/main/java/com/example/ui/LoginScreen.kt:177:41 Syntax error: Expecting ')'.
e: file:///app/applet/kurotek/src/main/java/com/example/ui/LoginScreen.kt:177:46 Unresolved reference 'Color'.
e: file:///app/applet/kurotek/src/main/java/com/example/ui/LoginScreen.kt:177:63 Syntax error: Unexpected tokens (use ';' to separate expressions on the same line).
e: file:///app/applet/kurotek/src/main/java/com/example/ui/LoginScreen.kt:178:1 Unresolved reference 'modifier'.
e: file:///app/applet/kurotek/src/main/java/com/example/ui/LoginScreen.kt:181:21 Syntax error: Expecting an element.
e: file:///app/applet/kurotek/src/main/java/com/example/ui/LoginScreen.kt:198:43 None of the following candidates is applicable:
constructor(onDone: (KeyboardActionScope.() -> Unit)? = ..., onGo: (KeyboardActionScope.() -> Unit)? = ..., onNext: (KeyboardActionScope.() -> Unit)? = ..., onPrevious: (KeyboardActionScope.() -> Unit)? = ..., onSearch: (KeyboardActionScope.() -> Unit)? = ..., onSend: (KeyboardActionScope.() -> Unit)? = ...): KeyboardActions
fun KeyboardActions(onAny: KeyboardActionScope.() -> Unit): KeyboardActions
e: file:///app/applet/kurotek/src/main/java/com/example/ui/LoginScreen.kt:202:29 @Composable invocations can only happen from the context of a @Composable function
e: file:///app/applet/kurotek/src/main/java/com/example/ui/LoginScreen.kt:206:44 Unresolved reference 'GlowPurplePink'.
e: file:///app/applet/kurotek/src/main/java/com/example/ui/LoginScreen.kt:206:78 Syntax error: Expecting ')'.
e: file:///app/applet/kurotek/src/main/java/com/example/ui/LoginScreen.kt:206:83 Unresolved reference 'Color'.
e: file:///app/applet/kurotek/src/main/java/com/example/ui/LoginScreen.kt:206:101 Unresolved reference 'copy'.
e: file:///app/applet/kurotek/src/main/java/com/example/ui/LoginScreen.kt:207:33 Syntax error: Expecting an element.
e: file:///app/applet/kurotek/src/main/java/com/example/ui/LoginScreen.kt:211:29 @Composable invocations can only happen from the context of a @Composable function
e: file:///app/applet/kurotek/src/main/java/com/example/ui/LoginScreen.kt:214:40 Unresolved reference 'GlowPurplePink'.
e: file:///app/applet/kurotek/src/main/java/com/example/ui/LoginScreen.kt:214:74 Syntax error: Expecting ')'.
e: file:///app/applet/kurotek/src/main/java/com/example/ui/LoginScreen.kt:214:79 Unresolved reference 'Color'.
e: file:///app/applet/kurotek/src/main/java/com/example/ui/LoginScreen.kt:214:97 Unresolved reference 'copy'.
e: file:///app/applet/kurotek/src/main/java/com/example/ui/LoginScreen.kt:215:29 Syntax error: Expecting an element.
e: file:///app/applet/kurotek/src/main/java/com/example/ui/LoginScreen.kt:217:26 Unresolved reference 'GlowPurplePink'.
e: file:///app/applet/kurotek/src/main/java/com/example/ui/LoginScreen.kt:217:41 Syntax error: Expecting ')'.
e: file:///app/applet/kurotek/src/main/java/com/example/ui/LoginScreen.kt:217:46 Unresolved reference 'Color'.
e: file:///app/applet/kurotek/src/main/java/com/example/ui/LoginScreen.kt:252:45 Unresolved reference 'PurplePinkGradient'.
e: file:///app/applet/kurotek/src/main/java/com/example/ui/LoginScreen.kt:268:17 No value passed for parameter 'content'.
e: file:///app/applet/kurotek/src/main/java/com/example/ui/LoginScreen.kt:269:18 Syntax error: Unexpected tokens (use ';' to separate expressions on the same line).
e: file:///app/applet/kurotek/src/main/java/com/example/ui/LoginScreen.kt:270:17 Unresolved reference 'modifier'.
e: file:///app/applet/kurotek/src/main/java/com/example/ui/LoginScreen.kt:271:13 Syntax error: Expecting an element.
e: file:///app/applet/kurotek/src/main/java/com/example/ui/LoginScreen.kt:272:17 @Composable invocations can only happen from the context of a @Composable function
e: file:///app/applet/kurotek/src/main/java/com/example/ui/LoginScreen.kt:282:32 Unresolved reference 'GlowPurplePink'.
e: file:///app/applet/kurotek/src/main/java/com/example/ui/LoginScreen.kt:282:47 Syntax error: Expecting ')'.
e: file:///app/applet/kurotek/src/main/java/com/example/ui/LoginScreen.kt:282:52 Unresolved reference 'Color'.
e: file:///app/applet/kurotek/src/main/java/com/example/ui/LoginScreen.kt:282:69 Syntax error: Unexpected tokens (use ';' to separate expressions on the same line).
e: file:///app/applet/kurotek/src/main/java/com/example/ui/LoginScreen.kt:283:25 Unresolved reference 'modifier'.
e: file:///app/applet/kurotek/src/main/java/com/example/ui/LoginScreen.kt:284:21 Syntax error: Expecting an element.
e: file:///app/applet/kurotek/src/main/java/com/example/ui/LoginScreen.kt:288:33 Unresolved reference 'GlowPurplePink'.
e: file:///app/applet/kurotek/src/main/java/com/example/ui/LoginScreen.kt:288:48 Syntax error: Expecting ')'.
e: file:///app/applet/kurotek/src/main/java/com/example/ui/LoginScreen.kt:288:53 Unresolved reference 'Color'.
e: file:///app/applet/kurotek/src/main/java/com/example/ui/LoginScreen.kt:288:70 Syntax error: Unexpected tokens (use ';' to separate expressions on the same line).
e: file:///app/applet/kurotek/src/main/java/com/example/ui/LoginScreen.kt:289:25 Unresolved reference 'fontSize'.
e: file:///app/applet/kurotek/src/main/java/com/example/ui/LoginScreen.kt:289:41 Syntax error: Unexpected tokens (use ';' to separate expressions on the same line).
e: file:///app/applet/kurotek/src/main/java/com/example/ui/LoginScreen.kt:290:25 Unresolved reference 'fontWeight'.
e: file:///app/applet/kurotek/src/main/java/com/example/ui/LoginScreen.kt:290:53 Syntax error: Unexpected tokens (use ';' to separate expressions on the same line).
e: file:///app/applet/kurotek/src/main/java/com/example/ui/LoginScreen.kt:291:25 Unresolved reference 'textAlign'.
e: file:///app/applet/kurotek/src/main/java/com/example/ui/LoginScreen.kt:292:21 Syntax error: Expecting an element.
e: file:///app/applet/kurotek/src/main/java/com/example/ui/MainDashboardScreen.kt:124:5 Mixing named and positional arguments is not allowed unless the order of the arguments matches the order of the parameters.
e: file:///app/applet/kurotek/src/main/java/com/example/ui/MainDashboardScreen.kt:124:5 Syntax error: Expecting an expression.
e: file:///app/applet/kurotek/src/main/java/com/example/ui/MainDashboardScreen.kt:296:21 No value passed for parameter 'category'.
e: file:///app/applet/kurotek/src/main/java/com/example/ui/MainDashboardScreen.kt:296:21 No value passed for parameter 'code'.
e: file:///app/applet/kurotek/src/main/java/com/example/ui/MainDashboardScreen.kt:297:22 Syntax error: Unexpected tokens (use ';' to separate expressions on the same line).
e: file:///app/applet/kurotek/src/main/java/com/example/ui/MainDashboardScreen.kt:298:21 Unresolved reference 'modifier'.
e: file:///app/applet/kurotek/src/main/java/com/example/ui/MainDashboardScreen.kt:302:17 Syntax error: Expecting an element.
e: file:///app/applet/kurotek/src/main/java/com/example/ui/MainDashboardScreen.kt:303:21 @Composable invocations can only happen from the context of a @Composable function
e: file:///app/applet/kurotek/src/main/java/com/example/ui/MainDashboardScreen.kt:325:33 No value passed for parameter 'category'.
e: file:///app/applet/kurotek/src/main/java/com/example/ui/MainDashboardScreen.kt:325:33 No value passed for parameter 'code'.
e: file:///app/applet/kurotek/src/main/java/com/example/ui/MainDashboardScreen.kt:326:34 Syntax error: Unexpected tokens (use ';' to separate expressions on the same line).
e: file:///app/applet/kurotek/src/main/java/com/example/ui/MainDashboardScreen.kt:328:33 Unresolved reference 'modifier'.
e: file:///app/applet/kurotek/src/main/java/com/example/ui/MainDashboardScreen.kt:335:29 Syntax error: Expecting an element.
e: file:///app/applet/kurotek/src/main/java/com/example/ui/MainDashboardScreen.kt:336:33 @Composable invocations can only happen from the context of a @Composable function
e: file:///app/applet/kurotek/src/main/java/com/example/ui/MainDashboardScreen.kt:375:33 No value passed for parameter 'category'.
e: file:///app/applet/kurotek/src/main/java/com/example/ui/MainDashboardScreen.kt:375:33 No value passed for parameter 'code'.
e: file:///app/applet/kurotek/src/main/java/com/example/ui/MainDashboardScreen.kt:376:34 Syntax error: Unexpected tokens (use ';' to separate expressions on the same line).
e: file:///app/applet/kurotek/src/main/java/com/example/ui/MainDashboardScreen.kt:378:33 Unresolved reference 'modifier'.
e: file:///app/applet/kurotek/src/main/java/com/example/ui/MainDashboardScreen.kt:385:29 Syntax error: Expecting an element.
e: file:///app/applet/kurotek/src/main/java/com/example/ui/MainDashboardScreen.kt:386:33 @Composable invocations can only happen from the context of a @Composable function
e: file:///app/applet/kurotek/src/main/java/com/example/ui/MainDashboardScreen.kt:413:33 No value passed for parameter 'category'.
e: file:///app/applet/kurotek/src/main/java/com/example/ui/MainDashboardScreen.kt:413:33 No value passed for parameter 'code'.
e: file:///app/applet/kurotek/src/main/java/com/example/ui/MainDashboardScreen.kt:414:34 Syntax error: Unexpected tokens (use ';' to separate expressions on the same line).
e: file:///app/applet/kurotek/src/main/java/com/example/ui/MainDashboardScreen.kt:416:33 Unresolved reference 'modifier'.
e: file:///app/applet/kurotek/src/main/java/com/example/ui/MainDashboardScreen.kt:423:29 Syntax error: Expecting an element.
e: file:///app/applet/kurotek/src/main/java/com/example/ui/MainDashboardScreen.kt:424:33 @Composable invocations can only happen from the context of a @Composable function
e: file:///app/applet/kurotek/src/main/java/com/example/ui/MainDashboardScreen.kt:446:33 No value passed for parameter 'category'.
e: file:///app/applet/kurotek/src/main/java/com/example/ui/MainDashboardScreen.kt:446:33 No value passed for parameter 'code'.
e: file:///app/applet/kurotek/src/main/java/com/example/ui/MainDashboardScreen.kt:447:34 Syntax error: Unexpected tokens (use ';' to separate expressions on the same line).
e: file:///app/applet/kurotek/src/main/java/com/example/ui/MainDashboardScreen.kt:449:33 Unresolved reference 'modifier'.
e: file:///app/applet/kurotek/src/main/java/com/example/ui/MainDashboardScreen.kt:456:29 Syntax error: Expecting an element.
e: file:///app/applet/kurotek/src/main/java/com/example/ui/MainDashboardScreen.kt:457:33 @Composable invocations can only happen from the context of a @Composable function
e: file:///app/applet/kurotek/src/main/java/com/example/ui/MainDashboardScreen.kt:486:41 None of the following candidates is applicable:
constructor(width: Dp, brush: Brush): BorderStroke
fun BorderStroke(width: Dp, color: Color): BorderStroke
e: file:///app/applet/kurotek/src/main/java/com/example/ui/MainDashboardScreen.kt:518:33 Unresolved reference 'GlowOrangeGold'.
e: file:///app/applet/kurotek/src/main/java/com/example/ui/MainDashboardScreen.kt:518:48 Syntax error: Expecting ')'.
e: file:///app/applet/kurotek/src/main/java/com/example/ui/MainDashboardScreen.kt:518:53 Unresolved reference 'Color'.
e: file:///app/applet/kurotek/src/main/java/com/example/ui/MainDashboardScreen.kt:518:70 Syntax error: Unexpected tokens (use ';' to separate expressions on the same line).
e: file:///app/applet/kurotek/src/main/java/com/example/ui/MainDashboardScreen.kt:519:25 Unresolved reference 'fontSize'.
e: file:///app/applet/kurotek/src/main/java/com/example/ui/MainDashboardScreen.kt:519:41 Syntax error: Unexpected tokens (use ';' to separate expressions on the same line).
e: file:///app/applet/kurotek/src/main/java/com/example/ui/MainDashboardScreen.kt:520:25 Unresolved reference 'fontWeight'.
e: file:///app/applet/kurotek/src/main/java/com/example/ui/MainDashboardScreen.kt:520:53 Syntax error: Unexpected tokens (use ';' to separate expressions on the same line).
e: file:///app/applet/kurotek/src/main/java/com/example/ui/MainDashboardScreen.kt:521:25 Unresolved reference 'textAlign'.
e: file:///app/applet/kurotek/src/main/java/com/example/ui/MainDashboardScreen.kt:521:52 Syntax error: Unexpected tokens (use ';' to separate expressions on the same line).
e: file:///app/applet/kurotek/src/main/java/com/example/ui/MainDashboardScreen.kt:522:25 Unresolved reference 'modifier'.
e: file:///app/applet/kurotek/src/main/java/com/example/ui/MainDashboardScreen.kt:523:21 Syntax error: Expecting an element.
e: file:///app/applet/kurotek/src/main/java/com/example/ui/MainDashboardScreen.kt:556:69 Unresolved reference 'GlowEmeraldGreen'.
e: file:///app/applet/kurotek/src/main/java/com/example/ui/MainDashboardScreen.kt:573:33 Unresolved reference 'GlowOrangeGold'.
e: file:///app/applet/kurotek/src/main/java/com/example/ui/MainDashboardScreen.kt:573:48 Syntax error: Expecting ')'.
e: file:///app/applet/kurotek/src/main/java/com/example/ui/MainDashboardScreen.kt:573:53 Unresolved reference 'Color'.
e: file:///app/applet/kurotek/src/main/java/com/example/ui/MainDashboardScreen.kt:573:70 Syntax error: Unexpected tokens (use ';' to separate expressions on the same line).
e: file:///app/applet/kurotek/src/main/java/com/example/ui/MainDashboardScreen.kt:574:25 Unresolved reference 'fontSize'.
e: file:///app/applet/kurotek/src/main/java/com/example/ui/MainDashboardScreen.kt:574:41 Syntax error: Unexpected tokens (use ';' to separate expressions on the same line).
e: file:///app/applet/kurotek/src/main/java/com/example/ui/MainDashboardScreen.kt:575:25 Unresolved reference 'fontWeight'.
e: file:///app/applet/kurotek/src/main/java/com/example/ui/MainDashboardScreen.kt:575:53 Syntax error: Unexpected tokens (use ';' to separate expressions on the same line).
e: file:///app/applet/kurotek/src/main/java/com/example/ui/MainDashboardScreen.kt:576:25 Unresolved reference 'textAlign'.
e: file:///app/applet/kurotek/src/main/java/com/example/ui/MainDashboardScreen.kt:576:53 Syntax error: Unexpected tokens (use ';' to separate expressions on the same line).
e: file:///app/applet/kurotek/src/main/java/com/example/ui/MainDashboardScreen.kt:577:25 Unresolved reference 'modifier'.
e: file:///app/applet/kurotek/src/main/java/com/example/ui/MainDashboardScreen.kt:581:21 Syntax error: Expecting an element.
e: file:///app/applet/kurotek/src/main/java/com/example/ui/MainDashboardScreen.kt:590:21 No value passed for parameter 'content'.
e: file:///app/applet/kurotek/src/main/java/com/example/ui/MainDashboardScreen.kt:599:26 Unresolved reference 'GlowEmeraldGreen'.
e: file:///app/applet/kurotek/src/main/java/com/example/ui/MainDashboardScreen.kt:599:43 Syntax error: Expecting ')'.
e: file:///app/applet/kurotek/src/main/java/com/example/ui/MainDashboardScreen.kt:599:48 Unresolved reference 'Color'.
e: file:///app/applet/kurotek/src/main/java/com/example/ui/MainDashboardScreen.kt:599:65 Syntax error: Unexpected tokens (use ';' to separate expressions on the same line).
e: file:///app/applet/kurotek/src/main/java/com/example/ui/MainDashboardScreen.kt:601:25 Unresolved reference 'modifier'.
e: file:///app/applet/kurotek/src/main/java/com/example/ui/MainDashboardScreen.kt:602:21 Syntax error: Expecting an element.
e: file:///app/applet/kurotek/src/main/java/com/example/ui/MainDashboardScreen.kt:603:25 @Composable invocations can only happen from the context of a @Composable function
e: file:///app/applet/kurotek/src/main/java/com/example/ui/MainDashboardScreen.kt:603:144 @Composable invocations can only happen from the context of a @Composable function
e: file:///app/applet/kurotek/src/main/java/com/example/ui/MainDashboardScreen.kt:606:21 No value passed for parameter 'content'.
e: file:///app/applet/kurotek/src/main/java/com/example/ui/MainDashboardScreen.kt:614:26 Unresolved reference 'GlowOrangeGold'.
e: file:///app/applet/kurotek/src/main/java/com/example/ui/MainDashboardScreen.kt:614:41 Syntax error: Expecting ')'.
e: file:///app/applet/kurotek/src/main/java/com/example/ui/MainDashboardScreen.kt:614:46 Unresolved reference 'Color'.
e: file:///app/applet/kurotek/src/main/java/com/example/ui/MainDashboardScreen.kt:614:63 Syntax error: Unexpected tokens (use ';' to separate expressions on the same line).
e: file:///app/applet/kurotek/src/main/java/com/example/ui/MainDashboardScreen.kt:616:25 Unresolved reference 'modifier'.
e: file:///app/applet/kurotek/src/main/java/com/example/ui/MainDashboardScreen.kt:617:21 Syntax error: Expecting an element.
e: file:///app/applet/kurotek/src/main/java/com/example/ui/MainDashboardScreen.kt:618:25 @Composable invocations can only happen from the context of a @Composable function
e: file:///app/applet/kurotek/src/main/java/com/example/ui/MainDashboardScreen.kt:618:120 @Composable invocations can only happen from the context of a @Composable function
e: file:///app/applet/kurotek/src/main/java/com/example/ui/MainDashboardScreen.kt:633:40 None of the following candidates is applicable:
constructor(width: Dp, brush: Brush): BorderStroke
fun BorderStroke(width: Dp, color: Color): BorderStroke
e: file:///app/applet/kurotek/src/main/java/com/example/ui/MainDashboardScreen.kt:735:37 None of the following candidates is applicable:
constructor(width: Dp, brush: Brush): BorderStroke
fun BorderStroke(width: Dp, color: Color): BorderStroke
e: file:///app/applet/kurotek/src/main/java/com/example/ui/MainDashboardScreen.kt:804:21 No value passed for parameter 'category'.
e: file:///app/applet/kurotek/src/main/java/com/example/ui/MainDashboardScreen.kt:804:21 No value passed for parameter 'code'.
e: file:///app/applet/kurotek/src/main/java/com/example/ui/MainDashboardScreen.kt:805:22 Syntax error: Unexpected tokens (use ';' to separate expressions on the same line).
e: file:///app/applet/kurotek/src/main/java/com/example/ui/MainDashboardScreen.kt:807:21 Unresolved reference 'modifier'.
e: file:///app/applet/kurotek/src/main/java/com/example/ui/MainDashboardScreen.kt:815:17 Syntax error: Expecting an element.
e: file:///app/applet/kurotek/src/main/java/com/example/ui/MainDashboardScreen.kt:816:21 @Composable invocations can only happen from the context of a @Composable function
e: file:///app/applet/kurotek/src/main/java/com/example/ui/MainDashboardScreen.kt:827:41 Unresolved reference 'GlowPurplePink'.
e: file:///app/applet/kurotek/src/main/java/com/example/ui/MainDashboardScreen.kt:845:36 Unresolved reference 'GlowPurplePink'.
e: file:///app/applet/kurotek/src/main/java/com/example/ui/MainDashboardScreen.kt:860:17 No value passed for parameter 'category'.
e: file:///app/applet/kurotek/src/main/java/com/example/ui/MainDashboardScreen.kt:860:17 No value passed for parameter 'code'.
e: file:///app/applet/kurotek/src/main/java/com/example/ui/MainDashboardScreen.kt:861:18 Syntax error: Unexpected tokens (use ';' to separate expressions on the same line).
e: file:///app/applet/kurotek/src/main/java/com/example/ui/MainDashboardScreen.kt:862:1 Unresolved reference 'modifier'.
e: file:///app/applet/kurotek/src/main/java/com/example/ui/MainDashboardScreen.kt:866:13 Syntax error: Expecting an element.
e: file:///app/applet/kurotek/src/main/java/com/example/ui/MainDashboardScreen.kt:867:17 @Composable invocations can only happen from the context of a @Composable function
e: file:///app/applet/kurotek/src/main/java/com/example/ui/MainDashboardScreen.kt:986:26 Syntax error: Expecting an argument.
e: file:///app/applet/kurotek/src/main/java/com/example/ui/MainDashboardScreen.kt:997:93 Unresolved reference 'GoldPrimary'.
e: file:///app/applet/kurotek/src/main/java/com/example/ui/MainDashboardScreen.kt:1004:26 Syntax error: Expecting an argument.
e: file:///app/applet/kurotek/src/main/java/com/example/ui/MainDashboardScreen.kt:1015:94 Unresolved reference 'GoldPrimary'.
e: file:///app/applet/kurotek/src/main/java/com/example/ui/MainDashboardScreen.kt:1022:26 Syntax error: Expecting an argument.
e: file:///app/applet/kurotek/src/main/java/com/example/ui/MainDashboardScreen.kt:1033:90 Unresolved reference 'GoldPrimary'.
e: file:///app/applet/kurotek/src/main/java/com/example/ui/MainDashboardScreen.kt:1046:26 Syntax error: Expecting an argument.
e: file:///app/applet/kurotek/src/main/java/com/example/ui/MainDashboardScreen.kt:1057:93 Unresolved reference 'GoldPrimary'.
e: file:///app/applet/kurotek/src/main/java/com/example/ui/MainDashboardScreen.kt:1064:26 Syntax error: Expecting an argument.
e: file:///app/applet/kurotek/src/main/java/com/example/ui/MainDashboardScreen.kt:1075:88 Unresolved reference 'GoldPrimary'.
e: file:///app/applet/kurotek/src/main/java/com/example/ui/MainDashboardScreen.kt:1082:26 Syntax error: Expecting an argument.
e: file:///app/applet/kurotek/src/main/java/com/example/ui/MainDashboardScreen.kt:1093:104 Unresolved reference 'GoldPrimary'.
e: file:///app/applet/kurotek/src/main/java/com/example/ui/MainDashboardScreen.kt:1134:25 Cannot infer type for this parameter. Specify it explicitly.
e: file:///app/applet/kurotek/src/main/java/com/example/ui/MainDashboardScreen.kt:1134:25 Not enough information to infer type argument for 'T'.
e: file:///app/applet/kurotek/src/main/java/com/example/ui/MainDashboardScreen.kt:1135:29 Cannot infer type for this parameter. Specify it explicitly.
e: file:///app/applet/kurotek/src/main/java/com/example/ui/MainDashboardScreen.kt:1135:29 Not enough information to infer type argument for 'C'.
e: file:///app/applet/kurotek/src/main/java/com/example/ui/MainDashboardScreen.kt:1135:51 Unresolved reference 'Category100Cardboard'.
e: file:///app/applet/kurotek/src/main/java/com/example/ui/MainDashboardScreen.kt:1136:29 Cannot infer type for this parameter. Specify it explicitly.
e: file:///app/applet/kurotek/src/main/java/com/example/ui/MainDashboardScreen.kt:1136:29 Not enough information to infer type argument for 'C'.
e: file:///app/applet/kurotek/src/main/java/com/example/ui/MainDashboardScreen.kt:1136:51 Unresolved reference 'Category200Blue'.
e: file:///app/applet/kurotek/src/main/java/com/example/ui/MainDashboardScreen.kt:1137:29 Cannot infer type for this parameter. Specify it explicitly.
e: file:///app/applet/kurotek/src/main/java/com/example/ui/MainDashboardScreen.kt:1137:29 Not enough information to infer type argument for 'C'.
e: file:///app/applet/kurotek/src/main/java/com/example/ui/MainDashboardScreen.kt:1137:51 Unresolved reference 'Category250Purple'.
e: file:///app/applet/kurotek/src/main/java/com/example/ui/MainDashboardScreen.kt:1138:27 Cannot infer type for this parameter. Specify it explicitly.
e: file:///app/applet/kurotek/src/main/java/com/example/ui/MainDashboardScreen.kt:1138:27 Not enough information to infer type argument for 'T'.
e: file:///app/applet/kurotek/src/main/java/com/example/ui/MainDashboardScreen.kt:1138:37 Cannot infer type for this parameter. Specify it explicitly.
e: file:///app/applet/kurotek/src/main/java/com/example/ui/MainDashboardScreen.kt:1138:37 Function 'component1()' is ambiguous for this expression: 
fun <T> Array<out T>.component1(): T
fun ByteArray.component1(): Byte
fun ShortArray.component1(): Short
fun IntArray.component1(): Int
fun LongArray.component1(): Long
fun FloatArray.component1(): Float
fun DoubleArray.component1(): Double
fun BooleanArray.component1(): Boolean
fun CharArray.component1(): Char
fun <T> List<T>.component1(): T
fun <K, V> Map.Entry<K, V>.component1(): K
fun UIntArray.component1(): UInt
fun ULongArray.component1(): ULong
fun UByteArray.component1(): UByte
fun UShortArray.component1(): UShort.
e: file:///app/applet/kurotek/src/main/java/com/example/ui/MainDashboardScreen.kt:1138:37 Function 'component2()' is ambiguous for this expression: 
fun <T> Array<out T>.component2(): T
fun ByteArray.component2(): Byte
fun ShortArray.component2(): Short
fun IntArray.component2(): Int
fun LongArray.component2(): Long
fun FloatArray.component2(): Float
fun DoubleArray.component2(): Double
fun BooleanArray.component2(): Boolean
fun CharArray.component2(): Char
fun <T> List<T>.component2(): T
fun <K, V> Map.Entry<K, V>.component2(): V
fun UIntArray.component2(): UInt
fun ULongArray.component2(): ULong
fun UByteArray.component2(): UByte
fun UShortArray.component2(): UShort.
e: file:///app/applet/kurotek/src/main/java/com/example/ui/MainDashboardScreen.kt:1138:37 Function 'component3()' is ambiguous for this expression: 
fun <T> Array<out T>.component3(): T
fun ByteArray.component3(): Byte
fun ShortArray.component3(): Short
fun IntArray.component3(): Int
fun LongArray.component3(): Long
fun FloatArray.component3(): Float
fun DoubleArray.component3(): Double
fun BooleanArray.component3(): Boolean
fun CharArray.component3(): Char
fun <T> List<T>.component3(): T
fun UIntArray.component3(): UInt
fun ULongArray.component3(): ULong
fun UByteArray.component3(): UByte
fun UShortArray.component3(): UShort.
e: file:///app/applet/kurotek/src/main/java/com/example/ui/MainDashboardScreen.kt:1139:29 No value passed for parameter 'category'.
e: file:///app/applet/kurotek/src/main/java/com/example/ui/MainDashboardScreen.kt:1139:29 No value passed for parameter 'code'.
e: file:///app/applet/kurotek/src/main/java/com/example/ui/MainDashboardScreen.kt:1141:40 Unresolved reference 'copy'.
e: file:///app/applet/kurotek/src/main/java/com/example/ui/MainDashboardScreen.kt:1141:60 Syntax error: Expecting ')'.
e: file:///app/applet/kurotek/src/main/java/com/example/ui/MainDashboardScreen.kt:1141:65 Unresolved reference 'color'.
e: file:///app/applet/kurotek/src/main/java/com/example/ui/MainDashboardScreen.kt:1141:70 Syntax error: Expecting an element.
e: file:///app/applet/kurotek/src/main/java/com/example/ui/MainDashboardScreen.kt:1141:76 Unresolved reference 'alpha'.
e: file:///app/applet/kurotek/src/main/java/com/example/ui/MainDashboardScreen.kt:1141:76 Only expressions are allowed in this context.
e: file:///app/applet/kurotek/src/main/java/com/example/ui/MainDashboardScreen.kt:1141:90 Syntax error: Unexpected tokens (use ';' to separate expressions on the same line).
e: file:///app/applet/kurotek/src/main/java/com/example/ui/MainDashboardScreen.kt:1143:33 Unresolved reference 'modifier'.
e: file:///app/applet/kurotek/src/main/java/com/example/ui/MainDashboardScreen.kt:1147:29 Syntax error: Expecting an element.
e: file:///app/applet/kurotek/src/main/java/com/example/ui/MainDashboardScreen.kt:1148:33 @Composable invocations can only happen from the context of a @Composable function
e: file:///app/applet/kurotek/src/main/java/com/example/ui/MainDashboardScreen.kt:1156:63 Unresolved reference 'copy'.
e: file:///app/applet/kurotek/src/main/java/com/example/ui/MainDashboardScreen.kt:1189:51 Unresolved reference 'Category300Green'.
e: file:///app/applet/kurotek/src/main/java/com/example/ui/MainDashboardScreen.kt:1190:51 Unresolved reference 'Category500Turmeric'.
e: file:///app/applet/kurotek/src/main/java/com/example/ui/MainDashboardScreen.kt:1194:29 No value passed for parameter 'category'.
e: file:///app/applet/kurotek/src/main/java/com/example/ui/MainDashboardScreen.kt:1194:29 No value passed for parameter 'code'.
e: file:///app/applet/kurotek/src/main/java/com/example/ui/MainDashboardScreen.kt:1196:34 Argument type mismatch: actual type is 'Color', but 'Int' was expected.
e: file:///app/applet/kurotek/src/main/java/com/example/ui/MainDashboardScreen.kt:1196:60 Syntax error: Expecting ')'.
e: file:///app/applet/kurotek/src/main/java/com/example/ui/MainDashboardScreen.kt:1196:65 Unresolved reference 'color'.
e: file:///app/applet/kurotek/src/main/java/com/example/ui/MainDashboardScreen.kt:1196:70 Syntax error: Expecting an element.
e: file:///app/applet/kurotek/src/main/java/com/example/ui/MainDashboardScreen.kt:1196:76 Unresolved reference 'alpha'.
e: file:///app/applet/kurotek/src/main/java/com/example/ui/MainDashboardScreen.kt:1196:76 Only expressions are allowed in this context.
e: file:///app/applet/kurotek/src/main/java/com/example/ui/MainDashboardScreen.kt:1196:90 Syntax error: Unexpected tokens (use ';' to separate expressions on the same line).
e: file:///app/applet/kurotek/src/main/java/com/example/ui/MainDashboardScreen.kt:1198:33 Unresolved reference 'modifier'.
e: file:///app/applet/kurotek/src/main/java/com/example/ui/MainDashboardScreen.kt:1202:29 Syntax error: Expecting an element.
e: file:///app/applet/kurotek/src/main/java/com/example/ui/MainDashboardScreen.kt:1203:33 @Composable invocations can only happen from the context of a @Composable function
e: file:///app/applet/kurotek/src/main/java/com/example/ui/MainDashboardScreen.kt:1267:21 No value passed for parameter 'category'.
e: file:///app/applet/kurotek/src/main/java/com/example/ui/MainDashboardScreen.kt:1267:21 No value passed for parameter 'code'.
e: file:///app/applet/kurotek/src/main/java/com/example/ui/MainDashboardScreen.kt:1268:22 Syntax error: Unexpected tokens (use ';' to separate expressions on the same line).
e: file:///app/applet/kurotek/src/main/java/com/example/ui/MainDashboardScreen.kt:1269:21 Unresolved reference 'modifier'.
e: file:///app/applet/kurotek/src/main/java/com/example/ui/MainDashboardScreen.kt:1270:17 Syntax error: Expecting an element.
e: file:///app/applet/kurotek/src/main/java/com/example/ui/MainDashboardScreen.kt:1271:21 @Composable invocations can only happen from the context of a @Composable function
e: file:///app/applet/kurotek/src/main/java/com/example/ui/MainDashboardScreen.kt:1289:22 Syntax error: Expecting an argument.
e: file:///app/applet/kurotek/src/main/java/com/example/ui/MainDashboardScreen.kt:1440:13 No value passed for parameter 'category'.
e: file:///app/applet/kurotek/src/main/java/com/example/ui/MainDashboardScreen.kt:1440:13 No value passed for parameter 'code'.
e: file:///app/applet/kurotek/src/main/java/com/example/ui/MainDashboardScreen.kt:1442:18 Argument type mismatch: actual type is 'Color', but 'Int' was expected.
e: file:///app/applet/kurotek/src/main/java/com/example/ui/MainDashboardScreen.kt:1442:36 Syntax error: Expecting ')'.
e: file:///app/applet/kurotek/src/main/java/com/example/ui/MainDashboardScreen.kt:1442:41 Unresolved reference 'Color'.
e: file:///app/applet/kurotek/src/main/java/com/example/ui/MainDashboardScreen.kt:1442:58 Syntax error: Unexpected tokens (use ';' to separate expressions on the same line).
e: file:///app/applet/kurotek/src/main/java/com/example/ui/MainDashboardScreen.kt:1445:17 Unresolved reference 'modifier'.
e: file:///app/applet/kurotek/src/main/java/com/example/ui/MainDashboardScreen.kt:1446:13 Syntax error: Expecting an element.
e: file:///app/applet/kurotek/src/main/java/com/example/ui/MainDashboardScreen.kt:1447:17 @Composable invocations can only happen from the context of a @Composable function
e: file:///app/applet/kurotek/src/main/java/com/example/ui/MainDashboardScreen.kt:1458:86 Syntax error: Expecting ')'.
e: file:///app/applet/kurotek/src/main/java/com/example/ui/MainDashboardScreen.kt:1458:91 Unresolved reference 'Color'.
e: file:///app/applet/kurotek/src/main/java/com/example/ui/MainDashboardScreen.kt:1458:96 Syntax error: Expecting an element.
e: file:///app/applet/kurotek/src/main/java/com/example/ui/MainDashboardScreen.kt:1458:102 Syntax error: Expecting an element.
e: file:///app/applet/kurotek/src/main/java/com/example/ui/MainDashboardScreen.kt:1459:29 No parameter with name 'checkedTrackColor' found.
e: file:///app/applet/kurotek/src/main/java/com/example/ui/MainDashboardScreen.kt:1460:29 No parameter with name 'uncheckedThumbColor' found.
e: file:///app/applet/kurotek/src/main/java/com/example/ui/MainDashboardScreen.kt:1461:29 No parameter with name 'uncheckedTrackColor' found.
e: file:///app/applet/kurotek/src/main/java/com/example/ui/MainDashboardScreen.kt:1506:33 Unresolved reference 'EmeraldGreenGradient'.
e: file:///app/applet/kurotek/src/main/java/com/example/ui/MainDashboardScreen.kt:1537:17 No value passed for parameter 'category'.
e: file:///app/applet/kurotek/src/main/java/com/example/ui/MainDashboardScreen.kt:1537:17 No value passed for parameter 'code'.
e: file:///app/applet/kurotek/src/main/java/com/example/ui/MainDashboardScreen.kt:1539:22 Argument type mismatch: actual type is 'Color', but 'Int' was expected.
e: file:///app/applet/kurotek/src/main/java/com/example/ui/MainDashboardScreen.kt:1539:40 Syntax error: Expecting ')'.
e: file:///app/applet/kurotek/src/main/java/com/example/ui/MainDashboardScreen.kt:1539:45 Unresolved reference 'Color'.
e: file:///app/applet/kurotek/src/main/java/com/example/ui/MainDashboardScreen.kt:1539:62 Syntax error: Unexpected tokens (use ';' to separate expressions on the same line).
e: file:///app/applet/kurotek/src/main/java/com/example/ui/MainDashboardScreen.kt:1542:21 Unresolved reference 'modifier'.
e: file:///app/applet/kurotek/src/main/java/com/example/ui/MainDashboardScreen.kt:1543:17 Syntax error: Expecting an element.
e: file:///app/applet/kurotek/src/main/java/com/example/ui/MainDashboardScreen.kt:1544:21 @Composable invocations can only happen from the context of a @Composable function
e: file:///app/applet/kurotek/src/main/java/com/example/ui/MainDashboardScreen.kt:1567:48 Unresolved reference 'Category100Cardboard'.
e: file:///app/applet/kurotek/src/main/java/com/example/ui/MainDashboardScreen.kt:1568:48 Unresolved reference 'Category200Blue'.
e: file:///app/applet/kurotek/src/main/java/com/example/ui/MainDashboardScreen.kt:1569:48 Unresolved reference 'Category250Purple'.
e: file:///app/applet/kurotek/src/main/java/com/example/ui/MainDashboardScreen.kt:1570:48 Unresolved reference 'Category300Green'.
e: file:///app/applet/kurotek/src/main/java/com/example/ui/MainDashboardScreen.kt:1571:48 Unresolved reference 'Category500Turmeric'.
e: file:///app/applet/kurotek/src/main/java/com/example/ui/MainDashboardScreen.kt:1572:49 Unresolved reference 'GoldPrimary'.
e: file:///app/applet/kurotek/src/main/java/com/example/ui/MainDashboardScreen.kt:1579:62 Unresolved reference 'copy'.
e: file:///app/applet/kurotek/src/main/java/com/example/ui/MainDashboardScreen.kt:1586:118 Unresolved reference 'copy'.
e: file:///app/applet/kurotek/src/main/java/com/example/ui/MainDashboardScreen.kt:1620:38 None of the following candidates is applicable:
fun Modifier.border(border: BorderStroke, shape: Shape = ...): Modifier
fun Modifier.border(width: Dp, brush: Brush, shape: Shape): Modifier
fun Modifier.border(width: Dp, color: Color, shape: Shape = ...): Modifier
e: file:///app/applet/kurotek/src/main/java/com/example/ui/MainDashboardScreen.kt:1629:33 @Composable invocations can only happen from the context of a @Composable function
e: file:///app/applet/kurotek/src/main/java/com/example/ui/MainDashboardScreen.kt:1632:41 Unresolved reference 'GlowEmeraldGreen'.
e: file:///app/applet/kurotek/src/main/java/com/example/ui/MainDashboardScreen.kt:1632:58 Syntax error: Unexpected tokens (use ';' to separate expressions on the same line).
e: file:///app/applet/kurotek/src/main/java/com/example/ui/MainDashboardScreen.kt:1634:55 @Composable invocations can only happen from the context of a @Composable function
e: file:///app/applet/kurotek/src/main/java/com/example/ui/MainDashboardScreen.kt:1641:29 Unresolved reference 'Box'.
e: file:///app/applet/kurotek/src/main/java/com/example/ui/MainDashboardScreen.kt:1642:33 Unresolved reference 'modifier'.
e: file:///app/applet/kurotek/src/main/java/com/example/ui/MainDashboardScreen.kt:1642:33 Only expressions are allowed in this context.
e: file:///app/applet/kurotek/src/main/java/com/example/ui/MainDashboardScreen.kt:1654:38 None of the following candidates is applicable:
fun Modifier.border(border: BorderStroke, shape: Shape = ...): Modifier
fun Modifier.border(width: Dp, brush: Brush, shape: Shape): Modifier
fun Modifier.border(width: Dp, color: Color, shape: Shape = ...): Modifier
e: file:///app/applet/kurotek/src/main/java/com/example/ui/MainDashboardScreen.kt:1663:33 @Composable invocations can only happen from the context of a @Composable function
e: file:///app/applet/kurotek/src/main/java/com/example/ui/MainDashboardScreen.kt:1666:41 Unresolved reference 'GlowEmeraldGreen'.
e: file:///app/applet/kurotek/src/main/java/com/example/ui/MainDashboardScreen.kt:1666:58 Syntax error: Unexpected tokens (use ';' to separate expressions on the same line).
e: file:///app/applet/kurotek/src/main/java/com/example/ui/MainDashboardScreen.kt:1668:55 @Composable invocations can only happen from the context of a @Composable function
e: file:///app/applet/kurotek/src/main/java/com/example/ui/MainDashboardScreen.kt:1673:30 Syntax error: Expecting ')'.
e: file:///app/applet/kurotek/src/main/java/com/example/ui/MainDashboardScreen.kt:1678:29 None of the following candidates is applicable:
fun OutlinedTextField(value: TextFieldValue, onValueChange: (TextFieldValue) -> Unit, modifier: Modifier = ..., enabled: Boolean = ..., readOnly: Boolean = ..., textStyle: TextStyle = ..., label: @Composable() ComposableFunction0<Unit>? = ..., placeholder: @Composable() ComposableFunction0<Unit>? = ..., leadingIcon: @Composable() ComposableFunction0<Unit>? = ..., trailingIcon: @Composable() ComposableFunction0<Unit>? = ..., prefix: @Composable() ComposableFunction0<Unit>? = ..., suffix: @Composable() ComposableFunction0<Unit>? = ..., supportingText: @Composable() ComposableFunction0<Unit>? = ..., isError: Boolean = ..., visualTransformation: VisualTransformation = ..., keyboardOptions: KeyboardOptions = ..., keyboardActions: KeyboardActions = ..., singleLine: Boolean = ..., maxLines: Int = ..., minLines: Int = ..., interactionSource: MutableInteractionSource? = ..., shape: Shape = ..., colors: TextFieldColors = ...): Unit
fun OutlinedTextField(value: String, onValueChange: (String) -> Unit, modifier: Modifier = ..., enabled: Boolean = ..., readOnly: Boolean = ..., textStyle: TextStyle = ..., label: @Composable() ComposableFunction0<Unit>? = ..., placeholder: @Composable() ComposableFunction0<Unit>? = ..., leadingIcon: @Composable() ComposableFunction0<Unit>? = ..., trailingIcon: @Composable() ComposableFunction0<Unit>? = ..., prefix: @Composable() ComposableFunction0<Unit>? = ..., suffix: @Composable() ComposableFunction0<Unit>? = ..., supportingText: @Composable() ComposableFunction0<Unit>? = ..., isError: Boolean = ..., visualTransformation: VisualTransformation = ..., keyboardOptions: KeyboardOptions = ..., keyboardActions: KeyboardActions = ..., singleLine: Boolean = ..., maxLines: Int = ..., minLines: Int = ..., interactionSource: MutableInteractionSource? = ..., shape: Shape = ..., colors: TextFieldColors = ...): Unit
e: file:///app/applet/kurotek/src/main/java/com/example/ui/MainDashboardScreen.kt:1680:67 Unresolved reference 'it'.
e: file:///app/applet/kurotek/src/main/java/com/example/ui/MainDashboardScreen.kt:1681:43 @Composable invocations can only happen from the context of a @Composable function
e: file:///app/applet/kurotek/src/main/java/com/example/ui/MainDashboardScreen.kt:1682:49 @Composable invocations can only happen from the context of a @Composable function
e: file:///app/applet/kurotek/src/main/java/com/example/ui/MainDashboardScreen.kt:1688:34 Syntax error: Unexpected tokens (use ';' to separate expressions on the same line).
e: file:///app/applet/kurotek/src/main/java/com/example/ui/MainDashboardScreen.kt:1691:33 None of the following candidates is applicable:
fun OutlinedTextField(value: TextFieldValue, onValueChange: (TextFieldValue) -> Unit, modifier: Modifier = ..., enabled: Boolean = ..., readOnly: Boolean = ..., textStyle: TextStyle = ..., label: @Composable() ComposableFunction0<Unit>? = ..., placeholder: @Composable() ComposableFunction0<Unit>? = ..., leadingIcon: @Composable() ComposableFunction0<Unit>? = ..., trailingIcon: @Composable() ComposableFunction0<Unit>? = ..., prefix: @Composable() ComposableFunction0<Unit>? = ..., suffix: @Composable() ComposableFunction0<Unit>? = ..., supportingText: @Composable() ComposableFunction0<Unit>? = ..., isError: Boolean = ..., visualTransformation: VisualTransformation = ..., keyboardOptions: KeyboardOptions = ..., keyboardActions: KeyboardActions = ..., singleLine: Boolean = ..., maxLines: Int = ..., minLines: Int = ..., interactionSource: MutableInteractionSource? = ..., shape: Shape = ..., colors: TextFieldColors = ...): Unit
fun OutlinedTextField(value: String, onValueChange: (String) -> Unit, modifier: Modifier = ..., enabled: Boolean = ..., readOnly: Boolean = ..., textStyle: TextStyle = ..., label: @Composable() ComposableFunction0<Unit>? = ..., placeholder: @Composable() ComposableFunction0<Unit>? = ..., leadingIcon: @Composable() ComposableFunction0<Unit>? = ..., trailingIcon: @Composable() ComposableFunction0<Unit>? = ..., prefix: @Composable() ComposableFunction0<Unit>? = ..., suffix: @Composable() ComposableFunction0<Unit>? = ..., supportingText: @Composable() ComposableFunction0<Unit>? = ..., isError: Boolean = ..., visualTransformation: VisualTransformation = ..., keyboardOptions: KeyboardOptions = ..., keyboardActions: KeyboardActions = ..., singleLine: Boolean = ..., maxLines: Int = ..., minLines: Int = ..., interactionSource: MutableInteractionSource? = ..., shape: Shape = ..., colors: TextFieldColors = ...): Unit
e: file:///app/applet/kurotek/src/main/java/com/example/ui/MainDashboardScreen.kt:1693:72 Unresolved reference 'it'.
e: file:///app/applet/kurotek/src/main/java/com/example/ui/MainDashboardScreen.kt:1694:47 @Composable invocations can only happen from the context of a @Composable function
e: file:///app/applet/kurotek/src/main/java/com/example/ui/MainDashboardScreen.kt:1695:53 @Composable invocations can only happen from the context of a @Composable function
e: file:///app/applet/kurotek/src/main/java/com/example/ui/MainDashboardScreen.kt:1699:38 Unresolved reference 'GlowEmeraldGreen'.
e: file:///app/applet/kurotek/src/main/java/com/example/ui/MainDashboardScreen.kt:1699:55 Syntax error: Expecting ')'.
e: file:///app/applet/kurotek/src/main/java/com/example/ui/MainDashboardScreen.kt:1699:60 Unresolved reference 'Color'.
e: file:///app/applet/kurotek/src/main/java/com/example/ui/MainDashboardScreen.kt:1700:1 Syntax error: Expecting an element.
e: file:///app/applet/kurotek/src/main/java/com/example/ui/MainDashboardScreen.kt:1700:2 Syntax error: Unexpected tokens (use ';' to separate expressions on the same line).
e: file:///app/applet/kurotek/src/main/java/com/example/ui/MainDashboardScreen.kt:1702:33 None of the following candidates is applicable:
fun OutlinedTextField(value: TextFieldValue, onValueChange: (TextFieldValue) -> Unit, modifier: Modifier = ..., enabled: Boolean = ..., readOnly: Boolean = ..., textStyle: TextStyle = ..., label: @Composable() ComposableFunction0<Unit>? = ..., placeholder: @Composable() ComposableFunction0<Unit>? = ..., leadingIcon: @Composable() ComposableFunction0<Unit>? = ..., trailingIcon: @Composable() ComposableFunction0<Unit>? = ..., prefix: @Composable() ComposableFunction0<Unit>? = ..., suffix: @Composable() ComposableFunction0<Unit>? = ..., supportingText: @Composable() ComposableFunction0<Unit>? = ..., isError: Boolean = ..., visualTransformation: VisualTransformation = ..., keyboardOptions: KeyboardOptions = ..., keyboardActions: KeyboardActions = ..., singleLine: Boolean = ..., maxLines: Int = ..., minLines: Int = ..., interactionSource: MutableInteractionSource? = ..., shape: Shape = ..., colors: TextFieldColors = ...): Unit
fun OutlinedTextField(value: String, onValueChange: (String) -> Unit, modifier: Modifier = ..., enabled: Boolean = ..., readOnly: Boolean = ..., textStyle: TextStyle = ..., label: @Composable() ComposableFunction0<Unit>? = ..., placeholder: @Composable() ComposableFunction0<Unit>? = ..., leadingIcon: @Composable() ComposableFunction0<Unit>? = ..., trailingIcon: @Composable() ComposableFunction0<Unit>? = ..., prefix: @Composable() ComposableFunction0<Unit>? = ..., suffix: @Composable() ComposableFunction0<Unit>? = ..., supportingText: @Composable() ComposableFunction0<Unit>? = ..., isError: Boolean = ..., visualTransformation: VisualTransformation = ..., keyboardOptions: KeyboardOptions = ..., keyboardActions: KeyboardActions = ..., singleLine: Boolean = ..., maxLines: Int = ..., minLines: Int = ..., interactionSource: MutableInteractionSource? = ..., shape: Shape = ..., colors: TextFieldColors = ...): Unit
e: file:///app/applet/kurotek/src/main/java/com/example/ui/MainDashboardScreen.kt:1704:76 Unresolved reference 'it'.
e: file:///app/applet/kurotek/src/main/java/com/example/ui/MainDashboardScreen.kt:1705:47 @Composable invocations can only happen from the context of a @Composable function
e: file:///app/applet/kurotek/src/main/java/com/example/ui/MainDashboardScreen.kt:1706:53 @Composable invocations can only happen from the context of a @Composable function
e: file:///app/applet/kurotek/src/main/java/com/example/ui/MainDashboardScreen.kt:1710:38 Unresolved reference 'GlowEmeraldGreen'.
e: file:///app/applet/kurotek/src/main/java/com/example/ui/MainDashboardScreen.kt:1710:55 Syntax error: Expecting ')'.
e: file:///app/applet/kurotek/src/main/java/com/example/ui/MainDashboardScreen.kt:1710:60 Unresolved reference 'Color'.
e: file:///app/applet/kurotek/src/main/java/com/example/ui/MainDashboardScreen.kt:1711:1 Syntax error: Expecting an element.
e: file:///app/applet/kurotek/src/main/java/com/example/ui/MainDashboardScreen.kt:1711:2 Syntax error: Unexpected tokens (use ';' to separate expressions on the same line).
e: file:///app/applet/kurotek/src/main/java/com/example/ui/MainDashboardScreen.kt:1713:33 None of the following candidates is applicable:
fun OutlinedTextField(value: TextFieldValue, onValueChange: (TextFieldValue) -> Unit, modifier: Modifier = ..., enabled: Boolean = ..., readOnly: Boolean = ..., textStyle: TextStyle = ..., label: @Composable() ComposableFunction0<Unit>? = ..., placeholder: @Composable() ComposableFunction0<Unit>? = ..., leadingIcon: @Composable() ComposableFunction0<Unit>? = ..., trailingIcon: @Composable() ComposableFunction0<Unit>? = ..., prefix: @Composable() ComposableFunction0<Unit>? = ..., suffix: @Composable() ComposableFunction0<Unit>? = ..., supportingText: @Composable() ComposableFunction0<Unit>? = ..., isError: Boolean = ..., visualTransformation: VisualTransformation = ..., keyboardOptions: KeyboardOptions = ..., keyboardActions: KeyboardActions = ..., singleLine: Boolean = ..., maxLines: Int = ..., minLines: Int = ..., interactionSource: MutableInteractionSource? = ..., shape: Shape = ..., colors: TextFieldColors = ...): Unit
fun OutlinedTextField(value: String, onValueChange: (String) -> Unit, modifier: Modifier = ..., enabled: Boolean = ..., readOnly: Boolean = ..., textStyle: TextStyle = ..., label: @Composable() ComposableFunction0<Unit>? = ..., placeholder: @Composable() ComposableFunction0<Unit>? = ..., leadingIcon: @Composable() ComposableFunction0<Unit>? = ..., trailingIcon: @Composable() ComposableFunction0<Unit>? = ..., prefix: @Composable() ComposableFunction0<Unit>? = ..., suffix: @Composable() ComposableFunction0<Unit>? = ..., supportingText: @Composable() ComposableFunction0<Unit>? = ..., isError: Boolean = ..., visualTransformation: VisualTransformation = ..., keyboardOptions: KeyboardOptions = ..., keyboardActions: KeyboardActions = ..., singleLine: Boolean = ..., maxLines: Int = ..., minLines: Int = ..., interactionSource: MutableInteractionSource? = ..., shape: Shape = ..., colors: TextFieldColors = ...): Unit
e: file:///app/applet/kurotek/src/main/java/com/example/ui/MainDashboardScreen.kt:1715:76 Unresolved reference 'it'.
e: file:///app/applet/kurotek/src/main/java/com/example/ui/MainDashboardScreen.kt:1716:47 @Composable invocations can only happen from the context of a @Composable function
e: file:///app/applet/kurotek/src/main/java/com/example/ui/MainDashboardScreen.kt:1717:53 @Composable invocations can only happen from the context of a @Composable function
e: file:///app/applet/kurotek/src/main/java/com/example/ui/MainDashboardScreen.kt:1721:38 Unresolved reference 'GlowEmeraldGreen'.
e: file:///app/applet/kurotek/src/main/java/com/example/ui/MainDashboardScreen.kt:1721:55 Syntax error: Expecting ')'.
e: file:///app/applet/kurotek/src/main/java/com/example/ui/MainDashboardScreen.kt:1721:60 Unresolved reference 'Color'.
e: file:///app/applet/kurotek/src/main/java/com/example/ui/MainDashboardScreen.kt:1722:1 Syntax error: Expecting an element.
e: file:///app/applet/kurotek/src/main/java/com/example/ui/MainDashboardScreen.kt:1722:2 Syntax error: Unexpected tokens (use ';' to separate expressions on the same line).
e: file:///app/applet/kurotek/src/main/java/com/example/ui/MainDashboardScreen.kt:1730:62 Unresolved reference 'StatusGreen'.
e: file:///app/applet/kurotek/src/main/java/com/example/ui/MainDashboardScreen.kt:1803:49 Unresolved reference 'PrimaryRedGradient'.
e: file:///app/applet/kurotek/src/main/java/com/example/ui/MainDashboardScreen.kt:1840:32 Unresolved reference 'Category100Cardboard'.
e: file:///app/applet/kurotek/src/main/java/com/example/ui/MainDashboardScreen.kt:1841:32 Unresolved reference 'Category200Blue'.
e: file:///app/applet/kurotek/src/main/java/com/example/ui/MainDashboardScreen.kt:1842:32 Unresolved reference 'Category250Purple'.
e: file:///app/applet/kurotek/src/main/java/com/example/ui/MainDashboardScreen.kt:1843:32 Unresolved reference 'Category300Green'.
e: file:///app/applet/kurotek/src/main/java/com/example/ui/MainDashboardScreen.kt:1844:32 Unresolved reference 'Category500Turmeric'.
e: file:///app/applet/kurotek/src/main/java/com/example/ui/MainDashboardScreen.kt:1845:33 Unresolved reference 'GoldPrimary'.
e: file:///app/applet/kurotek/src/main/java/com/example/ui/MainDashboardScreen.kt:1854:46 Unresolved reference 'copy'.
e: file:///app/applet/kurotek/src/main/java/com/example/ui/MainDashboardScreen.kt:1884:21 No value passed for parameter 'category'.
e: file:///app/applet/kurotek/src/main/java/com/example/ui/MainDashboardScreen.kt:1884:21 No value passed for parameter 'code'.
e: file:///app/applet/kurotek/src/main/java/com/example/ui/MainDashboardScreen.kt:1885:22 Syntax error: Unexpected tokens (use ';' to separate expressions on the same line).
e: file:///app/applet/kurotek/src/main/java/com/example/ui/MainDashboardScreen.kt:1887:59 Syntax error: Unexpected tokens (use ';' to separate expressions on the same line).
e: file:///app/applet/kurotek/src/main/java/com/example/ui/MainDashboardScreen.kt:1888:21 Unresolved reference 'modifier'.
e: file:///app/applet/kurotek/src/main/java/com/example/ui/MainDashboardScreen.kt:1889:17 Syntax error: Expecting an element.
e: file:///app/applet/kurotek/src/main/java/com/example/ui/MainDashboardScreen.kt:1890:21 @Composable invocations can only happen from the context of a @Composable function
e: file:///app/applet/kurotek/src/main/java/com/example/ui/MainDashboardScreen.kt:1913:17 No value passed for parameter 'category'.
e: file:///app/applet/kurotek/src/main/java/com/example/ui/MainDashboardScreen.kt:1913:17 No value passed for parameter 'code'.
e: file:///app/applet/kurotek/src/main/java/com/example/ui/MainDashboardScreen.kt:1916:22 Argument type mismatch: actual type is 'Color', but 'Int' was expected.
e: file:///app/applet/kurotek/src/main/java/com/example/ui/MainDashboardScreen.kt:1916:40 Syntax error: Expecting ')'.
e: file:///app/applet/kurotek/src/main/java/com/example/ui/MainDashboardScreen.kt:1916:45 Unresolved reference 'Color'.
e: file:///app/applet/kurotek/src/main/java/com/example/ui/MainDashboardScreen.kt:1917:21 Syntax error: Expecting an element.
e: file:///app/applet/kurotek/src/main/java/com/example/ui/MainDashboardScreen.kt:1917:22 Syntax error: Unexpected tokens (use ';' to separate expressions on the same line).
e: file:///app/applet/kurotek/src/main/java/com/example/ui/MainDashboardScreen.kt:1918:27 Syntax error: Unexpected tokens (use ';' to separate expressions on the same line).
e: file:///app/applet/kurotek/src/main/java/com/example/ui/MainDashboardScreen.kt:1919:21 Unresolved reference 'modifier'.
e: file:///app/applet/kurotek/src/main/java/com/example/ui/MainDashboardScreen.kt:1926:17 Syntax error: Expecting an element.
e: file:///app/applet/kurotek/src/main/java/com/example/ui/MainDashboardScreen.kt:1927:21 @Composable invocations can only happen from the context of a @Composable function
e: file:///app/applet/kurotek/src/main/java/com/example/ui/MainDashboardScreen.kt:2001:13 No value passed for parameter 'category'.
e: file:///app/applet/kurotek/src/main/java/com/example/ui/MainDashboardScreen.kt:2001:13 No value passed for parameter 'code'.
e: file:///app/applet/kurotek/src/main/java/com/example/ui/MainDashboardScreen.kt:2003:18 Argument type mismatch: actual type is 'Color', but 'Int' was expected.
e: file:///app/applet/kurotek/src/main/java/com/example/ui/MainDashboardScreen.kt:2003:36 Syntax error: Expecting ')'.
e: file:///app/applet/kurotek/src/main/java/com/example/ui/MainDashboardScreen.kt:2003:41 Unresolved reference 'Color'.
e: file:///app/applet/kurotek/src/main/java/com/example/ui/MainDashboardScreen.kt:2003:58 Syntax error: Unexpected tokens (use ';' to separate expressions on the same line).
e: file:///app/applet/kurotek/src/main/java/com/example/ui/MainDashboardScreen.kt:2006:17 Unresolved reference 'modifier'.
e: file:///app/applet/kurotek/src/main/java/com/example/ui/MainDashboardScreen.kt:2009:13 Syntax error: Expecting an element.
e: file:///app/applet/kurotek/src/main/java/com/example/ui/MainDashboardScreen.kt:2010:17 @Composable invocations can only happen from the context of a @Composable function
e: file:///app/applet/kurotek/src/main/java/com/example/ui/MainDashboardScreen.kt:2034:40 Unresolved reference 'GlowOrangeGold'.
e: file:///app/applet/kurotek/src/main/java/com/example/ui/MainDashboardScreen.kt:2034:55 Syntax error: Expecting ')'.
e: file:///app/applet/kurotek/src/main/java/com/example/ui/MainDashboardScreen.kt:2034:60 Unresolved reference 'Color'.
e: file:///app/applet/kurotek/src/main/java/com/example/ui/MainDashboardScreen.kt:2034:77 Syntax error: Unexpected tokens (use ';' to separate expressions on the same line).
e: file:///app/applet/kurotek/src/main/java/com/example/ui/MainDashboardScreen.kt:2035:33 Unresolved reference 'modifier'.
e: file:///app/applet/kurotek/src/main/java/com/example/ui/MainDashboardScreen.kt:2036:29 Syntax error: Expecting an element.
e: file:///app/applet/kurotek/src/main/java/com/example/ui/MainDashboardScreen.kt:2048:21 None of the following candidates is applicable:
fun OutlinedTextField(value: TextFieldValue, onValueChange: (TextFieldValue) -> Unit, modifier: Modifier = ..., enabled: Boolean = ..., readOnly: Boolean = ..., textStyle: TextStyle = ..., label: @Composable() ComposableFunction0<Unit>? = ..., placeholder: @Composable() ComposableFunction0<Unit>? = ..., leadingIcon: @Composable() ComposableFunction0<Unit>? = ..., trailingIcon: @Composable() ComposableFunction0<Unit>? = ..., prefix: @Composable() ComposableFunction0<Unit>? = ..., suffix: @Composable() ComposableFunction0<Unit>? = ..., supportingText: @Composable() ComposableFunction0<Unit>? = ..., isError: Boolean = ..., visualTransformation: VisualTransformation = ..., keyboardOptions: KeyboardOptions = ..., keyboardActions: KeyboardActions = ..., singleLine: Boolean = ..., maxLines: Int = ..., minLines: Int = ..., interactionSource: MutableInteractionSource? = ..., shape: Shape = ..., colors: TextFieldColors = ...): Unit
fun OutlinedTextField(value: String, onValueChange: (String) -> Unit, modifier: Modifier = ..., enabled: Boolean = ..., readOnly: Boolean = ..., textStyle: TextStyle = ..., label: @Composable() ComposableFunction0<Unit>? = ..., placeholder: @Composable() ComposableFunction0<Unit>? = ..., leadingIcon: @Composable() ComposableFunction0<Unit>? = ..., trailingIcon: @Composable() ComposableFunction0<Unit>? = ..., prefix: @Composable() ComposableFunction0<Unit>? = ..., suffix: @Composable() ComposableFunction0<Unit>? = ..., supportingText: @Composable() ComposableFunction0<Unit>? = ..., isError: Boolean = ..., visualTransformation: VisualTransformation = ..., keyboardOptions: KeyboardOptions = ..., keyboardActions: KeyboardActions = ..., singleLine: Boolean = ..., maxLines: Int = ..., minLines: Int = ..., interactionSource: MutableInteractionSource? = ..., shape: Shape = ..., colors: TextFieldColors = ...): Unit
e: file:///app/applet/kurotek/src/main/java/com/example/ui/MainDashboardScreen.kt:2050:62 Unresolved reference 'it'.
e: file:///app/applet/kurotek/src/main/java/com/example/ui/MainDashboardScreen.kt:2051:35 @Composable invocations can only happen from the context of a @Composable function
e: file:///app/applet/kurotek/src/main/java/com/example/ui/MainDashboardScreen.kt:2052:41 @Composable invocations can only happen from the context of a @Composable function
e: file:///app/applet/kurotek/src/main/java/com/example/ui/MainDashboardScreen.kt:2056:26 Unresolved reference 'GlowOrangeGold'.
e: file:///app/applet/kurotek/src/main/java/com/example/ui/MainDashboardScreen.kt:2056:41 Syntax error: Expecting ')'.
e: file:///app/applet/kurotek/src/main/java/com/example/ui/MainDashboardScreen.kt:2056:46 Unresolved reference 'Color'.
e: file:///app/applet/kurotek/src/main/java/com/example/ui/MainDashboardScreen.kt:2057:1 Syntax error: Expecting an element.
e: file:///app/applet/kurotek/src/main/java/com/example/ui/MainDashboardScreen.kt:2057:2 Syntax error: Unexpected tokens (use ';' to separate expressions on the same line).
e: file:///app/applet/kurotek/src/main/java/com/example/ui/MainDashboardScreen.kt:2059:25 Unresolved reference 'leadingIcon'.
e: file:///app/applet/kurotek/src/main/java/com/example/ui/MainDashboardScreen.kt:2060:29 @Composable invocations can only happen from the context of a @Composable function
e: file:///app/applet/kurotek/src/main/java/com/example/ui/MainDashboardScreen.kt:2060:119 @Composable invocations can only happen from the context of a @Composable function
e: file:///app/applet/kurotek/src/main/java/com/example/ui/MainDashboardScreen.kt:2062:21 Syntax error: Expecting an element.
e: file:///app/applet/kurotek/src/main/java/com/example/ui/MainDashboardScreen.kt:2092:62 Unresolved reference 'GlowOrangeGold'.
e: file:///app/applet/kurotek/src/main/java/com/example/ui/MainDashboardScreen.kt:2092:96 Syntax error: Expecting ')'.
e: file:///app/applet/kurotek/src/main/java/com/example/ui/MainDashboardScreen.kt:2093:45 Syntax error: Expecting ')'.
e: file:///app/applet/kurotek/src/main/java/com/example/ui/MainDashboardScreen.kt:2093:50 Unresolved reference 'MaterialTheme'.
e: file:///app/applet/kurotek/src/main/java/com/example/ui/MainDashboardScreen.kt:2093:63 Syntax error: Expecting an element.
e: file:///app/applet/kurotek/src/main/java/com/example/ui/MainDashboardScreen.kt:2093:75 Syntax error: Expecting an element.
e: file:///app/applet/kurotek/src/main/java/com/example/ui/MainDashboardScreen.kt:2093:83 Syntax error: Expecting an element.
e: file:///app/applet/kurotek/src/main/java/com/example/ui/MainDashboardScreen.kt:2093:84 Unresolved reference 'copy'.
e: file:///app/applet/kurotek/src/main/java/com/example/ui/MainDashboardScreen.kt:2093:89 Unresolved reference 'alpha'.
e: file:///app/applet/kurotek/src/main/java/com/example/ui/MainDashboardScreen.kt:2093:89 Only expressions are allowed in this context.
e: file:///app/applet/kurotek/src/main/java/com/example/ui/MainDashboardScreen.kt:2094:41 Syntax error: Expecting an element.
e: file:///app/applet/kurotek/src/main/java/com/example/ui/MainDashboardScreen.kt:2095:41 Syntax error: Expecting an element.
e: file:///app/applet/kurotek/src/main/java/com/example/ui/MainDashboardScreen.kt:2095:42 None of the following candidates is applicable:
fun Modifier.clickable(interactionSource: MutableInteractionSource?, indication: Indication?, enabled: Boolean = ..., onClickLabel: String? = ..., role: Role? = ..., onClick: () -> Unit): Modifier
fun Modifier.clickable(enabled: Boolean = ..., onClickLabel: String? = ..., role: Role? = ..., onClick: () -> Unit): Modifier
e: file:///app/applet/kurotek/src/main/java/com/example/ui/MainDashboardScreen.kt:2099:74 Unresolved reference 'GlowOrangeGold'.
e: file:///app/applet/kurotek/src/main/java/com/example/ui/MainDashboardScreen.kt:2099:88 Syntax error: Expecting ')'.
e: file:///app/applet/kurotek/src/main/java/com/example/ui/MainDashboardScreen.kt:2099:113 Syntax error: Expecting ')'.
e: file:///app/applet/kurotek/src/main/java/com/example/ui/MainDashboardScreen.kt:2099:118 Unresolved reference 'Color'.
e: file:///app/applet/kurotek/src/main/java/com/example/ui/MainDashboardScreen.kt:2100:45 Syntax error: Expecting an element.
e: file:///app/applet/kurotek/src/main/java/com/example/ui/MainDashboardScreen.kt:2100:46 Syntax error: Unexpected tokens (use ';' to separate expressions on the same line).
e: file:///app/applet/kurotek/src/main/java/com/example/ui/MainDashboardScreen.kt:2102:41 Syntax error: Expecting an element.
e: file:///app/applet/kurotek/src/main/java/com/example/ui/MainDashboardScreen.kt:2102:42 Syntax error: Unexpected tokens (use ';' to separate expressions on the same line).
e: file:///app/applet/kurotek/src/main/java/com/example/ui/MainDashboardScreen.kt:2103:37 Unresolved reference 'contentAlignment'.
e: file:///app/applet/kurotek/src/main/java/com/example/ui/MainDashboardScreen.kt:2104:33 Syntax error: Expecting an element.
e: file:///app/applet/kurotek/src/main/java/com/example/ui/MainDashboardScreen.kt:2105:37 @Composable invocations can only happen from the context of a @Composable function
e: file:///app/applet/kurotek/src/main/java/com/example/ui/MainDashboardScreen.kt:2107:66 Unresolved reference 'GlowOrangeGold'.
e: file:///app/applet/kurotek/src/main/java/com/example/ui/MainDashboardScreen.kt:2107:80 Syntax error: Expecting ')'.
e: file:///app/applet/kurotek/src/main/java/com/example/ui/MainDashboardScreen.kt:2107:105 Syntax error: Unexpected tokens (use ';' to separate expressions on the same line).
e: file:///app/applet/kurotek/src/main/java/com/example/ui/MainDashboardScreen.kt:2108:41 Unresolved reference 'fontSize'.
e: file:///app/applet/kurotek/src/main/java/com/example/ui/MainDashboardScreen.kt:2108:57 Syntax error: Unexpected tokens (use ';' to separate expressions on the same line).
e: file:///app/applet/kurotek/src/main/java/com/example/ui/MainDashboardScreen.kt:2109:41 Unresolved reference 'fontWeight'.
e: file:///app/applet/kurotek/src/main/java/com/example/ui/MainDashboardScreen.kt:2110:37 Syntax error: Expecting an element.
e: file:///app/applet/kurotek/src/main/java/com/example/ui/MainDashboardScreen.kt:2137:42 None of the following candidates is applicable:
fun Modifier.background(brush: Brush, shape: Shape = ..., alpha: Float = ...): Modifier
fun Modifier.background(color: Color, shape: Shape = ...): Modifier
e: file:///app/applet/kurotek/src/main/java/com/example/ui/MainDashboardScreen.kt:2140:64 Unresolved reference 'StatusGreen'.
e: file:///app/applet/kurotek/src/main/java/com/example/ui/MainDashboardScreen.kt:2141:64 Unresolved reference 'GlowOrangeGold'.
e: file:///app/applet/kurotek/src/main/java/com/example/ui/MainDashboardScreen.kt:2141:98 Syntax error: Expecting ')'.
e: file:///app/applet/kurotek/src/main/java/com/example/ui/MainDashboardScreen.kt:2141:99 'else' entry must be the last one in a 'when' expression.
e: file:///app/applet/kurotek/src/main/java/com/example/ui/MainDashboardScreen.kt:2141:104 Syntax error: Expecting '->'.
e: file:///app/applet/kurotek/src/main/java/com/example/ui/MainDashboardScreen.kt:2142:53 Syntax error: Expecting '->'.
e: file:///app/applet/kurotek/src/main/java/com/example/ui/MainDashboardScreen.kt:2142:54 Syntax error: Expecting an expression.
e: file:///app/applet/kurotek/src/main/java/com/example/ui/MainDashboardScreen.kt:2142:54 Syntax error: Expecting '->'.
e: file:///app/applet/kurotek/src/main/java/com/example/ui/MainDashboardScreen.kt:2142:64 Syntax error: Expecting an expression.
e: file:///app/applet/kurotek/src/main/java/com/example/ui/MainDashboardScreen.kt:2142:64 Syntax error: Expecting '->'.
e: file:///app/applet/kurotek/src/main/java/com/example/ui/MainDashboardScreen.kt:2142:65 Syntax error: Expecting an expression.
e: file:///app/applet/kurotek/src/main/java/com/example/ui/MainDashboardScreen.kt:2142:66 Syntax error: Expecting an expression, is-condition or in-condition.
e: file:///app/applet/kurotek/src/main/java/com/example/ui/MainDashboardScreen.kt:2151:57 Argument type mismatch: actual type is 'Any', but 'Color' was expected.
e: file:///app/applet/kurotek/src/main/java/com/example/ui/MainDashboardScreen.kt:2153:68 Unresolved reference 'StatusGreen'.
e: file:///app/applet/kurotek/src/main/java/com/example/ui/MainDashboardScreen.kt:2154:68 Unresolved reference 'GlowOrangeGold'.
e: file:///app/applet/kurotek/src/main/java/com/example/ui/MainDashboardScreen.kt:2154:82 Syntax error: Expecting ')'.
e: file:///app/applet/kurotek/src/main/java/com/example/ui/MainDashboardScreen.kt:2154:83 'else' entry must be the last one in a 'when' expression.
e: file:///app/applet/kurotek/src/main/java/com/example/ui/MainDashboardScreen.kt:2154:88 Syntax error: Expecting '->'.
e: file:///app/applet/kurotek/src/main/java/com/example/ui/MainDashboardScreen.kt:2155:57 Syntax error: Expecting '->'.
e: file:///app/applet/kurotek/src/main/java/com/example/ui/MainDashboardScreen.kt:2155:58 Syntax error: Expecting an expression.
e: file:///app/applet/kurotek/src/main/java/com/example/ui/MainDashboardScreen.kt:2155:58 Syntax error: Expecting '->'.
e: file:///app/applet/kurotek/src/main/java/com/example/ui/MainDashboardScreen.kt:2155:68 Syntax error: Expecting an expression.
e: file:///app/applet/kurotek/src/main/java/com/example/ui/MainDashboardScreen.kt:2155:68 Syntax error: Expecting '->'.
e: file:///app/applet/kurotek/src/main/java/com/example/ui/MainDashboardScreen.kt:2155:69 Syntax error: Expecting an expression.
e: file:///app/applet/kurotek/src/main/java/com/example/ui/MainDashboardScreen.kt:2155:70 Syntax error: Expecting an expression, is-condition or in-condition.
e: file:///app/applet/kurotek/src/main/java/com/example/ui/MainDashboardScreen.kt:2164:37 None of the following candidates is applicable:
fun Text(text: AnnotatedString, modifier: Modifier = ..., color: Color = ..., fontSize: TextUnit = ..., fontStyle: FontStyle? = ..., fontWeight: FontWeight? = ..., fontFamily: FontFamily? = ..., letterSpacing: TextUnit = ..., textDecoration: TextDecoration? = ..., textAlign: TextAlign? = ..., lineHeight: TextUnit = ..., overflow: TextOverflow = ..., softWrap: Boolean = ..., maxLines: Int = ..., minLines: Int = ..., inlineContent: Map<String, InlineTextContent> = ..., onTextLayout: (TextLayoutResult) -> Unit = ..., style: TextStyle = ...): Unit
fun Text(text: String, modifier: Modifier = ..., color: Color = ..., fontSize: TextUnit = ..., fontStyle: FontStyle? = ..., fontWeight: FontWeight? = ..., fontFamily: FontFamily? = ..., letterSpacing: TextUnit = ..., textDecoration: TextDecoration? = ..., textAlign: TextAlign? = ..., lineHeight: TextUnit = ..., overflow: TextOverflow = ..., softWrap: Boolean = ..., maxLines: Int = ..., minLines: Int = ..., onTextLayout: ((TextLayoutResult) -> Unit)? = ..., style: TextStyle = ...): Unit
e: file:///app/applet/kurotek/src/main/java/com/example/ui/MainDashboardScreen.kt:2168:60 Unresolved reference 'StatusGreen'.
e: file:///app/applet/kurotek/src/main/java/com/example/ui/MainDashboardScreen.kt:2169:60 Unresolved reference 'GlowOrangeGold'.
e: file:///app/applet/kurotek/src/main/java/com/example/ui/MainDashboardScreen.kt:2169:74 Syntax error: Expecting ')'.
e: file:///app/applet/kurotek/src/main/java/com/example/ui/MainDashboardScreen.kt:2169:75 'else' entry must be the last one in a 'when' expression.
e: file:///app/applet/kurotek/src/main/java/com/example/ui/MainDashboardScreen.kt:2169:80 Syntax error: Expecting '->'.
e: file:///app/applet/kurotek/src/main/java/com/example/ui/MainDashboardScreen.kt:2170:49 Syntax error: Expecting '->'.
e: file:///app/applet/kurotek/src/main/java/com/example/ui/MainDashboardScreen.kt:2170:50 Syntax error: Expecting an expression.
e: file:///app/applet/kurotek/src/main/java/com/example/ui/MainDashboardScreen.kt:2170:50 Syntax error: Expecting '->'.
e: file:///app/applet/kurotek/src/main/java/com/example/ui/MainDashboardScreen.kt:2170:60 Syntax error: Expecting an expression.
e: file:///app/applet/kurotek/src/main/java/com/example/ui/MainDashboardScreen.kt:2170:60 Syntax error: Expecting '->'.
e: file:///app/applet/kurotek/src/main/java/com/example/ui/MainDashboardScreen.kt:2170:61 Syntax error: Expecting an expression.
e: file:///app/applet/kurotek/src/main/java/com/example/ui/MainDashboardScreen.kt:2170:62 Syntax error: Expecting an expression, is-condition or in-condition.
e: file:///app/applet/kurotek/src/main/java/com/example/ui/MainDashboardScreen.kt:2186:74 Syntax error: Expecting ')'.
e: file:///app/applet/kurotek/src/main/java/com/example/ui/MainDashboardScreen.kt:2186:79 Unresolved reference 'Color'.
e: file:///app/applet/kurotek/src/main/java/com/example/ui/MainDashboardScreen.kt:2186:99 Argument type mismatch: actual type is 'RoundedCornerShape', but 'Arrangement.Vertical' was expected.
e: file:///app/applet/kurotek/src/main/java/com/example/ui/MainDashboardScreen.kt:2186:99 No value passed for parameter 'content'.
e: file:///app/applet/kurotek/src/main/java/com/example/ui/MainDashboardScreen.kt:2187:30 Unresolved reference. None of the following candidates is applicable because of a receiver type mismatch:
fun Modifier.clip(shape: Shape): Modifier
e: file:///app/applet/kurotek/src/main/java/com/example/ui/MainDashboardScreen.kt:2188:21 Syntax error: Expecting an element.
e: file:///app/applet/kurotek/src/main/java/com/example/ui/MainDashboardScreen.kt:2190:25 @Composable invocations can only happen from the context of a @Composable function
e: file:///app/applet/kurotek/src/main/java/com/example/ui/MainDashboardScreen.kt:2191:29 No value passed for parameter 'content'.
e: file:///app/applet/kurotek/src/main/java/com/example/ui/MainDashboardScreen.kt:2193:63 Syntax error: Expecting ')'.
e: file:///app/applet/kurotek/src/main/java/com/example/ui/MainDashboardScreen.kt:2193:68 Unresolved reference 'Color'.
e: file:///app/applet/kurotek/src/main/java/com/example/ui/MainDashboardScreen.kt:2194:34 None of the following candidates is applicable:
fun Modifier.padding(paddingValues: PaddingValues): Modifier
fun Modifier.padding(all: Dp): Modifier
fun Modifier.padding(horizontal: Dp = ..., vertical: Dp = ...): Modifier
fun Modifier.padding(start: Dp = ..., top: Dp = ..., end: Dp = ..., bottom: Dp = ...): Modifier
e: file:///app/applet/kurotek/src/main/java/com/example/ui/MainDashboardScreen.kt:2194:79 Syntax error: Unexpected tokens (use ';' to separate expressions on the same line).
e: file:///app/applet/kurotek/src/main/java/com/example/ui/MainDashboardScreen.kt:2195:29 Unresolved reference 'horizontalArrangement'.
e: file:///app/applet/kurotek/src/main/java/com/example/ui/MainDashboardScreen.kt:2195:77 Syntax error: Unexpected tokens (use ';' to separate expressions on the same line).
e: file:///app/applet/kurotek/src/main/java/com/example/ui/MainDashboardScreen.kt:2196:29 Unresolved reference 'verticalAlignment'.
e: file:///app/applet/kurotek/src/main/java/com/example/ui/MainDashboardScreen.kt:2197:25 Syntax error: Expecting an element.
e: file:///app/applet/kurotek/src/main/java/com/example/ui/MainDashboardScreen.kt:2198:29 @Composable invocations can only happen from the context of a @Composable function
e: file:///app/applet/kurotek/src/main/java/com/example/ui/MainDashboardScreen.kt:2198:73 @Composable invocations can only happen from the context of a @Composable function
e: file:///app/applet/kurotek/src/main/java/com/example/ui/MainDashboardScreen.kt:2199:29 @Composable invocations can only happen from the context of a @Composable function
e: file:///app/applet/kurotek/src/main/java/com/example/ui/MainDashboardScreen.kt:2199:72 @Composable invocations can only happen from the context of a @Composable function
e: file:///app/applet/kurotek/src/main/java/com/example/ui/MainDashboardScreen.kt:2200:29 @Composable invocations can only happen from the context of a @Composable function
e: file:///app/applet/kurotek/src/main/java/com/example/ui/MainDashboardScreen.kt:2200:86 @Composable invocations can only happen from the context of a @Composable function
e: file:///app/applet/kurotek/src/main/java/com/example/ui/MainDashboardScreen.kt:2201:29 @Composable invocations can only happen from the context of a @Composable function
e: file:///app/applet/kurotek/src/main/java/com/example/ui/MainDashboardScreen.kt:2201:68 @Composable invocations can only happen from the context of a @Composable function
e: file:///app/applet/kurotek/src/main/java/com/example/ui/MainDashboardScreen.kt:2206:29 @Composable invocations can only happen from the context of a @Composable function
e: file:///app/applet/kurotek/src/main/java/com/example/ui/MainDashboardScreen.kt:2221:125 Syntax error: Expecting ')'.
e: file:///app/applet/kurotek/src/main/java/com/example/ui/MainDashboardScreen.kt:2221:126 Syntax error: Unexpected tokens (use ';' to separate expressions on the same line).
e: file:///app/applet/kurotek/src/main/java/com/example/ui/MainDashboardScreen.kt:2223:33 @Composable invocations can only happen from the context of a @Composable function
e: file:///app/applet/kurotek/src/main/java/com/example/ui/MainDashboardScreen.kt:2250:45 Unresolved reference 'StatusGreen'.
e: file:///app/applet/kurotek/src/main/java/com/example/ui/MainDashboardScreen.kt:2300:37 @Composable invocations can only happen from the context of a @Composable function
e: file:///app/applet/kurotek/src/main/java/com/example/ui/MainDashboardScreen.kt:2300:81 Syntax error: Expecting ')'.
e: file:///app/applet/kurotek/src/main/java/com/example/ui/MainDashboardScreen.kt:2300:86 Unresolved reference 'Color'.
e: file:///app/applet/kurotek/src/main/java/com/example/ui/MainDashboardScreen.kt:2300:103 Syntax error: Unexpected tokens (use ';' to separate expressions on the same line).
e: file:///app/applet/kurotek/src/main/java/com/example/ui/MainDashboardScreen.kt:2304:33 @Composable invocations can only happen from the context of a @Composable function
e: file:///app/applet/kurotek/src/main/java/com/example/ui/MainDashboardScreen.kt:2307:71 Syntax error: Expecting ')'.
e: file:///app/applet/kurotek/src/main/java/com/example/ui/MainDashboardScreen.kt:2307:76 Unresolved reference 'Color'.
e: file:///app/applet/kurotek/src/main/java/com/example/ui/MainDashboardScreen.kt:2308:42 None of the following candidates is applicable:
fun Modifier.padding(paddingValues: PaddingValues): Modifier
fun Modifier.padding(all: Dp): Modifier
fun Modifier.padding(horizontal: Dp = ..., vertical: Dp = ...): Modifier
fun Modifier.padding(start: Dp = ..., top: Dp = ..., end: Dp = ..., bottom: Dp = ...): Modifier
e: file:///app/applet/kurotek/src/main/java/com/example/ui/MainDashboardScreen.kt:2308:55 Syntax error: Unexpected tokens (use ';' to separate expressions on the same line).
e: file:///app/applet/kurotek/src/main/java/com/example/ui/MainDashboardScreen.kt:2309:37 Unresolved reference 'contentAlignment'.
e: file:///app/applet/kurotek/src/main/java/com/example/ui/MainDashboardScreen.kt:2310:33 Syntax error: Expecting an element.
e: file:///app/applet/kurotek/src/main/java/com/example/ui/MainDashboardScreen.kt:2311:37 @Composable invocations can only happen from the context of a @Composable function
e: file:///app/applet/kurotek/src/main/java/com/example/ui/MainDashboardScreen.kt:2313:63 @Composable invocations can only happen from the context of a @Composable function
e: file:///app/applet/kurotek/src/main/java/com/example/ui/MainDashboardScreen.kt:2367:33 Unresolved reference 'GlowOrangeGold'.
e: file:///app/applet/kurotek/src/main/java/com/example/ui/MainDashboardScreen.kt:2367:48 Syntax error: Expecting ')'.
e: file:///app/applet/kurotek/src/main/java/com/example/ui/MainDashboardScreen.kt:2367:53 Unresolved reference 'Color'.
e: file:///app/applet/kurotek/src/main/java/com/example/ui/MainDashboardScreen.kt:2367:70 Syntax error: Unexpected tokens (use ';' to separate expressions on the same line).
e: file:///app/applet/kurotek/src/main/java/com/example/ui/MainDashboardScreen.kt:2368:25 Unresolved reference 'fontSize'.
e: file:///app/applet/kurotek/src/main/java/com/example/ui/MainDashboardScreen.kt:2368:41 Syntax error: Unexpected tokens (use ';' to separate expressions on the same line).
e: file:///app/applet/kurotek/src/main/java/com/example/ui/MainDashboardScreen.kt:2369:25 Unresolved reference 'fontWeight'.
e: file:///app/applet/kurotek/src/main/java/com/example/ui/MainDashboardScreen.kt:2369:53 Syntax error: Unexpected tokens (use ';' to separate expressions on the same line).
e: file:///app/applet/kurotek/src/main/java/com/example/ui/MainDashboardScreen.kt:2370:25 Unresolved reference 'textAlign'.
e: file:///app/applet/kurotek/src/main/java/com/example/ui/MainDashboardScreen.kt:2370:52 Syntax error: Unexpected tokens (use ';' to separate expressions on the same line).
e: file:///app/applet/kurotek/src/main/java/com/example/ui/MainDashboardScreen.kt:2371:25 Unresolved reference 'modifier'.
e: file:///app/applet/kurotek/src/main/java/com/example/ui/MainDashboardScreen.kt:2375:21 Syntax error: Expecting an element.
e: file:///app/applet/kurotek/src/main/java/com/example/ui/MainDashboardScreen.kt:2400:65 Unresolved reference 'GlowOrangeGold'.
e: file:///app/applet/kurotek/src/main/java/com/example/ui/MainDashboardScreen.kt:2402:76 Unresolved reference 'GlowOrangeGold'.
e: file:///app/applet/kurotek/src/main/java/com/example/ui/MainDashboardScreen.kt:2410:61 Unresolved reference 'GlowOrangeGold'.
e: file:///app/applet/kurotek/src/main/java/com/example/ui/MainDashboardScreen.kt:2425:21 No value passed for parameter 'content'.
e: file:///app/applet/kurotek/src/main/java/com/example/ui/MainDashboardScreen.kt:2437:26 Unresolved reference 'GlowEmeraldGreen'.
e: file:///app/applet/kurotek/src/main/java/com/example/ui/MainDashboardScreen.kt:2437:43 Syntax error: Expecting ')'.
e: file:///app/applet/kurotek/src/main/java/com/example/ui/MainDashboardScreen.kt:2437:48 Unresolved reference 'Color'.
e: file:///app/applet/kurotek/src/main/java/com/example/ui/MainDashboardScreen.kt:2437:65 Syntax error: Unexpected tokens (use ';' to separate expressions on the same line).
e: file:///app/applet/kurotek/src/main/java/com/example/ui/MainDashboardScreen.kt:2439:25 Unresolved reference 'modifier'.
e: file:///app/applet/kurotek/src/main/java/com/example/ui/MainDashboardScreen.kt:2440:21 Syntax error: Expecting an element.
e: file:///app/applet/kurotek/src/main/java/com/example/ui/MainDashboardScreen.kt:2441:25 @Composable invocations can only happen from the context of a @Composable function
e: file:///app/applet/kurotek/src/main/java/com/example/ui/MainDashboardScreen.kt:2441:149 @Composable invocations can only happen from the context of a @Composable function
e: file:///app/applet/kurotek/src/main/java/com/example/ui/MainDashboardScreen.kt:2444:21 No value passed for parameter 'content'.
e: file:///app/applet/kurotek/src/main/java/com/example/ui/MainDashboardScreen.kt:2460:26 Unresolved reference 'GlowOrangeGold'.
e: file:///app/applet/kurotek/src/main/java/com/example/ui/MainDashboardScreen.kt:2460:41 Syntax error: Expecting ')'.
e: file:///app/applet/kurotek/src/main/java/com/example/ui/MainDashboardScreen.kt:2460:46 Unresolved reference 'Color'.
e: file:///app/applet/kurotek/src/main/java/com/example/ui/MainDashboardScreen.kt:2460:63 Syntax error: Unexpected tokens (use ';' to separate expressions on the same line).
e: file:///app/applet/kurotek/src/main/java/com/example/ui/MainDashboardScreen.kt:2462:25 Unresolved reference 'modifier'.
e: file:///app/applet/kurotek/src/main/java/com/example/ui/MainDashboardScreen.kt:2463:21 Syntax error: Expecting an element.
e: file:///app/applet/kurotek/src/main/java/com/example/ui/MainDashboardScreen.kt:2464:25 @Composable invocations can only happen from the context of a @Composable function
e: file:///app/applet/kurotek/src/main/java/com/example/ui/MainDashboardScreen.kt:2464:125 @Composable invocations can only happen from the context of a @Composable function
e: file:///app/applet/kurotek/src/main/java/com/example/ui/MainDashboardScreen.kt:2480:79 Syntax error: Expecting ')'.
e: file:///app/applet/kurotek/src/main/java/com/example/ui/MainDashboardScreen.kt:2480:84 Unresolved reference 'Color'.
e: file:///app/applet/kurotek/src/main/java/com/example/ui/MainDashboardScreen.kt:2480:104 Mixing named and positional arguments is not allowed unless the order of the arguments matches the order of the parameters.
e: file:///app/applet/kurotek/src/main/java/com/example/ui/MainDashboardScreen.kt:2481:9 Syntax error: Expecting an element.
e: file:///app/applet/kurotek/src/main/java/com/example/ui/MainDashboardScreen.kt:2500:64 Syntax error: Expecting ')'.
e: file:///app/applet/kurotek/src/main/java/com/example/ui/MainDashboardScreen.kt:2500:69 Unresolved reference 'Color'.
e: file:///app/applet/kurotek/src/main/java/com/example/ui/MainDashboardScreen.kt:2501:25 Argument type mismatch: actual type is 'RoundedCornerShape', but 'Arrangement.Vertical' was expected.
e: file:///app/applet/kurotek/src/main/java/com/example/ui/MainDashboardScreen.kt:2501:25 No value passed for parameter 'content'.
e: file:///app/applet/kurotek/src/main/java/com/example/ui/MainDashboardScreen.kt:2503:22 None of the following candidates is applicable:
fun Modifier.padding(paddingValues: PaddingValues): Modifier
fun Modifier.padding(all: Dp): Modifier
fun Modifier.padding(horizontal: Dp = ..., vertical: Dp = ...): Modifier
fun Modifier.padding(start: Dp = ..., top: Dp = ..., end: Dp = ..., bottom: Dp = ...): Modifier
e: file:///app/applet/kurotek/src/main/java/com/example/ui/MainDashboardScreen.kt:2503:36 Syntax error: Unexpected tokens (use ';' to separate expressions on the same line).
e: file:///app/applet/kurotek/src/main/java/com/example/ui/MainDashboardScreen.kt:2504:17 Unresolved reference 'horizontalAlignment'.
e: file:///app/applet/kurotek/src/main/java/com/example/ui/MainDashboardScreen.kt:2504:52 Syntax error: Unexpected tokens (use ';' to separate expressions on the same line).
e: file:///app/applet/kurotek/src/main/java/com/example/ui/MainDashboardScreen.kt:2505:17 Unresolved reference 'verticalArrangement'.
e: file:///app/applet/kurotek/src/main/java/com/example/ui/MainDashboardScreen.kt:2506:13 Syntax error: Expecting an element.
e: file:///app/applet/kurotek/src/main/java/com/example/ui/MainDashboardScreen.kt:2508:17 @Composable invocations can only happen from the context of a @Composable function
e: file:///app/applet/kurotek/src/main/java/com/example/ui/MainDashboardScreen.kt:2513:51 @Composable invocations can only happen from the context of a @Composable function
e: file:///app/applet/kurotek/src/main/java/com/example/ui/MainDashboardScreen.kt:2514:32 Argument type mismatch: actual type is 'Alignment.Horizontal', but 'Alignment' was expected.
e: file:///app/applet/kurotek/src/main/java/com/example/ui/MainDashboardScreen.kt:2517:17 @Composable invocations can only happen from the context of a @Composable function
e: file:///app/applet/kurotek/src/main/java/com/example/ui/MainDashboardScreen.kt:2519:43 @Composable invocations can only happen from the context of a @Composable function
e: file:///app/applet/kurotek/src/main/java/com/example/ui/MainDashboardScreen.kt:2526:17 @Composable invocations can only happen from the context of a @Composable function
e: file:///app/applet/kurotek/src/main/java/com/example/ui/MainDashboardScreen.kt:2528:43 @Composable invocations can only happen from the context of a @Composable function
e: file:///app/applet/kurotek/src/main/java/com/example/ui/MainDashboardScreen.kt:2535:17 @Composable invocations can only happen from the context of a @Composable function
e: file:///app/applet/kurotek/src/main/java/com/example/ui/MainDashboardScreen.kt:2535:22 Syntax error: Expecting an argument.
e: file:///app/applet/kurotek/src/main/java/com/example/ui/MainDashboardScreen.kt:2563:17 @Composable invocations can only happen from the context of a @Composable function
e: file:///app/applet/kurotek/src/main/java/com/example/ui/MainDashboardScreen.kt:2568:21 No value passed for parameter 'content'.
e: file:///app/applet/kurotek/src/main/java/com/example/ui/MainDashboardScreen.kt:2570:26 Argument type mismatch: actual type is 'Color', but 'Modifier' was expected.
e: file:///app/applet/kurotek/src/main/java/com/example/ui/MainDashboardScreen.kt:2570:44 Syntax error: Expecting ')'.
e: file:///app/applet/kurotek/src/main/java/com/example/ui/MainDashboardScreen.kt:2570:49 Unresolved reference 'Color'.
e: file:///app/applet/kurotek/src/main/java/com/example/ui/MainDashboardScreen.kt:2570:66 Syntax error: Unexpected tokens (use ';' to separate expressions on the same line).
e: file:///app/applet/kurotek/src/main/java/com/example/ui/MainDashboardScreen.kt:2572:25 Unresolved reference 'modifier'.
e: file:///app/applet/kurotek/src/main/java/com/example/ui/MainDashboardScreen.kt:2573:21 Syntax error: Expecting an element.
e: file:///app/applet/kurotek/src/main/java/com/example/ui/MainDashboardScreen.kt:2574:25 @Composable invocations can only happen from the context of a @Composable function
e: file:///app/applet/kurotek/src/main/java/com/example/ui/MainDashboardScreen.kt:2709:13 No value passed for parameter 'category'.
e: file:///app/applet/kurotek/src/main/java/com/example/ui/MainDashboardScreen.kt:2709:13 No value passed for parameter 'code'.
e: file:///app/applet/kurotek/src/main/java/com/example/ui/MainDashboardScreen.kt:2711:18 Argument type mismatch: actual type is 'Color', but 'Int' was expected.
e: file:///app/applet/kurotek/src/main/java/com/example/ui/MainDashboardScreen.kt:2711:36 Syntax error: Expecting ')'.
e: file:///app/applet/kurotek/src/main/java/com/example/ui/MainDashboardScreen.kt:2711:41 Unresolved reference 'Color'.
e: file:///app/applet/kurotek/src/main/java/com/example/ui/MainDashboardScreen.kt:2711:58 Syntax error: Unexpected tokens (use ';' to separate expressions on the same line).
e: file:///app/applet/kurotek/src/main/java/com/example/ui/MainDashboardScreen.kt:2713:17 Unresolved reference 'modifier'.
e: file:///app/applet/kurotek/src/main/java/com/example/ui/MainDashboardScreen.kt:2715:58 Syntax error: Unexpected tokens (use ';' to separate expressions on the same line).
e: file:///app/applet/kurotek/src/main/java/com/example/ui/MainDashboardScreen.kt:2716:17 @Composable invocations can only happen from the context of a @Composable function
e: file:///app/applet/kurotek/src/main/java/com/example/ui/MainDashboardScreen.kt:2730:36 Unresolved reference 'GlowOrangeGold'.
e: file:///app/applet/kurotek/src/main/java/com/example/ui/MainDashboardScreen.kt:2730:51 Syntax error: Expecting ')'.
e: file:///app/applet/kurotek/src/main/java/com/example/ui/MainDashboardScreen.kt:2730:56 Unresolved reference 'Color'.
e: file:///app/applet/kurotek/src/main/java/com/example/ui/MainDashboardScreen.kt:2730:73 Syntax error: Unexpected tokens (use ';' to separate expressions on the same line).
e: file:///app/applet/kurotek/src/main/java/com/example/ui/MainDashboardScreen.kt:2731:29 Unresolved reference 'modifier'.
e: file:///app/applet/kurotek/src/main/java/com/example/ui/MainDashboardScreen.kt:2732:25 Syntax error: Expecting an element.
e: file:///app/applet/kurotek/src/main/java/com/example/ui/MainDashboardScreen.kt:2742:55 Syntax error: Expecting ')'.
e: file:///app/applet/kurotek/src/main/java/com/example/ui/MainDashboardScreen.kt:2742:60 Unresolved reference 'Color'.
e: file:///app/applet/kurotek/src/main/java/com/example/ui/MainDashboardScreen.kt:2742:77 Syntax error: Unexpected tokens (use ';' to separate expressions on the same line).
e: file:///app/applet/kurotek/src/main/java/com/example/ui/MainDashboardScreen.kt:2750:25 No value passed for parameter 'category'.
e: file:///app/applet/kurotek/src/main/java/com/example/ui/MainDashboardScreen.kt:2750:25 No value passed for parameter 'code'.
e: file:///app/applet/kurotek/src/main/java/com/example/ui/MainDashboardScreen.kt:2753:30 Argument type mismatch: actual type is 'Color', but 'Int' was expected.
e: file:///app/applet/kurotek/src/main/java/com/example/ui/MainDashboardScreen.kt:2753:48 Syntax error: Expecting ')'.
e: file:///app/applet/kurotek/src/main/java/com/example/ui/MainDashboardScreen.kt:2753:53 Unresolved reference 'Color'.
e: file:///app/applet/kurotek/src/main/java/com/example/ui/MainDashboardScreen.kt:2753:70 Syntax error: Unexpected tokens (use ';' to separate expressions on the same line).
e: file:///app/applet/kurotek/src/main/java/com/example/ui/MainDashboardScreen.kt:2754:29 Unresolved reference 'modifier'.
e: file:///app/applet/kurotek/src/main/java/com/example/ui/MainDashboardScreen.kt:2755:25 Syntax error: Expecting an element.
e: file:///app/applet/kurotek/src/main/java/com/example/ui/MainDashboardScreen.kt:2756:29 @Composable invocations can only happen from the context of a @Composable function
e: file:///app/applet/kurotek/src/main/java/com/example/ui/MainDashboardScreen.kt:2769:45 Unresolved reference 'GlowOrangeGold'.
e: file:///app/applet/kurotek/src/main/java/com/example/ui/MainDashboardScreen.kt:2769:60 Syntax error: Expecting ')'.
e: file:///app/applet/kurotek/src/main/java/com/example/ui/MainDashboardScreen.kt:2769:65 Unresolved reference 'Color'.
e: file:///app/applet/kurotek/src/main/java/com/example/ui/MainDashboardScreen.kt:2769:82 Syntax error: Unexpected tokens (use ';' to separate expressions on the same line).
e: file:///app/applet/kurotek/src/main/java/com/example/ui/MainDashboardScreen.kt:2770:37 Unresolved reference 'fontSize'.
e: file:///app/applet/kurotek/src/main/java/com/example/ui/MainDashboardScreen.kt:2770:53 Syntax error: Unexpected tokens (use ';' to separate expressions on the same line).
e: file:///app/applet/kurotek/src/main/java/com/example/ui/MainDashboardScreen.kt:2771:37 Unresolved reference 'fontWeight'.
e: file:///app/applet/kurotek/src/main/java/com/example/ui/MainDashboardScreen.kt:2772:33 Syntax error: Expecting an element.
e: file:///app/applet/kurotek/src/main/java/com/example/ui/MainDashboardScreen.kt:2777:25 No value passed for parameter 'category'.
e: file:///app/applet/kurotek/src/main/java/com/example/ui/MainDashboardScreen.kt:2777:25 No value passed for parameter 'code'.
e: file:///app/applet/kurotek/src/main/java/com/example/ui/MainDashboardScreen.kt:2780:30 Argument type mismatch: actual type is 'Color', but 'Int' was expected.
e: file:///app/applet/kurotek/src/main/java/com/example/ui/MainDashboardScreen.kt:2780:48 Syntax error: Expecting ')'.
e: file:///app/applet/kurotek/src/main/java/com/example/ui/MainDashboardScreen.kt:2780:53 Unresolved reference 'Color'.
e: file:///app/applet/kurotek/src/main/java/com/example/ui/MainDashboardScreen.kt:2780:70 Syntax error: Unexpected tokens (use ';' to separate expressions on the same line).
e: file:///app/applet/kurotek/src/main/java/com/example/ui/MainDashboardScreen.kt:2781:29 Unresolved reference 'modifier'.
e: file:///app/applet/kurotek/src/main/java/com/example/ui/MainDashboardScreen.kt:2782:25 Syntax error: Expecting an element.
e: file:///app/applet/kurotek/src/main/java/com/example/ui/MainDashboardScreen.kt:2783:29 @Composable invocations can only happen from the context of a @Composable function
e: file:///app/applet/kurotek/src/main/java/com/example/ui/MainDashboardScreen.kt:2796:45 Unresolved reference 'GlowEmeraldGreen'.
e: file:///app/applet/kurotek/src/main/java/com/example/ui/MainDashboardScreen.kt:2796:62 Syntax error: Expecting ')'.
e: file:///app/applet/kurotek/src/main/java/com/example/ui/MainDashboardScreen.kt:2796:67 Unresolved reference 'Color'.
e: file:///app/applet/kurotek/src/main/java/com/example/ui/MainDashboardScreen.kt:2796:84 Syntax error: Unexpected tokens (use ';' to separate expressions on the same line).
e: file:///app/applet/kurotek/src/main/java/com/example/ui/MainDashboardScreen.kt:2797:37 Unresolved reference 'fontSize'.
e: file:///app/applet/kurotek/src/main/java/com/example/ui/MainDashboardScreen.kt:2797:53 Syntax error: Unexpected tokens (use ';' to separate expressions on the same line).
e: file:///app/applet/kurotek/src/main/java/com/example/ui/MainDashboardScreen.kt:2798:37 Unresolved reference 'fontWeight'.
e: file:///app/applet/kurotek/src/main/java/com/example/ui/MainDashboardScreen.kt:2799:33 Syntax error: Expecting an element.
e: file:///app/applet/kurotek/src/main/java/com/example/ui/MainDashboardScreen.kt:2827:29 No value passed for parameter 'content'.
e: file:///app/applet/kurotek/src/main/java/com/example/ui/MainDashboardScreen.kt:2831:63 Syntax error: Expecting ')'.
e: file:///app/applet/kurotek/src/main/java/com/example/ui/MainDashboardScreen.kt:2831:68 Unresolved reference 'Color'.
e: file:///app/applet/kurotek/src/main/java/com/example/ui/MainDashboardScreen.kt:2832:25 Syntax error: Expecting an element.
e: file:///app/applet/kurotek/src/main/java/com/example/ui/MainDashboardScreen.kt:2834:33 @Composable invocations can only happen from the context of a @Composable function
e: file:///app/applet/kurotek/src/main/java/com/example/ui/MainDashboardScreen.kt:2842:33 @Composable invocations can only happen from the context of a @Composable function
e: file:///app/applet/kurotek/src/main/java/com/example/ui/MainDashboardScreen.kt:2850:33 @Composable invocations can only happen from the context of a @Composable function
e: file:///app/applet/kurotek/src/main/java/com/example/ui/MainDashboardScreen.kt:2858:33 @Composable invocations can only happen from the context of a @Composable function
e: file:///app/applet/kurotek/src/main/java/com/example/ui/MainDashboardScreen.kt:2862:53 Unresolved reference 'GlowOrangeGold'.
e: file:///app/applet/kurotek/src/main/java/com/example/ui/MainDashboardScreen.kt:2862:68 Syntax error: Expecting ')'.
e: file:///app/applet/kurotek/src/main/java/com/example/ui/MainDashboardScreen.kt:2862:73 Unresolved reference 'Color'.
e: file:///app/applet/kurotek/src/main/java/com/example/ui/MainDashboardScreen.kt:2863:33 Syntax error: Expecting an element.
e: file:///app/applet/kurotek/src/main/java/com/example/ui/MainDashboardScreen.kt:2874:97 Unresolved reference 'GlowOrangeGold'.
e: file:///app/applet/kurotek/src/main/java/com/example/ui/MainDashboardScreen.kt:2874:112 Syntax error: Expecting ')'.
e: file:///app/applet/kurotek/src/main/java/com/example/ui/MainDashboardScreen.kt:2874:117 Unresolved reference 'Color'.
e: file:///app/applet/kurotek/src/main/java/com/example/ui/MainDashboardScreen.kt:2874:135 Syntax error: Unexpected tokens (use ';' to separate expressions on the same line).
e: file:///app/applet/kurotek/src/main/java/com/example/ui/MainDashboardScreen.kt:2943:45 Unresolved reference 'GlowOrangeGold'.
e: file:///app/applet/kurotek/src/main/java/com/example/ui/MainDashboardScreen.kt:2943:80 Syntax error: Expecting ')'.
e: file:///app/applet/kurotek/src/main/java/com/example/ui/MainDashboardScreen.kt:2943:85 Unresolved reference 'Color'.
e: file:///app/applet/kurotek/src/main/java/com/example/ui/MainDashboardScreen.kt:2943:103 Unresolved reference 'copy'.
e: file:///app/applet/kurotek/src/main/java/com/example/ui/MainDashboardScreen.kt:2943:124 Argument type mismatch: actual type is 'RoundedCornerShape', but 'Arrangement.Horizontal' was expected.
e: file:///app/applet/kurotek/src/main/java/com/example/ui/MainDashboardScreen.kt:2943:124 No value passed for parameter 'content'.
e: file:///app/applet/kurotek/src/main/java/com/example/ui/MainDashboardScreen.kt:2944:62 Unresolved reference 'GlowOrangeGold'.
e: file:///app/applet/kurotek/src/main/java/com/example/ui/MainDashboardScreen.kt:2944:97 Syntax error: Expecting ')'.
e: file:///app/applet/kurotek/src/main/java/com/example/ui/MainDashboardScreen.kt:2944:102 Unresolved reference 'Color'.
e: file:///app/applet/kurotek/src/main/java/com/example/ui/MainDashboardScreen.kt:2944:120 Unresolved reference 'copy'.
e: file:///app/applet/kurotek/src/main/java/com/example/ui/MainDashboardScreen.kt:2944:139 Syntax error: Unexpected tokens (use ';' to separate expressions on the same line).
e: file:///app/applet/kurotek/src/main/java/com/example/ui/MainDashboardScreen.kt:2945:33 Syntax error: Expecting an element.
e: file:///app/applet/kurotek/src/main/java/com/example/ui/MainDashboardScreen.kt:2945:34 None of the following candidates is applicable:
fun Modifier.padding(paddingValues: PaddingValues): Modifier
fun Modifier.padding(all: Dp): Modifier
fun Modifier.padding(horizontal: Dp = ..., vertical: Dp = ...): Modifier
fun Modifier.padding(start: Dp = ..., top: Dp = ..., end: Dp = ..., bottom: Dp = ...): Modifier
e: file:///app/applet/kurotek/src/main/java/com/example/ui/MainDashboardScreen.kt:2945:78 Syntax error: Unexpected tokens (use ';' to separate expressions on the same line).
e: file:///app/applet/kurotek/src/main/java/com/example/ui/MainDashboardScreen.kt:2946:29 Unresolved reference 'horizontalArrangement'.
e: file:///app/applet/kurotek/src/main/java/com/example/ui/MainDashboardScreen.kt:2946:77 Syntax error: Unexpected tokens (use ';' to separate expressions on the same line).
e: file:///app/applet/kurotek/src/main/java/com/example/ui/MainDashboardScreen.kt:2947:29 Unresolved reference 'verticalAlignment'.
e: file:///app/applet/kurotek/src/main/java/com/example/ui/MainDashboardScreen.kt:2948:25 Syntax error: Expecting an element.
e: file:///app/applet/kurotek/src/main/java/com/example/ui/MainDashboardScreen.kt:2949:29 @Composable invocations can only happen from the context of a @Composable function
e: file:///app/applet/kurotek/src/main/java/com/example/ui/MainDashboardScreen.kt:2949:101 @Composable invocations can only happen from the context of a @Composable function
e: file:///app/applet/kurotek/src/main/java/com/example/ui/MainDashboardScreen.kt:2950:29 @Composable invocations can only happen from the context of a @Composable function
e: file:///app/applet/kurotek/src/main/java/com/example/ui/MainDashboardScreen.kt:2950:74 Unresolved reference 'GlowOrangeGold'.
e: file:///app/applet/kurotek/src/main/java/com/example/ui/MainDashboardScreen.kt:2950:89 Syntax error: Expecting ')'.
e: file:///app/applet/kurotek/src/main/java/com/example/ui/MainDashboardScreen.kt:2950:94 Unresolved reference 'Color'.
e: file:///app/applet/kurotek/src/main/java/com/example/ui/MainDashboardScreen.kt:2950:111 Syntax error: Unexpected tokens (use ';' to separate expressions on the same line).
e: file:///app/applet/kurotek/src/main/java/com/example/ui/MainDashboardScreen.kt:2959:13 No value passed for parameter 'category'.
e: file:///app/applet/kurotek/src/main/java/com/example/ui/MainDashboardScreen.kt:2959:13 No value passed for parameter 'code'.
e: file:///app/applet/kurotek/src/main/java/com/example/ui/MainDashboardScreen.kt:2961:18 Argument type mismatch: actual type is 'Color', but 'Int' was expected.
e: file:///app/applet/kurotek/src/main/java/com/example/ui/MainDashboardScreen.kt:2961:36 Syntax error: Expecting ')'.
e: file:///app/applet/kurotek/src/main/java/com/example/ui/MainDashboardScreen.kt:2961:41 Unresolved reference 'Color'.
e: file:///app/applet/kurotek/src/main/java/com/example/ui/MainDashboardScreen.kt:2961:58 Syntax error: Unexpected tokens (use ';' to separate expressions on the same line).
e: file:///app/applet/kurotek/src/main/java/com/example/ui/MainDashboardScreen.kt:2964:17 Unresolved reference 'modifier'.
e: file:///app/applet/kurotek/src/main/java/com/example/ui/MainDashboardScreen.kt:2965:13 Syntax error: Expecting an element.
e: file:///app/applet/kurotek/src/main/java/com/example/ui/MainDashboardScreen.kt:2966:17 @Composable invocations can only happen from the context of a @Composable function
e: file:///app/applet/kurotek/src/main/java/com/example/ui/MainDashboardScreen.kt:2973:33 Unresolved reference 'GlowOrangeGold'.
e: file:///app/applet/kurotek/src/main/java/com/example/ui/MainDashboardScreen.kt:2973:48 Syntax error: Expecting ')'.
e: file:///app/applet/kurotek/src/main/java/com/example/ui/MainDashboardScreen.kt:2973:53 Unresolved reference 'Color'.
e: file:///app/applet/kurotek/src/main/java/com/example/ui/MainDashboardScreen.kt:2973:70 Syntax error: Unexpected tokens (use ';' to separate expressions on the same line).
e: file:///app/applet/kurotek/src/main/java/com/example/ui/MainDashboardScreen.kt:2974:25 Unresolved reference 'fontWeight'.
e: file:///app/applet/kurotek/src/main/java/com/example/ui/MainDashboardScreen.kt:2974:53 Syntax error: Unexpected tokens (use ';' to separate expressions on the same line).
e: file:///app/applet/kurotek/src/main/java/com/example/ui/MainDashboardScreen.kt:2975:25 Unresolved reference 'fontSize'.
e: file:///app/applet/kurotek/src/main/java/com/example/ui/MainDashboardScreen.kt:2976:21 Syntax error: Expecting an element.
e: file:///app/applet/kurotek/src/main/java/com/example/ui/MainDashboardScreen.kt:2978:21 None of the following candidates is applicable:
fun OutlinedTextField(value: TextFieldValue, onValueChange: (TextFieldValue) -> Unit, modifier: Modifier = ..., enabled: Boolean = ..., readOnly: Boolean = ..., textStyle: TextStyle = ..., label: @Composable() ComposableFunction0<Unit>? = ..., placeholder: @Composable() ComposableFunction0<Unit>? = ..., leadingIcon: @Composable() ComposableFunction0<Unit>? = ..., trailingIcon: @Composable() ComposableFunction0<Unit>? = ..., prefix: @Composable() ComposableFunction0<Unit>? = ..., suffix: @Composable() ComposableFunction0<Unit>? = ..., supportingText: @Composable() ComposableFunction0<Unit>? = ..., isError: Boolean = ..., visualTransformation: VisualTransformation = ..., keyboardOptions: KeyboardOptions = ..., keyboardActions: KeyboardActions = ..., singleLine: Boolean = ..., maxLines: Int = ..., minLines: Int = ..., interactionSource: MutableInteractionSource? = ..., shape: Shape = ..., colors: TextFieldColors = ...): Unit
fun OutlinedTextField(value: String, onValueChange: (String) -> Unit, modifier: Modifier = ..., enabled: Boolean = ..., readOnly: Boolean = ..., textStyle: TextStyle = ..., label: @Composable() ComposableFunction0<Unit>? = ..., placeholder: @Composable() ComposableFunction0<Unit>? = ..., leadingIcon: @Composable() ComposableFunction0<Unit>? = ..., trailingIcon: @Composable() ComposableFunction0<Unit>? = ..., prefix: @Composable() ComposableFunction0<Unit>? = ..., suffix: @Composable() ComposableFunction0<Unit>? = ..., supportingText: @Composable() ComposableFunction0<Unit>? = ..., isError: Boolean = ..., visualTransformation: VisualTransformation = ..., keyboardOptions: KeyboardOptions = ..., keyboardActions: KeyboardActions = ..., singleLine: Boolean = ..., maxLines: Int = ..., minLines: Int = ..., interactionSource: MutableInteractionSource? = ..., shape: Shape = ..., colors: TextFieldColors = ...): Unit
e: file:///app/applet/kurotek/src/main/java/com/example/ui/MainDashboardScreen.kt:2980:67 Unresolved reference 'it'.
e: file:///app/applet/kurotek/src/main/java/com/example/ui/MainDashboardScreen.kt:2981:35 @Composable invocations can only happen from the context of a @Composable function
e: file:///app/applet/kurotek/src/main/java/com/example/ui/MainDashboardScreen.kt:2982:41 @Composable invocations can only happen from the context of a @Composable function
e: file:///app/applet/kurotek/src/main/java/com/example/ui/MainDashboardScreen.kt:2986:26 Unresolved reference 'GlowOrangeGold'.
e: file:///app/applet/kurotek/src/main/java/com/example/ui/MainDashboardScreen.kt:2986:41 Syntax error: Expecting ')'.
e: file:///app/applet/kurotek/src/main/java/com/example/ui/MainDashboardScreen.kt:2986:46 Unresolved reference 'Color'.
e: file:///app/applet/kurotek/src/main/java/com/example/ui/MainDashboardScreen.kt:2987:1 Syntax error: Expecting an element.
e: file:///app/applet/kurotek/src/main/java/com/example/ui/MainDashboardScreen.kt:2987:2 Syntax error: Unexpected tokens (use ';' to separate expressions on the same line).
e: file:///app/applet/kurotek/src/main/java/com/example/ui/MainDashboardScreen.kt:3008:49 Unresolved reference 'OrangeGoldGradient'.
e: file:///app/applet/kurotek/src/main/java/com/example/ui/MainDashboardScreen.kt:3016:25 No value passed for parameter 'content'.
e: file:///app/applet/kurotek/src/main/java/com/example/ui/MainDashboardScreen.kt:3022:30 Unresolved reference 'GlowOrangeGold'.
e: file:///app/applet/kurotek/src/main/java/com/example/ui/MainDashboardScreen.kt:3022:45 Syntax error: Expecting ')'.
e: file:///app/applet/kurotek/src/main/java/com/example/ui/MainDashboardScreen.kt:3022:50 Unresolved reference 'Color'.
e: file:///app/applet/kurotek/src/main/java/com/example/ui/MainDashboardScreen.kt:3022:67 Syntax error: Unexpected tokens (use ';' to separate expressions on the same line).
e: file:///app/applet/kurotek/src/main/java/com/example/ui/MainDashboardScreen.kt:3023:30 Unresolved reference 'GlowOrangeGold'.
e: file:///app/applet/kurotek/src/main/java/com/example/ui/MainDashboardScreen.kt:3023:45 Syntax error: Unexpected tokens (use ';' to separate expressions on the same line).
e: file:///app/applet/kurotek/src/main/java/com/example/ui/MainDashboardScreen.kt:3025:29 Unresolved reference 'modifier'.
e: file:///app/applet/kurotek/src/main/java/com/example/ui/MainDashboardScreen.kt:3028:25 Syntax error: Expecting an element.
e: file:///app/applet/kurotek/src/main/java/com/example/ui/MainDashboardScreen.kt:3029:29 @Composable invocations can only happen from the context of a @Composable function
e: file:///app/applet/kurotek/src/main/java/com/example/ui/MainDashboardScreen.kt:3183:41 Unresolved reference 'GlowOrangeGold'.
e: file:///app/applet/kurotek/src/main/java/com/example/ui/MainDashboardScreen.kt:3183:76 Syntax error: Unexpected tokens (use ';' to separate expressions on the same line).
e: file:///app/applet/kurotek/src/main/java/com/example/ui/MainDashboardScreen.kt:3193:45 Unresolved reference 'GlowOrangeGold'.
e: file:///app/applet/kurotek/src/main/java/com/example/ui/MainDashboardScreen.kt:3193:60 Syntax error: Unexpected tokens (use ';' to separate expressions on the same line).
e: file:///app/applet/kurotek/src/main/java/com/example/ui/MainDashboardScreen.kt:3195:63 Syntax error: Unexpected tokens (use ';' to separate expressions on the same line).
e: file:///app/applet/kurotek/src/main/java/com/example/ui/MainDashboardScreen.kt:3206:37 Unresolved reference 'GlowOrangeGold'.
e: file:///app/applet/kurotek/src/main/java/com/example/ui/MainDashboardScreen.kt:3206:52 Syntax error: Unexpected tokens (use ';' to separate expressions on the same line).
e: file:///app/applet/kurotek/src/main/java/com/example/ui/MainDashboardScreen.kt:3252:41 Unresolved reference 'GlowOrangeGold'.
e: file:///app/applet/kurotek/src/main/java/com/example/ui/MainDashboardScreen.kt:3252:76 Syntax error: Unexpected tokens (use ';' to separate expressions on the same line).
e: file:///app/applet/kurotek/src/main/java/com/example/ui/MainDashboardScreen.kt:3262:45 Unresolved reference 'GlowOrangeGold'.
e: file:///app/applet/kurotek/src/main/java/com/example/ui/MainDashboardScreen.kt:3262:60 Syntax error: Unexpected tokens (use ';' to separate expressions on the same line).
e: file:///app/applet/kurotek/src/main/java/com/example/ui/MainDashboardScreen.kt:3264:63 Syntax error: Unexpected tokens (use ';' to separate expressions on the same line).
e: file:///app/applet/kurotek/src/main/java/com/example/ui/MainDashboardScreen.kt:3275:37 Unresolved reference 'GlowOrangeGold'.
e: file:///app/applet/kurotek/src/main/java/com/example/ui/MainDashboardScreen.kt:3275:52 Syntax error: Unexpected tokens (use ';' to separate expressions on the same line).
e: file:///app/applet/kurotek/src/main/java/com/example/ui/MainDashboardScreen.kt:3321:25 No value passed for parameter 'category'.
e: file:///app/applet/kurotek/src/main/java/com/example/ui/MainDashboardScreen.kt:3321:25 No value passed for parameter 'code'.
e: file:///app/applet/kurotek/src/main/java/com/example/ui/MainDashboardScreen.kt:3322:26 Syntax error: Unexpected tokens (use ';' to separate expressions on the same line).
e: file:///app/applet/kurotek/src/main/java/com/example/ui/MainDashboardScreen.kt:3324:44 Syntax error: Unexpected tokens (use ';' to separate expressions on the same line).
e: file:///app/applet/kurotek/src/main/java/com/example/ui/MainDashboardScreen.kt:3325:25 Unresolved reference 'modifier'.
e: file:///app/applet/kurotek/src/main/java/com/example/ui/MainDashboardScreen.kt:3326:21 Syntax error: Expecting an element.
e: file:///app/applet/kurotek/src/main/java/com/example/ui/MainDashboardScreen.kt:3327:25 @Composable invocations can only happen from the context of a @Composable function
e: file:///app/applet/kurotek/src/main/java/com/example/ui/MainDashboardScreen.kt:3334:25 No value passed for parameter 'category'.
e: file:///app/applet/kurotek/src/main/java/com/example/ui/MainDashboardScreen.kt:3334:25 No value passed for parameter 'code'.
e: file:///app/applet/kurotek/src/main/java/com/example/ui/MainDashboardScreen.kt:3336:26 Syntax error: Unexpected tokens (use ';' to separate expressions on the same line).
e: file:///app/applet/kurotek/src/main/java/com/example/ui/MainDashboardScreen.kt:3338:31 Syntax error: Unexpected tokens (use ';' to separate expressions on the same line).
e: file:///app/applet/kurotek/src/main/java/com/example/ui/MainDashboardScreen.kt:3339:25 Unresolved reference 'modifier'.
e: file:///app/applet/kurotek/src/main/java/com/example/ui/MainDashboardScreen.kt:3340:21 Syntax error: Expecting an element.
e: file:///app/applet/kurotek/src/main/java/com/example/ui/MainDashboardScreen.kt:3341:25 @Composable invocations can only happen from the context of a @Composable function
e: file:///app/applet/kurotek/src/main/java/com/example/ui/MainDashboardScreen.kt:3370:46 None of the following candidates is applicable:
fun Modifier.background(brush: Brush, shape: Shape = ..., alpha: Float = ...): Modifier
fun Modifier.background(color: Color, shape: Shape = ...): Modifier
e: file:///app/applet/kurotek/src/main/java/com/example/ui/MainDashboardScreen.kt:3418:41 Unresolved reference 'StatusGreen'.
e: file:///app/applet/kurotek/src/main/java/com/example/ui/MainDashboardScreen.kt:3423:37 Unresolved reference 'StatusGreen'.
e: file:///app/applet/kurotek/src/main/java/com/example/ui/MainDashboardScreen.kt:3442:25 No value passed for parameter 'category'.
e: file:///app/applet/kurotek/src/main/java/com/example/ui/MainDashboardScreen.kt:3442:25 No value passed for parameter 'code'.
e: file:///app/applet/kurotek/src/main/java/com/example/ui/MainDashboardScreen.kt:3443:26 Syntax error: Unexpected tokens (use ';' to separate expressions on the same line).
e: file:///app/applet/kurotek/src/main/java/com/example/ui/MainDashboardScreen.kt:3445:44 Syntax error: Unexpected tokens (use ';' to separate expressions on the same line).
e: file:///app/applet/kurotek/src/main/java/com/example/ui/MainDashboardScreen.kt:3446:25 Unresolved reference 'modifier'.
e: file:///app/applet/kurotek/src/main/java/com/example/ui/MainDashboardScreen.kt:3447:21 Syntax error: Expecting an element.
e: file:///app/applet/kurotek/src/main/java/com/example/ui/MainDashboardScreen.kt:3448:25 @Composable invocations can only happen from the context of a @Composable function
e: file:///app/applet/kurotek/src/main/java/com/example/ui/MainDashboardScreen.kt:3455:25 No value passed for parameter 'category'.
e: file:///app/applet/kurotek/src/main/java/com/example/ui/MainDashboardScreen.kt:3455:25 No value passed for parameter 'code'.
e: file:///app/applet/kurotek/src/main/java/com/example/ui/MainDashboardScreen.kt:3457:26 Syntax error: Unexpected tokens (use ';' to separate expressions on the same line).
e: file:///app/applet/kurotek/src/main/java/com/example/ui/MainDashboardScreen.kt:3459:31 Syntax error: Unexpected tokens (use ';' to separate expressions on the same line).
e: file:///app/applet/kurotek/src/main/java/com/example/ui/MainDashboardScreen.kt:3460:25 Unresolved reference 'modifier'.
e: file:///app/applet/kurotek/src/main/java/com/example/ui/MainDashboardScreen.kt:3461:21 Syntax error: Expecting an element.
e: file:///app/applet/kurotek/src/main/java/com/example/ui/MainDashboardScreen.kt:3462:25 @Composable invocations can only happen from the context of a @Composable function
e: file:///app/applet/kurotek/src/main/java/com/example/ui/MainDashboardScreen.kt:3491:46 None of the following candidates is applicable:
fun Modifier.background(brush: Brush, shape: Shape = ..., alpha: Float = ...): Modifier
fun Modifier.background(color: Color, shape: Shape = ...): Modifier
e: file:///app/applet/kurotek/src/main/java/com/example/ui/MainDashboardScreen.kt:3515:57 Unresolved reference 'StatusGreen'.
e: file:///app/applet/kurotek/src/main/java/com/example/ui/MainDashboardScreen.kt:3520:53 Unresolved reference 'StatusGreen'.
e: file:///app/applet/kurotek/src/main/java/com/example/ui/MainDashboardScreen.kt:3547:21 No value passed for parameter 'category'.
e: file:///app/applet/kurotek/src/main/java/com/example/ui/MainDashboardScreen.kt:3547:21 No value passed for parameter 'code'.
e: file:///app/applet/kurotek/src/main/java/com/example/ui/MainDashboardScreen.kt:3548:22 Syntax error: Unexpected tokens (use ';' to separate expressions on the same line).
e: file:///app/applet/kurotek/src/main/java/com/example/ui/MainDashboardScreen.kt:3550:40 Syntax error: Unexpected tokens (use ';' to separate expressions on the same line).
e: file:///app/applet/kurotek/src/main/java/com/example/ui/MainDashboardScreen.kt:3551:21 Unresolved reference 'modifier'.
e: file:///app/applet/kurotek/src/main/java/com/example/ui/MainDashboardScreen.kt:3552:17 Syntax error: Expecting an element.
e: file:///app/applet/kurotek/src/main/java/com/example/ui/MainDashboardScreen.kt:3553:21 @Composable invocations can only happen from the context of a @Composable function
e: file:///app/applet/kurotek/src/main/java/com/example/ui/MainDashboardScreen.kt:3561:17 No value passed for parameter 'category'.
e: file:///app/applet/kurotek/src/main/java/com/example/ui/MainDashboardScreen.kt:3561:17 No value passed for parameter 'code'.
e: file:///app/applet/kurotek/src/main/java/com/example/ui/MainDashboardScreen.kt:3563:22 Argument type mismatch: actual type is 'Color', but 'Int' was expected.
e: file:///app/applet/kurotek/src/main/java/com/example/ui/MainDashboardScreen.kt:3563:40 Syntax error: Expecting ')'.
e: file:///app/applet/kurotek/src/main/java/com/example/ui/MainDashboardScreen.kt:3563:45 Unresolved reference 'Color'.
e: file:///app/applet/kurotek/src/main/java/com/example/ui/MainDashboardScreen.kt:3563:62 Syntax error: Unexpected tokens (use ';' to separate expressions on the same line).
e: file:///app/applet/kurotek/src/main/java/com/example/ui/MainDashboardScreen.kt:3565:27 Syntax error: Unexpected tokens (use ';' to separate expressions on the same line).
e: file:///app/applet/kurotek/src/main/java/com/example/ui/MainDashboardScreen.kt:3566:21 Unresolved reference 'modifier'.
e: file:///app/applet/kurotek/src/main/java/com/example/ui/MainDashboardScreen.kt:3567:17 Syntax error: Expecting an element.
e: file:///app/applet/kurotek/src/main/java/com/example/ui/MainDashboardScreen.kt:3568:21 @Composable invocations can only happen from the context of a @Composable function
e: file:///app/applet/kurotek/src/main/java/com/example/ui/MainDashboardScreen.kt:3583:79 Unresolved reference 'StatusGreen'.
e: file:///app/applet/kurotek/src/main/java/com/example/ui/MainDashboardScreen.kt:3588:75 Unresolved reference 'StatusGreen'.
e: file:///app/applet/kurotek/src/main/java/com/example/ui/MainDashboardScreen.kt:3596:41 Unresolved reference 'GlowOrangeGold'.
e: file:///app/applet/kurotek/src/main/java/com/example/ui/MainDashboardScreen.kt:3596:56 Syntax error: Expecting ')'.
e: file:///app/applet/kurotek/src/main/java/com/example/ui/MainDashboardScreen.kt:3596:61 Unresolved reference 'Color'.
e: file:///app/applet/kurotek/src/main/java/com/example/ui/MainDashboardScreen.kt:3596:78 Syntax error: Unexpected tokens (use ';' to separate expressions on the same line).
e: file:///app/applet/kurotek/src/main/java/com/example/ui/MainDashboardScreen.kt:3597:33 Unresolved reference 'fontWeight'.
e: file:///app/applet/kurotek/src/main/java/com/example/ui/MainDashboardScreen.kt:3597:61 Syntax error: Unexpected tokens (use ';' to separate expressions on the same line).
e: file:///app/applet/kurotek/src/main/java/com/example/ui/MainDashboardScreen.kt:3598:33 Unresolved reference 'fontSize'.
e: file:///app/applet/kurotek/src/main/java/com/example/ui/MainDashboardScreen.kt:3599:29 Syntax error: Expecting an element.
e: file:///app/applet/kurotek/src/main/java/com/example/ui/MainDashboardScreen.kt:3635:37 Unresolved reference 'OrangeGoldGradient'.
e: file:///app/applet/kurotek/src/main/java/com/example/ui/MainDashboardScreen.kt:3690:29 Unresolved reference 'OrangeGoldGradient'.
e: file:///app/applet/kurotek/src/main/java/com/example/ui/MainDashboardScreen.kt:3758:13 No value passed for parameter 'category'.
e: file:///app/applet/kurotek/src/main/java/com/example/ui/MainDashboardScreen.kt:3758:13 No value passed for parameter 'code'.
e: file:///app/applet/kurotek/src/main/java/com/example/ui/MainDashboardScreen.kt:3760:18 Argument type mismatch: actual type is 'Color', but 'Int' was expected.
e: file:///app/applet/kurotek/src/main/java/com/example/ui/MainDashboardScreen.kt:3760:36 Syntax error: Expecting ')'.
e: file:///app/applet/kurotek/src/main/java/com/example/ui/MainDashboardScreen.kt:3760:41 Unresolved reference 'Color'.
e: file:///app/applet/kurotek/src/main/java/com/example/ui/MainDashboardScreen.kt:3760:58 Syntax error: Unexpected tokens (use ';' to separate expressions on the same line).
e: file:///app/applet/kurotek/src/main/java/com/example/ui/MainDashboardScreen.kt:3763:17 Unresolved reference 'modifier'.
e: file:///app/applet/kurotek/src/main/java/com/example/ui/MainDashboardScreen.kt:3764:13 Syntax error: Expecting an element.
e: file:///app/applet/kurotek/src/main/java/com/example/ui/MainDashboardScreen.kt:3765:17 @Composable invocations can only happen from the context of a @Composable function
e: file:///app/applet/kurotek/src/main/java/com/example/ui/MainDashboardScreen.kt:3772:50 Unresolved reference 'GlowPurplePink'.
e: file:///app/applet/kurotek/src/main/java/com/example/ui/MainDashboardScreen.kt:3788:70 Unresolved reference 'GlowPurplePink'.
e: file:///app/applet/kurotek/src/main/java/com/example/ui/MainDashboardScreen.kt:3810:70 Unresolved reference 'GlowPurplePink'.
e: file:///app/applet/kurotek/src/main/java/com/example/ui/MainDashboardScreen.kt:3821:47 Unresolved reference 'GoldAccent'.
e: file:///app/applet/kurotek/src/main/java/com/example/ui/MainDashboardScreen.kt:3825:50 Unresolved reference 'GlowPurplePink'.
e: file:///app/applet/kurotek/src/main/java/com/example/ui/MainDashboardScreen.kt:3851:74 Unresolved reference 'GlowPurplePink'.
e: file:///app/applet/kurotek/src/main/java/com/example/ui/MainDashboardScreen.kt:3868:13 No value passed for parameter 'category'.
e: file:///app/applet/kurotek/src/main/java/com/example/ui/MainDashboardScreen.kt:3868:13 No value passed for parameter 'code'.
e: file:///app/applet/kurotek/src/main/java/com/example/ui/MainDashboardScreen.kt:3870:18 Argument type mismatch: actual type is 'Color', but 'Int' was expected.
e: file:///app/applet/kurotek/src/main/java/com/example/ui/MainDashboardScreen.kt:3870:36 Syntax error: Expecting ')'.
e: file:///app/applet/kurotek/src/main/java/com/example/ui/MainDashboardScreen.kt:3870:41 Unresolved reference 'Color'.
e: file:///app/applet/kurotek/src/main/java/com/example/ui/MainDashboardScreen.kt:3870:58 Syntax error: Unexpected tokens (use ';' to separate expressions on the same line).
e: file:///app/applet/kurotek/src/main/java/com/example/ui/MainDashboardScreen.kt:3873:17 Unresolved reference 'modifier'.
e: file:///app/applet/kurotek/src/main/java/com/example/ui/MainDashboardScreen.kt:3874:13 Syntax error: Expecting an element.
e: file:///app/applet/kurotek/src/main/java/com/example/ui/MainDashboardScreen.kt:3875:17 @Composable invocations can only happen from the context of a @Composable function
e: file:///app/applet/kurotek/src/main/java/com/example/ui/MainDashboardScreen.kt:3882:50 Unresolved reference 'GlowPurplePink'.
e: file:///app/applet/kurotek/src/main/java/com/example/ui/MainDashboardScreen.kt:3888:21 None of the following candidates is applicable:
fun OutlinedTextField(value: TextFieldValue, onValueChange: (TextFieldValue) -> Unit, modifier: Modifier = ..., enabled: Boolean = ..., readOnly: Boolean = ..., textStyle: TextStyle = ..., label: @Composable() ComposableFunction0<Unit>? = ..., placeholder: @Composable() ComposableFunction0<Unit>? = ..., leadingIcon: @Composable() ComposableFunction0<Unit>? = ..., trailingIcon: @Composable() ComposableFunction0<Unit>? = ..., prefix: @Composable() ComposableFunction0<Unit>? = ..., suffix: @Composable() ComposableFunction0<Unit>? = ..., supportingText: @Composable() ComposableFunction0<Unit>? = ..., isError: Boolean = ..., visualTransformation: VisualTransformation = ..., keyboardOptions: KeyboardOptions = ..., keyboardActions: KeyboardActions = ..., singleLine: Boolean = ..., maxLines: Int = ..., minLines: Int = ..., interactionSource: MutableInteractionSource? = ..., shape: Shape = ..., colors: TextFieldColors = ...): Unit
fun OutlinedTextField(value: String, onValueChange: (String) -> Unit, modifier: Modifier = ..., enabled: Boolean = ..., readOnly: Boolean = ..., textStyle: TextStyle = ..., label: @Composable() ComposableFunction0<Unit>? = ..., placeholder: @Composable() ComposableFunction0<Unit>? = ..., leadingIcon: @Composable() ComposableFunction0<Unit>? = ..., trailingIcon: @Composable() ComposableFunction0<Unit>? = ..., prefix: @Composable() ComposableFunction0<Unit>? = ..., suffix: @Composable() ComposableFunction0<Unit>? = ..., supportingText: @Composable() ComposableFunction0<Unit>? = ..., isError: Boolean = ..., visualTransformation: VisualTransformation = ..., keyboardOptions: KeyboardOptions = ..., keyboardActions: KeyboardActions = ..., singleLine: Boolean = ..., maxLines: Int = ..., minLines: Int = ..., interactionSource: MutableInteractionSource? = ..., shape: Shape = ..., colors: TextFieldColors = ...): Unit
e: file:///app/applet/kurotek/src/main/java/com/example/ui/MainDashboardScreen.kt:3890:65 Unresolved reference 'it'.
e: file:///app/applet/kurotek/src/main/java/com/example/ui/MainDashboardScreen.kt:3891:35 @Composable invocations can only happen from the context of a @Composable function
e: file:///app/applet/kurotek/src/main/java/com/example/ui/MainDashboardScreen.kt:3894:26 Unresolved reference 'GlowPurplePink'.
e: file:///app/applet/kurotek/src/main/java/com/example/ui/MainDashboardScreen.kt:3894:41 Syntax error: Expecting ')'.
e: file:///app/applet/kurotek/src/main/java/com/example/ui/MainDashboardScreen.kt:3894:46 Unresolved reference 'Color'.
e: file:///app/applet/kurotek/src/main/java/com/example/ui/MainDashboardScreen.kt:3895:1 Syntax error: Expecting an element.
e: file:///app/applet/kurotek/src/main/java/com/example/ui/MainDashboardScreen.kt:3895:2 Syntax error: Unexpected tokens (use ';' to separate expressions on the same line).
e: file:///app/applet/kurotek/src/main/java/com/example/ui/MainDashboardScreen.kt:3898:21 None of the following candidates is applicable:
fun OutlinedTextField(value: TextFieldValue, onValueChange: (TextFieldValue) -> Unit, modifier: Modifier = ..., enabled: Boolean = ..., readOnly: Boolean = ..., textStyle: TextStyle = ..., label: @Composable() ComposableFunction0<Unit>? = ..., placeholder: @Composable() ComposableFunction0<Unit>? = ..., leadingIcon: @Composable() ComposableFunction0<Unit>? = ..., trailingIcon: @Composable() ComposableFunction0<Unit>? = ..., prefix: @Composable() ComposableFunction0<Unit>? = ..., suffix: @Composable() ComposableFunction0<Unit>? = ..., supportingText: @Composable() ComposableFunction0<Unit>? = ..., isError: Boolean = ..., visualTransformation: VisualTransformation = ..., keyboardOptions: KeyboardOptions = ..., keyboardActions: KeyboardActions = ..., singleLine: Boolean = ..., maxLines: Int = ..., minLines: Int = ..., interactionSource: MutableInteractionSource? = ..., shape: Shape = ..., colors: TextFieldColors = ...): Unit
fun OutlinedTextField(value: String, onValueChange: (String) -> Unit, modifier: Modifier = ..., enabled: Boolean = ..., readOnly: Boolean = ..., textStyle: TextStyle = ..., label: @Composable() ComposableFunction0<Unit>? = ..., placeholder: @Composable() ComposableFunction0<Unit>? = ..., leadingIcon: @Composable() ComposableFunction0<Unit>? = ..., trailingIcon: @Composable() ComposableFunction0<Unit>? = ..., prefix: @Composable() ComposableFunction0<Unit>? = ..., suffix: @Composable() ComposableFunction0<Unit>? = ..., supportingText: @Composable() ComposableFunction0<Unit>? = ..., isError: Boolean = ..., visualTransformation: VisualTransformation = ..., keyboardOptions: KeyboardOptions = ..., keyboardActions: KeyboardActions = ..., singleLine: Boolean = ..., maxLines: Int = ..., minLines: Int = ..., interactionSource: MutableInteractionSource? = ..., shape: Shape = ..., colors: TextFieldColors = ...): Unit
e: file:///app/applet/kurotek/src/main/java/com/example/ui/MainDashboardScreen.kt:3900:65 Unresolved reference 'it'.
e: file:///app/applet/kurotek/src/main/java/com/example/ui/MainDashboardScreen.kt:3901:35 @Composable invocations can only happen from the context of a @Composable function
e: file:///app/applet/kurotek/src/main/java/com/example/ui/MainDashboardScreen.kt:3904:26 Unresolved reference 'GlowPurplePink'.
e: file:///app/applet/kurotek/src/main/java/com/example/ui/MainDashboardScreen.kt:3904:41 Syntax error: Expecting ')'.
e: file:///app/applet/kurotek/src/main/java/com/example/ui/MainDashboardScreen.kt:3904:46 Unresolved reference 'Color'.
e: file:///app/applet/kurotek/src/main/java/com/example/ui/MainDashboardScreen.kt:3905:1 Syntax error: Expecting an element.
e: file:///app/applet/kurotek/src/main/java/com/example/ui/MainDashboardScreen.kt:3905:2 Syntax error: Unexpected tokens (use ';' to separate expressions on the same line).
e: file:///app/applet/kurotek/src/main/java/com/example/ui/MainDashboardScreen.kt:3908:21 None of the following candidates is applicable:
fun OutlinedTextField(value: TextFieldValue, onValueChange: (TextFieldValue) -> Unit, modifier: Modifier = ..., enabled: Boolean = ..., readOnly: Boolean = ..., textStyle: TextStyle = ..., label: @Composable() ComposableFunction0<Unit>? = ..., placeholder: @Composable() ComposableFunction0<Unit>? = ..., leadingIcon: @Composable() ComposableFunction0<Unit>? = ..., trailingIcon: @Composable() ComposableFunction0<Unit>? = ..., prefix: @Composable() ComposableFunction0<Unit>? = ..., suffix: @Composable() ComposableFunction0<Unit>? = ..., supportingText: @Composable() ComposableFunction0<Unit>? = ..., isError: Boolean = ..., visualTransformation: VisualTransformation = ..., keyboardOptions: KeyboardOptions = ..., keyboardActions: KeyboardActions = ..., singleLine: Boolean = ..., maxLines: Int = ..., minLines: Int = ..., interactionSource: MutableInteractionSource? = ..., shape: Shape = ..., colors: TextFieldColors = ...): Unit
fun OutlinedTextField(value: String, onValueChange: (String) -> Unit, modifier: Modifier = ..., enabled: Boolean = ..., readOnly: Boolean = ..., textStyle: TextStyle = ..., label: @Composable() ComposableFunction0<Unit>? = ..., placeholder: @Composable() ComposableFunction0<Unit>? = ..., leadingIcon: @Composable() ComposableFunction0<Unit>? = ..., trailingIcon: @Composable() ComposableFunction0<Unit>? = ..., prefix: @Composable() ComposableFunction0<Unit>? = ..., suffix: @Composable() ComposableFunction0<Unit>? = ..., supportingText: @Composable() ComposableFunction0<Unit>? = ..., isError: Boolean = ..., visualTransformation: VisualTransformation = ..., keyboardOptions: KeyboardOptions = ..., keyboardActions: KeyboardActions = ..., singleLine: Boolean = ..., maxLines: Int = ..., minLines: Int = ..., interactionSource: MutableInteractionSource? = ..., shape: Shape = ..., colors: TextFieldColors = ...): Unit
e: file:///app/applet/kurotek/src/main/java/com/example/ui/MainDashboardScreen.kt:3910:63 Unresolved reference 'it'.
e: file:///app/applet/kurotek/src/main/java/com/example/ui/MainDashboardScreen.kt:3911:35 @Composable invocations can only happen from the context of a @Composable function
e: file:///app/applet/kurotek/src/main/java/com/example/ui/MainDashboardScreen.kt:3912:41 @Composable invocations can only happen from the context of a @Composable function
e: file:///app/applet/kurotek/src/main/java/com/example/ui/MainDashboardScreen.kt:3916:26 Unresolved reference 'GlowPurplePink'.
e: file:///app/applet/kurotek/src/main/java/com/example/ui/MainDashboardScreen.kt:3916:41 Syntax error: Expecting ')'.
e: file:///app/applet/kurotek/src/main/java/com/example/ui/MainDashboardScreen.kt:3916:46 Unresolved reference 'Color'.
e: file:///app/applet/kurotek/src/main/java/com/example/ui/MainDashboardScreen.kt:3917:1 Syntax error: Expecting an element.
e: file:///app/applet/kurotek/src/main/java/com/example/ui/MainDashboardScreen.kt:3917:2 Syntax error: Unexpected tokens (use ';' to separate expressions on the same line).
e: file:///app/applet/kurotek/src/main/java/com/example/ui/MainDashboardScreen.kt:3920:21 None of the following candidates is applicable:
fun OutlinedTextField(value: TextFieldValue, onValueChange: (TextFieldValue) -> Unit, modifier: Modifier = ..., enabled: Boolean = ..., readOnly: Boolean = ..., textStyle: TextStyle = ..., label: @Composable() ComposableFunction0<Unit>? = ..., placeholder: @Composable() ComposableFunction0<Unit>? = ..., leadingIcon: @Composable() ComposableFunction0<Unit>? = ..., trailingIcon: @Composable() ComposableFunction0<Unit>? = ..., prefix: @Composable() ComposableFunction0<Unit>? = ..., suffix: @Composable() ComposableFunction0<Unit>? = ..., supportingText: @Composable() ComposableFunction0<Unit>? = ..., isError: Boolean = ..., visualTransformation: VisualTransformation = ..., keyboardOptions: KeyboardOptions = ..., keyboardActions: KeyboardActions = ..., singleLine: Boolean = ..., maxLines: Int = ..., minLines: Int = ..., interactionSource: MutableInteractionSource? = ..., shape: Shape = ..., colors: TextFieldColors = ...): Unit
fun OutlinedTextField(value: String, onValueChange: (String) -> Unit, modifier: Modifier = ..., enabled: Boolean = ..., readOnly: Boolean = ..., textStyle: TextStyle = ..., label: @Composable() ComposableFunction0<Unit>? = ..., placeholder: @Composable() ComposableFunction0<Unit>? = ..., leadingIcon: @Composable() ComposableFunction0<Unit>? = ..., trailingIcon: @Composable() ComposableFunction0<Unit>? = ..., prefix: @Composable() ComposableFunction0<Unit>? = ..., suffix: @Composable() ComposableFunction0<Unit>? = ..., supportingText: @Composable() ComposableFunction0<Unit>? = ..., isError: Boolean = ..., visualTransformation: VisualTransformation = ..., keyboardOptions: KeyboardOptions = ..., keyboardActions: KeyboardActions = ..., singleLine: Boolean = ..., maxLines: Int = ..., minLines: Int = ..., interactionSource: MutableInteractionSource? = ..., shape: Shape = ..., colors: TextFieldColors = ...): Unit
e: file:///app/applet/kurotek/src/main/java/com/example/ui/MainDashboardScreen.kt:3922:73 Unresolved reference 'it'.
e: file:///app/applet/kurotek/src/main/java/com/example/ui/MainDashboardScreen.kt:3923:35 @Composable invocations can only happen from the context of a @Composable function
e: file:///app/applet/kurotek/src/main/java/com/example/ui/MainDashboardScreen.kt:3924:41 @Composable invocations can only happen from the context of a @Composable function
e: file:///app/applet/kurotek/src/main/java/com/example/ui/MainDashboardScreen.kt:3928:26 Unresolved reference 'GlowPurplePink'.
e: file:///app/applet/kurotek/src/main/java/com/example/ui/MainDashboardScreen.kt:3928:41 Syntax error: Expecting ')'.
e: file:///app/applet/kurotek/src/main/java/com/example/ui/MainDashboardScreen.kt:3928:46 Unresolved reference 'Color'.
e: file:///app/applet/kurotek/src/main/java/com/example/ui/MainDashboardScreen.kt:3929:1 Syntax error: Expecting an element.
e: file:///app/applet/kurotek/src/main/java/com/example/ui/MainDashboardScreen.kt:3929:2 Syntax error: Unexpected tokens (use ';' to separate expressions on the same line).
e: file:///app/applet/kurotek/src/main/java/com/example/ui/MainDashboardScreen.kt:3934:58 Unresolved reference 'StatusGreen'.
e: file:///app/applet/kurotek/src/main/java/com/example/ui/MainDashboardScreen.kt:3973:45 Unresolved reference 'PurplePinkGradient'.
e: file:///app/applet/kurotek/src/main/java/com/example/ui/MainDashboardScreen.kt:3986:13 No value passed for parameter 'category'.
e: file:///app/applet/kurotek/src/main/java/com/example/ui/MainDashboardScreen.kt:3986:13 No value passed for parameter 'code'.
e: file:///app/applet/kurotek/src/main/java/com/example/ui/MainDashboardScreen.kt:3988:18 Argument type mismatch: actual type is 'Color', but 'Int' was expected.
e: file:///app/applet/kurotek/src/main/java/com/example/ui/MainDashboardScreen.kt:3988:36 Syntax error: Expecting ')'.
e: file:///app/applet/kurotek/src/main/java/com/example/ui/MainDashboardScreen.kt:3988:41 Unresolved reference 'Color'.
e: file:///app/applet/kurotek/src/main/java/com/example/ui/MainDashboardScreen.kt:3988:58 Syntax error: Unexpected tokens (use ';' to separate expressions on the same line).
e: file:///app/applet/kurotek/src/main/java/com/example/ui/MainDashboardScreen.kt:3991:17 Unresolved reference 'modifier'.
e: file:///app/applet/kurotek/src/main/java/com/example/ui/MainDashboardScreen.kt:3992:13 Syntax error: Expecting an element.
e: file:///app/applet/kurotek/src/main/java/com/example/ui/MainDashboardScreen.kt:3993:17 @Composable invocations can only happen from the context of a @Composable function
e: file:///app/applet/kurotek/src/main/java/com/example/ui/MainDashboardScreen.kt:4005:66 Unresolved reference 'GlowPurplePink'.
e: file:///app/applet/kurotek/src/main/java/com/example/ui/MainDashboardScreen.kt:4012:54 Unresolved reference 'GlowPurplePink'.
e: file:///app/applet/kurotek/src/main/java/com/example/ui/MainDashboardScreen.kt:4031:13 No value passed for parameter 'category'.
e: file:///app/applet/kurotek/src/main/java/com/example/ui/MainDashboardScreen.kt:4031:13 No value passed for parameter 'code'.
e: file:///app/applet/kurotek/src/main/java/com/example/ui/MainDashboardScreen.kt:4033:18 Argument type mismatch: actual type is 'Color', but 'Int' was expected.
e: file:///app/applet/kurotek/src/main/java/com/example/ui/MainDashboardScreen.kt:4033:36 Syntax error: Expecting ')'.
e: file:///app/applet/kurotek/src/main/java/com/example/ui/MainDashboardScreen.kt:4033:41 Unresolved reference 'Color'.
e: file:///app/applet/kurotek/src/main/java/com/example/ui/MainDashboardScreen.kt:4033:58 Syntax error: Unexpected tokens (use ';' to separate expressions on the same line).
e: file:///app/applet/kurotek/src/main/java/com/example/ui/MainDashboardScreen.kt:4035:17 Unresolved reference 'modifier'.
e: file:///app/applet/kurotek/src/main/java/com/example/ui/MainDashboardScreen.kt:4036:13 Syntax error: Expecting an element.
e: file:///app/applet/kurotek/src/main/java/com/example/ui/MainDashboardScreen.kt:4037:17 @Composable invocations can only happen from the context of a @Composable function
e: file:///app/applet/kurotek/src/main/java/com/example/ui/MainDashboardScreen.kt:4044:50 Unresolved reference 'GlowPurplePink'.
e: file:///app/applet/kurotek/src/main/java/com/example/ui/MainDashboardScreen.kt:4059:37 Unresolved reference 'GoldAccent'.
e: file:///app/applet/kurotek/src/main/java/com/example/ui/MainDashboardScreen.kt:4083:29 No value passed for parameter 'content'.
e: file:///app/applet/kurotek/src/main/java/com/example/ui/MainDashboardScreen.kt:4083:50 Syntax error: Unexpected tokens (use ';' to separate expressions on the same line).
e: file:///app/applet/kurotek/src/main/java/com/example/ui/MainDashboardScreen.kt:4084:30 Unresolved reference 'GlowPurplePink'.
e: file:///app/applet/kurotek/src/main/java/com/example/ui/MainDashboardScreen.kt:4084:64 Syntax error: Unexpected tokens (use ';' to separate expressions on the same line).
e: file:///app/applet/kurotek/src/main/java/com/example/ui/MainDashboardScreen.kt:4086:29 Unresolved reference 'modifier'.
e: file:///app/applet/kurotek/src/main/java/com/example/ui/MainDashboardScreen.kt:4087:25 Syntax error: Expecting an element.
e: file:///app/applet/kurotek/src/main/java/com/example/ui/MainDashboardScreen.kt:4088:29 @Composable invocations can only happen from the context of a @Composable function
e: file:///app/applet/kurotek/src/main/java/com/example/ui/MainDashboardScreen.kt:4088:134 @Composable invocations can only happen from the context of a @Composable function
e: file:///app/applet/kurotek/src/main/java/com/example/ui/MainDashboardScreen.kt:4092:25 No value passed for parameter 'content'.
e: file:///app/applet/kurotek/src/main/java/com/example/ui/MainDashboardScreen.kt:4104:30 Mixing named and positional arguments is not allowed unless the order of the arguments matches the order of the parameters.
e: file:///app/applet/kurotek/src/main/java/com/example/ui/MainDashboardScreen.kt:4104:30 Unresolved reference 'GlowPurplePink'.
e: file:///app/applet/kurotek/src/main/java/com/example/ui/MainDashboardScreen.kt:4104:45 Syntax error: Expecting ')'.
e: file:///app/applet/kurotek/src/main/java/com/example/ui/MainDashboardScreen.kt:4104:50 Unresolved reference 'Color'.
e: file:///app/applet/kurotek/src/main/java/com/example/ui/MainDashboardScreen.kt:4104:67 Syntax error: Unexpected tokens (use ';' to separate expressions on the same line).
e: file:///app/applet/kurotek/src/main/java/com/example/ui/MainDashboardScreen.kt:4106:29 Unresolved reference 'modifier'.
e: file:///app/applet/kurotek/src/main/java/com/example/ui/MainDashboardScreen.kt:4107:25 Syntax error: Expecting an element.
e: file:///app/applet/kurotek/src/main/java/com/example/ui/MainDashboardScreen.kt:4108:29 @Composable invocations can only happen from the context of a @Composable function
e: file:///app/applet/kurotek/src/main/java/com/example/ui/MainDashboardScreen.kt:4108:129 @Composable invocations can only happen from the context of a @Composable function
e: file:///app/applet/kurotek/src/main/java/com/example/ui/MainDashboardScreen.kt:4117:17 No value passed for parameter 'category'.
e: file:///app/applet/kurotek/src/main/java/com/example/ui/MainDashboardScreen.kt:4117:17 No value passed for parameter 'code'.
e: file:///app/applet/kurotek/src/main/java/com/example/ui/MainDashboardScreen.kt:4118:18 Syntax error: Unexpected tokens (use ';' to separate expressions on the same line).
e: file:///app/applet/kurotek/src/main/java/com/example/ui/MainDashboardScreen.kt:4119:36 Syntax error: Unexpected tokens (use ';' to separate expressions on the same line).
e: file:///app/applet/kurotek/src/main/java/com/example/ui/MainDashboardScreen.kt:4121:17 Unresolved reference 'modifier'.
e: file:///app/applet/kurotek/src/main/java/com/example/ui/MainDashboardScreen.kt:4122:13 Syntax error: Expecting an element.
e: file:///app/applet/kurotek/src/main/java/com/example/ui/MainDashboardScreen.kt:4123:17 @Composable invocations can only happen from the context of a @Composable function
e: file:///app/applet/kurotek/src/main/java/com/example/ui/MainDashboardScreen.kt:4130:50 Unresolved reference 'GlowPurplePink'.
e: file:///app/applet/kurotek/src/main/java/com/example/ui/MainDashboardScreen.kt:4135:47 Unresolved reference 'GoldAccent'.
e: file:///app/applet/kurotek/src/main/java/com/example/ui/MainDashboardScreen.kt:4147:75 Unresolved reference 'GlowPurplePink'.
e: file:///app/applet/kurotek/src/main/java/com/example/ui/MainDashboardScreen.kt:4201:29 Unresolved reference 'GlowPurplePink'.
e: file:///app/applet/kurotek/src/main/java/com/example/ui/MainDashboardScreen.kt:4201:44 Syntax error: Expecting ')'.
e: file:///app/applet/kurotek/src/main/java/com/example/ui/MainDashboardScreen.kt:4201:49 Unresolved reference 'Color'.
e: file:///app/applet/kurotek/src/main/java/com/example/ui/MainDashboardScreen.kt:4201:66 Syntax error: Unexpected tokens (use ';' to separate expressions on the same line).
e: file:///app/applet/kurotek/src/main/java/com/example/ui/MainDashboardScreen.kt:4202:21 Unresolved reference 'fontSize'.
e: file:///app/applet/kurotek/src/main/java/com/example/ui/MainDashboardScreen.kt:4202:37 Syntax error: Unexpected tokens (use ';' to separate expressions on the same line).
e: file:///app/applet/kurotek/src/main/java/com/example/ui/MainDashboardScreen.kt:4203:21 Unresolved reference 'fontWeight'.
e: file:///app/applet/kurotek/src/main/java/com/example/ui/MainDashboardScreen.kt:4203:49 Syntax error: Unexpected tokens (use ';' to separate expressions on the same line).
e: file:///app/applet/kurotek/src/main/java/com/example/ui/MainDashboardScreen.kt:4204:21 Unresolved reference 'textAlign'.
e: file:///app/applet/kurotek/src/main/java/com/example/ui/MainDashboardScreen.kt:4205:17 Syntax error: Expecting an element.
e: file:///app/applet/kurotek/src/main/java/com/example/ui/MainDashboardScreen.kt:4218:13 No value passed for parameter 'category'.
e: file:///app/applet/kurotek/src/main/java/com/example/ui/MainDashboardScreen.kt:4218:13 No value passed for parameter 'code'.
e: file:///app/applet/kurotek/src/main/java/com/example/ui/MainDashboardScreen.kt:4220:18 Argument type mismatch: actual type is 'Color', but 'Int' was expected.
e: file:///app/applet/kurotek/src/main/java/com/example/ui/MainDashboardScreen.kt:4220:36 Syntax error: Expecting ')'.
e: file:///app/applet/kurotek/src/main/java/com/example/ui/MainDashboardScreen.kt:4220:41 Unresolved reference 'Color'.
e: file:///app/applet/kurotek/src/main/java/com/example/ui/MainDashboardScreen.kt:4220:58 Syntax error: Unexpected tokens (use ';' to separate expressions on the same line).
e: file:///app/applet/kurotek/src/main/java/com/example/ui/MainDashboardScreen.kt:4223:17 Unresolved reference 'modifier'.
e: file:///app/applet/kurotek/src/main/java/com/example/ui/MainDashboardScreen.kt:4224:13 Syntax error: Expecting an element.
e: file:///app/applet/kurotek/src/main/java/com/example/ui/MainDashboardScreen.kt:4225:17 @Composable invocations can only happen from the context of a @Composable function
e: file:///app/applet/kurotek/src/main/java/com/example/ui/MainDashboardScreen.kt:4232:33 Unresolved reference 'GlowPurplePink'.
e: file:///app/applet/kurotek/src/main/java/com/example/ui/MainDashboardScreen.kt:4232:48 Syntax error: Expecting ')'.
e: file:///app/applet/kurotek/src/main/java/com/example/ui/MainDashboardScreen.kt:4232:53 Unresolved reference 'Color'.
e: file:///app/applet/kurotek/src/main/java/com/example/ui/MainDashboardScreen.kt:4232:70 Syntax error: Unexpected tokens (use ';' to separate expressions on the same line).
e: file:///app/applet/kurotek/src/main/java/com/example/ui/MainDashboardScreen.kt:4233:25 Unresolved reference 'fontWeight'.
e: file:///app/applet/kurotek/src/main/java/com/example/ui/MainDashboardScreen.kt:4233:53 Syntax error: Unexpected tokens (use ';' to separate expressions on the same line).
e: file:///app/applet/kurotek/src/main/java/com/example/ui/MainDashboardScreen.kt:4234:25 Unresolved reference 'fontSize'.
e: file:///app/applet/kurotek/src/main/java/com/example/ui/MainDashboardScreen.kt:4235:21 Syntax error: Expecting an element.
e: file:///app/applet/kurotek/src/main/java/com/example/ui/MainDashboardScreen.kt:4238:21 None of the following candidates is applicable:
fun OutlinedTextField(value: TextFieldValue, onValueChange: (TextFieldValue) -> Unit, modifier: Modifier = ..., enabled: Boolean = ..., readOnly: Boolean = ..., textStyle: TextStyle = ..., label: @Composable() ComposableFunction0<Unit>? = ..., placeholder: @Composable() ComposableFunction0<Unit>? = ..., leadingIcon: @Composable() ComposableFunction0<Unit>? = ..., trailingIcon: @Composable() ComposableFunction0<Unit>? = ..., prefix: @Composable() ComposableFunction0<Unit>? = ..., suffix: @Composable() ComposableFunction0<Unit>? = ..., supportingText: @Composable() ComposableFunction0<Unit>? = ..., isError: Boolean = ..., visualTransformation: VisualTransformation = ..., keyboardOptions: KeyboardOptions = ..., keyboardActions: KeyboardActions = ..., singleLine: Boolean = ..., maxLines: Int = ..., minLines: Int = ..., interactionSource: MutableInteractionSource? = ..., shape: Shape = ..., colors: TextFieldColors = ...): Unit
fun OutlinedTextField(value: String, onValueChange: (String) -> Unit, modifier: Modifier = ..., enabled: Boolean = ..., readOnly: Boolean = ..., textStyle: TextStyle = ..., label: @Composable() ComposableFunction0<Unit>? = ..., placeholder: @Composable() ComposableFunction0<Unit>? = ..., leadingIcon: @Composable() ComposableFunction0<Unit>? = ..., trailingIcon: @Composable() ComposableFunction0<Unit>? = ..., prefix: @Composable() ComposableFunction0<Unit>? = ..., suffix: @Composable() ComposableFunction0<Unit>? = ..., supportingText: @Composable() ComposableFunction0<Unit>? = ..., isError: Boolean = ..., visualTransformation: VisualTransformation = ..., keyboardOptions: KeyboardOptions = ..., keyboardActions: KeyboardActions = ..., singleLine: Boolean = ..., maxLines: Int = ..., minLines: Int = ..., interactionSource: MutableInteractionSource? = ..., shape: Shape = ..., colors: TextFieldColors = ...): Unit
e: file:///app/applet/kurotek/src/main/java/com/example/ui/MainDashboardScreen.kt:4240:58 Unresolved reference 'it'.
e: file:///app/applet/kurotek/src/main/java/com/example/ui/MainDashboardScreen.kt:4241:35 @Composable invocations can only happen from the context of a @Composable function
e: file:///app/applet/kurotek/src/main/java/com/example/ui/MainDashboardScreen.kt:4242:41 @Composable invocations can only happen from the context of a @Composable function
e: file:///app/applet/kurotek/src/main/java/com/example/ui/MainDashboardScreen.kt:4246:26 Unresolved reference 'GlowPurplePink'.
e: file:///app/applet/kurotek/src/main/java/com/example/ui/MainDashboardScreen.kt:4246:41 Syntax error: Expecting ')'.
e: file:///app/applet/kurotek/src/main/java/com/example/ui/MainDashboardScreen.kt:4246:46 Unresolved reference 'Color'.
e: file:///app/applet/kurotek/src/main/java/com/example/ui/MainDashboardScreen.kt:4247:1 Syntax error: Expecting an element.
e: file:///app/applet/kurotek/src/main/java/com/example/ui/MainDashboardScreen.kt:4247:2 Syntax error: Unexpected tokens (use ';' to separate expressions on the same line).
e: file:///app/applet/kurotek/src/main/java/com/example/ui/MainDashboardScreen.kt:4269:63 Unresolved reference 'GlowPurplePink'.
e: file:///app/applet/kurotek/src/main/java/com/example/ui/MainDashboardScreen.kt:4269:77 Syntax error: Expecting ')'.
e: file:///app/applet/kurotek/src/main/java/com/example/ui/MainDashboardScreen.kt:4269:78 Syntax error: Expecting ')'.
e: file:///app/applet/kurotek/src/main/java/com/example/ui/MainDashboardScreen.kt:4269:83 Unresolved reference 'Color'.
e: file:///app/applet/kurotek/src/main/java/com/example/ui/MainDashboardScreen.kt:4269:102 Unresolved reference 'copy'.
e: file:///app/applet/kurotek/src/main/java/com/example/ui/MainDashboardScreen.kt:4269:121 Syntax error: Unexpected tokens (use ';' to separate expressions on the same line).
e: file:///app/applet/kurotek/src/main/java/com/example/ui/MainDashboardScreen.kt:4270:37 Unresolved reference 'selectedLabelColor'.
e: file:///app/applet/kurotek/src/main/java/com/example/ui/MainDashboardScreen.kt:4270:58 Unresolved reference 'GlowPurplePink'.
e: file:///app/applet/kurotek/src/main/java/com/example/ui/MainDashboardScreen.kt:4270:73 Syntax error: Unexpected tokens (use ';' to separate expressions on the same line).
e: file:///app/applet/kurotek/src/main/java/com/example/ui/MainDashboardScreen.kt:4271:37 Unresolved reference 'labelColor'.
e: file:///app/applet/kurotek/src/main/java/com/example/ui/MainDashboardScreen.kt:4272:33 Syntax error: Expecting an element.
e: file:///app/applet/kurotek/src/main/java/com/example/ui/MainDashboardScreen.kt:4272:34 Syntax error: Unexpected tokens (use ';' to separate expressions on the same line).
e: file:///app/applet/kurotek/src/main/java/com/example/ui/MainDashboardScreen.kt:4273:33 Function invocation 'border(...)' expected.
e: file:///app/applet/kurotek/src/main/java/com/example/ui/MainDashboardScreen.kt:4273:33 Variable expected.
e: file:///app/applet/kurotek/src/main/java/com/example/ui/MainDashboardScreen.kt:4273:42 Assignment type mismatch: actual type is 'BorderStroke', but 'Modifier' was expected.
e: file:///app/applet/kurotek/src/main/java/com/example/ui/MainDashboardScreen.kt:4276:78 Unresolved reference 'GlowPurplePink'.
e: file:///app/applet/kurotek/src/main/java/com/example/ui/MainDashboardScreen.kt:4276:92 Syntax error: Expecting ')'.
e: file:///app/applet/kurotek/src/main/java/com/example/ui/MainDashboardScreen.kt:4276:117 Syntax error: Unexpected tokens (use ';' to separate expressions on the same line).
e: file:///app/applet/kurotek/src/main/java/com/example/ui/MainDashboardScreen.kt:4277:37 Unresolved reference 'selectedBorderColor'.
e: file:///app/applet/kurotek/src/main/java/com/example/ui/MainDashboardScreen.kt:4277:59 Unresolved reference 'GlowPurplePink'.
e: file:///app/applet/kurotek/src/main/java/com/example/ui/MainDashboardScreen.kt:4277:74 Syntax error: Unexpected tokens (use ';' to separate expressions on the same line).
e: file:///app/applet/kurotek/src/main/java/com/example/ui/MainDashboardScreen.kt:4278:37 Unresolved reference 'borderWidth'.
e: file:///app/applet/kurotek/src/main/java/com/example/ui/MainDashboardScreen.kt:4278:55 Syntax error: Unexpected tokens (use ';' to separate expressions on the same line).
e: file:///app/applet/kurotek/src/main/java/com/example/ui/MainDashboardScreen.kt:4279:37 Unresolved reference 'selectedBorderWidth'.
e: file:///app/applet/kurotek/src/main/java/com/example/ui/MainDashboardScreen.kt:4280:33 Syntax error: Expecting an element.
e: file:///app/applet/kurotek/src/main/java/com/example/ui/MainDashboardScreen.kt:4281:29 Syntax error: Expecting an element.
e: file:///app/applet/kurotek/src/main/java/com/example/ui/MainDashboardScreen.kt:4296:63 Unresolved reference 'GlowPurplePink'.
e: file:///app/applet/kurotek/src/main/java/com/example/ui/MainDashboardScreen.kt:4296:77 Syntax error: Expecting ')'.
e: file:///app/applet/kurotek/src/main/java/com/example/ui/MainDashboardScreen.kt:4296:78 Syntax error: Expecting ')'.
e: file:///app/applet/kurotek/src/main/java/com/example/ui/MainDashboardScreen.kt:4296:83 Unresolved reference 'Color'.
e: file:///app/applet/kurotek/src/main/java/com/example/ui/MainDashboardScreen.kt:4296:102 Unresolved reference 'copy'.
e: file:///app/applet/kurotek/src/main/java/com/example/ui/MainDashboardScreen.kt:4296:121 Syntax error: Unexpected tokens (use ';' to separate expressions on the same line).
e: file:///app/applet/kurotek/src/main/java/com/example/ui/MainDashboardScreen.kt:4297:37 Unresolved reference 'selectedLabelColor'.
e: file:///app/applet/kurotek/src/main/java/com/example/ui/MainDashboardScreen.kt:4297:58 Unresolved reference 'GlowPurplePink'.
e: file:///app/applet/kurotek/src/main/java/com/example/ui/MainDashboardScreen.kt:4297:73 Syntax error: Unexpected tokens (use ';' to separate expressions on the same line).
e: file:///app/applet/kurotek/src/main/java/com/example/ui/MainDashboardScreen.kt:4298:37 Unresolved reference 'labelColor'.
e: file:///app/applet/kurotek/src/main/java/com/example/ui/MainDashboardScreen.kt:4299:33 Syntax error: Expecting an element.
e: file:///app/applet/kurotek/src/main/java/com/example/ui/MainDashboardScreen.kt:4299:34 Syntax error: Unexpected tokens (use ';' to separate expressions on the same line).
e: file:///app/applet/kurotek/src/main/java/com/example/ui/MainDashboardScreen.kt:4300:33 Function invocation 'border(...)' expected.
e: file:///app/applet/kurotek/src/main/java/com/example/ui/MainDashboardScreen.kt:4300:33 Variable expected.
e: file:///app/applet/kurotek/src/main/java/com/example/ui/MainDashboardScreen.kt:4300:42 Assignment type mismatch: actual type is 'BorderStroke', but 'Modifier' was expected.
e: file:///app/applet/kurotek/src/main/java/com/example/ui/MainDashboardScreen.kt:4303:78 Unresolved reference 'GlowPurplePink'.
e: file:///app/applet/kurotek/src/main/java/com/example/ui/MainDashboardScreen.kt:4303:92 Syntax error: Expecting ')'.
e: file:///app/applet/kurotek/src/main/java/com/example/ui/MainDashboardScreen.kt:4303:117 Syntax error: Unexpected tokens (use ';' to separate expressions on the same line).
e: file:///app/applet/kurotek/src/main/java/com/example/ui/MainDashboardScreen.kt:4304:37 Unresolved reference 'selectedBorderColor'.
e: file:///app/applet/kurotek/src/main/java/com/example/ui/MainDashboardScreen.kt:4304:59 Unresolved reference 'GlowPurplePink'.
e: file:///app/applet/kurotek/src/main/java/com/example/ui/MainDashboardScreen.kt:4304:74 Syntax error: Unexpected tokens (use ';' to separate expressions on the same line).
e: file:///app/applet/kurotek/src/main/java/com/example/ui/MainDashboardScreen.kt:4305:37 Unresolved reference 'borderWidth'.
e: file:///app/applet/kurotek/src/main/java/com/example/ui/MainDashboardScreen.kt:4305:55 Syntax error: Unexpected tokens (use ';' to separate expressions on the same line).
e: file:///app/applet/kurotek/src/main/java/com/example/ui/MainDashboardScreen.kt:4306:37 Unresolved reference 'selectedBorderWidth'.
e: file:///app/applet/kurotek/src/main/java/com/example/ui/MainDashboardScreen.kt:4307:33 Syntax error: Expecting an element.
e: file:///app/applet/kurotek/src/main/java/com/example/ui/MainDashboardScreen.kt:4308:29 Syntax error: Expecting an element.
e: file:///app/applet/kurotek/src/main/java/com/example/ui/MainDashboardScreen.kt:4313:21 None of the following candidates is applicable:
fun OutlinedTextField(value: TextFieldValue, onValueChange: (TextFieldValue) -> Unit, modifier: Modifier = ..., enabled: Boolean = ..., readOnly: Boolean = ..., textStyle: TextStyle = ..., label: @Composable() ComposableFunction0<Unit>? = ..., placeholder: @Composable() ComposableFunction0<Unit>? = ..., leadingIcon: @Composable() ComposableFunction0<Unit>? = ..., trailingIcon: @Composable() ComposableFunction0<Unit>? = ..., prefix: @Composable() ComposableFunction0<Unit>? = ..., suffix: @Composable() ComposableFunction0<Unit>? = ..., supportingText: @Composable() ComposableFunction0<Unit>? = ..., isError: Boolean = ..., visualTransformation: VisualTransformation = ..., keyboardOptions: KeyboardOptions = ..., keyboardActions: KeyboardActions = ..., singleLine: Boolean = ..., maxLines: Int = ..., minLines: Int = ..., interactionSource: MutableInteractionSource? = ..., shape: Shape = ..., colors: TextFieldColors = ...): Unit
fun OutlinedTextField(value: String, onValueChange: (String) -> Unit, modifier: Modifier = ..., enabled: Boolean = ..., readOnly: Boolean = ..., textStyle: TextStyle = ..., label: @Composable() ComposableFunction0<Unit>? = ..., placeholder: @Composable() ComposableFunction0<Unit>? = ..., leadingIcon: @Composable() ComposableFunction0<Unit>? = ..., trailingIcon: @Composable() ComposableFunction0<Unit>? = ..., prefix: @Composable() ComposableFunction0<Unit>? = ..., suffix: @Composable() ComposableFunction0<Unit>? = ..., supportingText: @Composable() ComposableFunction0<Unit>? = ..., isError: Boolean = ..., visualTransformation: VisualTransformation = ..., keyboardOptions: KeyboardOptions = ..., keyboardActions: KeyboardActions = ..., singleLine: Boolean = ..., maxLines: Int = ..., minLines: Int = ..., interactionSource: MutableInteractionSource? = ..., shape: Shape = ..., colors: TextFieldColors = ...): Unit
e: file:///app/applet/kurotek/src/main/java/com/example/ui/MainDashboardScreen.kt:4315:62 Unresolved reference 'it'.
e: file:///app/applet/kurotek/src/main/java/com/example/ui/MainDashboardScreen.kt:4316:35 @Composable invocations can only happen from the context of a @Composable function
e: file:///app/applet/kurotek/src/main/java/com/example/ui/MainDashboardScreen.kt:4317:41 @Composable invocations can only happen from the context of a @Composable function
e: file:///app/applet/kurotek/src/main/java/com/example/ui/MainDashboardScreen.kt:4321:26 Unresolved reference 'GlowPurplePink'.
e: file:///app/applet/kurotek/src/main/java/com/example/ui/MainDashboardScreen.kt:4321:41 Syntax error: Expecting ')'.
e: file:///app/applet/kurotek/src/main/java/com/example/ui/MainDashboardScreen.kt:4321:46 Unresolved reference 'Color'.
e: file:///app/applet/kurotek/src/main/java/com/example/ui/MainDashboardScreen.kt:4322:1 Syntax error: Expecting an element.
e: file:///app/applet/kurotek/src/main/java/com/example/ui/MainDashboardScreen.kt:4322:2 Syntax error: Unexpected tokens (use ';' to separate expressions on the same line).
e: file:///app/applet/kurotek/src/main/java/com/example/ui/MainDashboardScreen.kt:4325:21 None of the following candidates is applicable:
fun OutlinedTextField(value: TextFieldValue, onValueChange: (TextFieldValue) -> Unit, modifier: Modifier = ..., enabled: Boolean = ..., readOnly: Boolean = ..., textStyle: TextStyle = ..., label: @Composable() ComposableFunction0<Unit>? = ..., placeholder: @Composable() ComposableFunction0<Unit>? = ..., leadingIcon: @Composable() ComposableFunction0<Unit>? = ..., trailingIcon: @Composable() ComposableFunction0<Unit>? = ..., prefix: @Composable() ComposableFunction0<Unit>? = ..., suffix: @Composable() ComposableFunction0<Unit>? = ..., supportingText: @Composable() ComposableFunction0<Unit>? = ..., isError: Boolean = ..., visualTransformation: VisualTransformation = ..., keyboardOptions: KeyboardOptions = ..., keyboardActions: KeyboardActions = ..., singleLine: Boolean = ..., maxLines: Int = ..., minLines: Int = ..., interactionSource: MutableInteractionSource? = ..., shape: Shape = ..., colors: TextFieldColors = ...): Unit
fun OutlinedTextField(value: String, onValueChange: (String) -> Unit, modifier: Modifier = ..., enabled: Boolean = ..., readOnly: Boolean = ..., textStyle: TextStyle = ..., label: @Composable() ComposableFunction0<Unit>? = ..., placeholder: @Composable() ComposableFunction0<Unit>? = ..., leadingIcon: @Composable() ComposableFunction0<Unit>? = ..., trailingIcon: @Composable() ComposableFunction0<Unit>? = ..., prefix: @Composable() ComposableFunction0<Unit>? = ..., suffix: @Composable() ComposableFunction0<Unit>? = ..., supportingText: @Composable() ComposableFunction0<Unit>? = ..., isError: Boolean = ..., visualTransformation: VisualTransformation = ..., keyboardOptions: KeyboardOptions = ..., keyboardActions: KeyboardActions = ..., singleLine: Boolean = ..., maxLines: Int = ..., minLines: Int = ..., interactionSource: MutableInteractionSource? = ..., shape: Shape = ..., colors: TextFieldColors = ...): Unit
e: file:///app/applet/kurotek/src/main/java/com/example/ui/MainDashboardScreen.kt:4327:56 Unresolved reference 'it'.
e: file:///app/applet/kurotek/src/main/java/com/example/ui/MainDashboardScreen.kt:4328:35 @Composable invocations can only happen from the context of a @Composable function
e: file:///app/applet/kurotek/src/main/java/com/example/ui/MainDashboardScreen.kt:4329:41 @Composable invocations can only happen from the context of a @Composable function
e: file:///app/applet/kurotek/src/main/java/com/example/ui/MainDashboardScreen.kt:4333:26 Unresolved reference 'GlowPurplePink'.
e: file:///app/applet/kurotek/src/main/java/com/example/ui/MainDashboardScreen.kt:4333:41 Syntax error: Expecting ')'.
e: file:///app/applet/kurotek/src/main/java/com/example/ui/MainDashboardScreen.kt:4333:46 Unresolved reference 'Color'.
e: file:///app/applet/kurotek/src/main/java/com/example/ui/MainDashboardScreen.kt:4334:1 Syntax error: Expecting an element.
e: file:///app/applet/kurotek/src/main/java/com/example/ui/MainDashboardScreen.kt:4334:2 Syntax error: Unexpected tokens (use ';' to separate expressions on the same line).
e: file:///app/applet/kurotek/src/main/java/com/example/ui/MainDashboardScreen.kt:4364:45 Unresolved reference 'PurplePinkGradient'.
e: file:///app/applet/kurotek/src/main/java/com/example/ui/MainDashboardScreen.kt:4396:41 Unresolved reference 'EmeraldGreenGradient'.
e: file:///app/applet/kurotek/src/main/java/com/example/ui/MainDashboardScreen.kt:4418:21 No value passed for parameter 'category'.
e: file:///app/applet/kurotek/src/main/java/com/example/ui/MainDashboardScreen.kt:4418:21 No value passed for parameter 'code'.
e: file:///app/applet/kurotek/src/main/java/com/example/ui/MainDashboardScreen.kt:4419:22 Syntax error: Unexpected tokens (use ';' to separate expressions on the same line).
e: file:///app/applet/kurotek/src/main/java/com/example/ui/MainDashboardScreen.kt:4421:40 Syntax error: Unexpected tokens (use ';' to separate expressions on the same line).
e: file:///app/applet/kurotek/src/main/java/com/example/ui/MainDashboardScreen.kt:4422:21 Unresolved reference 'modifier'.
e: file:///app/applet/kurotek/src/main/java/com/example/ui/MainDashboardScreen.kt:4423:17 Syntax error: Expecting an element.
e: file:///app/applet/kurotek/src/main/java/com/example/ui/MainDashboardScreen.kt:4424:21 @Composable invocations can only happen from the context of a @Composable function
e: file:///app/applet/kurotek/src/main/java/com/example/ui/MainDashboardScreen.kt:4426:47 @Composable invocations can only happen from the context of a @Composable function
e: file:///app/applet/kurotek/src/main/java/com/example/ui/MainDashboardScreen.kt:4436:17 No value passed for parameter 'category'.
e: file:///app/applet/kurotek/src/main/java/com/example/ui/MainDashboardScreen.kt:4436:17 No value passed for parameter 'code'.
e: file:///app/applet/kurotek/src/main/java/com/example/ui/MainDashboardScreen.kt:4438:22 Argument type mismatch: actual type is 'Color', but 'Int' was expected.
e: file:///app/applet/kurotek/src/main/java/com/example/ui/MainDashboardScreen.kt:4438:40 Syntax error: Expecting ')'.
e: file:///app/applet/kurotek/src/main/java/com/example/ui/MainDashboardScreen.kt:4438:45 Unresolved reference 'Color'.
e: file:///app/applet/kurotek/src/main/java/com/example/ui/MainDashboardScreen.kt:4438:62 Syntax error: Unexpected tokens (use ';' to separate expressions on the same line).
e: file:///app/applet/kurotek/src/main/java/com/example/ui/MainDashboardScreen.kt:4440:27 Syntax error: Unexpected tokens (use ';' to separate expressions on the same line).
e: file:///app/applet/kurotek/src/main/java/com/example/ui/MainDashboardScreen.kt:4441:21 Unresolved reference 'modifier'.
e: file:///app/applet/kurotek/src/main/java/com/example/ui/MainDashboardScreen.kt:4442:17 Syntax error: Expecting an element.
e: file:///app/applet/kurotek/src/main/java/com/example/ui/MainDashboardScreen.kt:4443:21 @Composable invocations can only happen from the context of a @Composable function
e: file:///app/applet/kurotek/src/main/java/com/example/ui/MainDashboardScreen.kt:4511:41 Unresolved reference 'GlowPurplePink'.
e: file:///app/applet/kurotek/src/main/java/com/example/ui/MainDashboardScreen.kt:4511:56 Syntax error: Expecting ')'.
e: file:///app/applet/kurotek/src/main/java/com/example/ui/MainDashboardScreen.kt:4511:61 Unresolved reference 'Color'.
e: file:///app/applet/kurotek/src/main/java/com/example/ui/MainDashboardScreen.kt:4511:78 Syntax error: Unexpected tokens (use ';' to separate expressions on the same line).
e: file:///app/applet/kurotek/src/main/java/com/example/ui/MainDashboardScreen.kt:4512:33 Unresolved reference 'fontSize'.
e: file:///app/applet/kurotek/src/main/java/com/example/ui/MainDashboardScreen.kt:4512:49 Syntax error: Unexpected tokens (use ';' to separate expressions on the same line).
e: file:///app/applet/kurotek/src/main/java/com/example/ui/MainDashboardScreen.kt:4513:33 Unresolved reference 'fontWeight'.
e: file:///app/applet/kurotek/src/main/java/com/example/ui/MainDashboardScreen.kt:4514:29 Syntax error: Expecting an element.
e: file:///app/applet/kurotek/src/main/java/com/example/ui/MainDashboardScreen.kt:4685:29 Unresolved reference 'GlowEmeraldGreen'.
e: file:///app/applet/kurotek/src/main/java/com/example/ui/MainDashboardScreen.kt:4685:46 Syntax error: Expecting ')'.
e: file:///app/applet/kurotek/src/main/java/com/example/ui/MainDashboardScreen.kt:4685:51 Unresolved reference 'Color'.
e: file:///app/applet/kurotek/src/main/java/com/example/ui/MainDashboardScreen.kt:4685:68 Syntax error: Unexpected tokens (use ';' to separate expressions on the same line).
e: file:///app/applet/kurotek/src/main/java/com/example/ui/MainDashboardScreen.kt:4686:21 Unresolved reference 'fontSize'.
e: file:///app/applet/kurotek/src/main/java/com/example/ui/MainDashboardScreen.kt:4686:37 Syntax error: Unexpected tokens (use ';' to separate expressions on the same line).
e: file:///app/applet/kurotek/src/main/java/com/example/ui/MainDashboardScreen.kt:4687:21 Unresolved reference 'fontWeight'.
e: file:///app/applet/kurotek/src/main/java/com/example/ui/MainDashboardScreen.kt:4687:49 Syntax error: Unexpected tokens (use ';' to separate expressions on the same line).
e: file:///app/applet/kurotek/src/main/java/com/example/ui/MainDashboardScreen.kt:4688:21 Unresolved reference 'textAlign'.
e: file:///app/applet/kurotek/src/main/java/com/example/ui/MainDashboardScreen.kt:4689:17 Syntax error: Expecting an element.
e: file:///app/applet/kurotek/src/main/java/com/example/ui/MainDashboardScreen.kt:4702:17 No value passed for parameter 'category'.
e: file:///app/applet/kurotek/src/main/java/com/example/ui/MainDashboardScreen.kt:4702:17 No value passed for parameter 'code'.
e: file:///app/applet/kurotek/src/main/java/com/example/ui/MainDashboardScreen.kt:4704:22 Argument type mismatch: actual type is 'Color', but 'Int' was expected.
e: file:///app/applet/kurotek/src/main/java/com/example/ui/MainDashboardScreen.kt:4704:40 Syntax error: Expecting ')'.
e: file:///app/applet/kurotek/src/main/java/com/example/ui/MainDashboardScreen.kt:4704:45 Unresolved reference 'Color'.
e: file:///app/applet/kurotek/src/main/java/com/example/ui/MainDashboardScreen.kt:4704:62 Syntax error: Unexpected tokens (use ';' to separate expressions on the same line).
e: file:///app/applet/kurotek/src/main/java/com/example/ui/MainDashboardScreen.kt:4706:27 Syntax error: Unexpected tokens (use ';' to separate expressions on the same line).
e: file:///app/applet/kurotek/src/main/java/com/example/ui/MainDashboardScreen.kt:4707:21 Unresolved reference 'modifier'.
e: file:///app/applet/kurotek/src/main/java/com/example/ui/MainDashboardScreen.kt:4708:17 Syntax error: Expecting an element.
e: file:///app/applet/kurotek/src/main/java/com/example/ui/MainDashboardScreen.kt:4709:21 @Composable invocations can only happen from the context of a @Composable function
e: file:///app/applet/kurotek/src/main/java/com/example/ui/MainDashboardScreen.kt:4717:36 Unresolved reference 'GlowEmeraldGreen'.
e: file:///app/applet/kurotek/src/main/java/com/example/ui/MainDashboardScreen.kt:4717:53 Syntax error: Expecting ')'.
e: file:///app/applet/kurotek/src/main/java/com/example/ui/MainDashboardScreen.kt:4717:58 Unresolved reference 'Color'.
e: file:///app/applet/kurotek/src/main/java/com/example/ui/MainDashboardScreen.kt:4717:75 Syntax error: Unexpected tokens (use ';' to separate expressions on the same line).
e: file:///app/applet/kurotek/src/main/java/com/example/ui/MainDashboardScreen.kt:4718:29 Unresolved reference 'modifier'.
e: file:///app/applet/kurotek/src/main/java/com/example/ui/MainDashboardScreen.kt:4719:25 Syntax error: Expecting an element.
e: file:///app/applet/kurotek/src/main/java/com/example/ui/MainDashboardScreen.kt:4741:17 No value passed for parameter 'category'.
e: file:///app/applet/kurotek/src/main/java/com/example/ui/MainDashboardScreen.kt:4741:17 No value passed for parameter 'code'.
e: file:///app/applet/kurotek/src/main/java/com/example/ui/MainDashboardScreen.kt:4743:22 Unresolved reference 'GlowEmeraldGreen'.
e: file:///app/applet/kurotek/src/main/java/com/example/ui/MainDashboardScreen.kt:4743:59 Syntax error: Expecting ')'.
e: file:///app/applet/kurotek/src/main/java/com/example/ui/MainDashboardScreen.kt:4743:64 Unresolved reference 'Color'.
e: file:///app/applet/kurotek/src/main/java/com/example/ui/MainDashboardScreen.kt:4743:81 Syntax error: Unexpected tokens (use ';' to separate expressions on the same line).
e: file:///app/applet/kurotek/src/main/java/com/example/ui/MainDashboardScreen.kt:4746:21 Unresolved reference 'modifier'.
e: file:///app/applet/kurotek/src/main/java/com/example/ui/MainDashboardScreen.kt:4747:17 Syntax error: Expecting an element.
e: file:///app/applet/kurotek/src/main/java/com/example/ui/MainDashboardScreen.kt:4748:21 @Composable invocations can only happen from the context of a @Composable function
e: file:///app/applet/kurotek/src/main/java/com/example/ui/MainDashboardScreen.kt:4793:37 No value passed for parameter 'content'.
e: file:///app/applet/kurotek/src/main/java/com/example/ui/MainDashboardScreen.kt:4796:41 Mixing named and positional arguments is not allowed unless the order of the arguments matches the order of the parameters.
e: file:///app/applet/kurotek/src/main/java/com/example/ui/MainDashboardScreen.kt:4796:41 Syntax error: Expecting an expression.
e: file:///app/applet/kurotek/src/main/java/com/example/ui/MainDashboardScreen.kt:4796:41 Syntax error: Expecting ')'.
e: file:///app/applet/kurotek/src/main/java/com/example/ui/MainDashboardScreen.kt:4796:42 Unresolved reference 'copy'.
e: file:///app/applet/kurotek/src/main/java/com/example/ui/MainDashboardScreen.kt:4796:47 Unresolved reference 'alpha'.
e: file:///app/applet/kurotek/src/main/java/com/example/ui/MainDashboardScreen.kt:4796:47 Only expressions are allowed in this context.
e: file:///app/applet/kurotek/src/main/java/com/example/ui/MainDashboardScreen.kt:4796:60 Syntax error: Unexpected tokens (use ';' to separate expressions on the same line).
e: file:///app/applet/kurotek/src/main/java/com/example/ui/MainDashboardScreen.kt:4797:37 Syntax error: Expecting an element.
e: file:///app/applet/kurotek/src/main/java/com/example/ui/MainDashboardScreen.kt:4798:41 @Composable invocations can only happen from the context of a @Composable function
e: file:///app/applet/kurotek/src/main/java/com/example/ui/MainDashboardScreen.kt:4812:41 Unresolved reference 'GlowEmeraldGreen'.
e: file:///app/applet/kurotek/src/main/java/com/example/ui/MainDashboardScreen.kt:4812:58 Syntax error: Expecting ')'.
e: file:///app/applet/kurotek/src/main/java/com/example/ui/MainDashboardScreen.kt:4812:63 Unresolved reference 'Color'.
e: file:///app/applet/kurotek/src/main/java/com/example/ui/MainDashboardScreen.kt:4812:80 Syntax error: Unexpected tokens (use ';' to separate expressions on the same line).
e: file:///app/applet/kurotek/src/main/java/com/example/ui/MainDashboardScreen.kt:4813:33 Unresolved reference 'fontSize'.
e: file:///app/applet/kurotek/src/main/java/com/example/ui/MainDashboardScreen.kt:4813:49 Syntax error: Unexpected tokens (use ';' to separate expressions on the same line).
e: file:///app/applet/kurotek/src/main/java/com/example/ui/MainDashboardScreen.kt:4814:33 Unresolved reference 'fontWeight'.
e: file:///app/applet/kurotek/src/main/java/com/example/ui/MainDashboardScreen.kt:4815:29 Syntax error: Expecting an element.
e: file:///app/applet/kurotek/src/main/java/com/example/ui/MainDashboardScreen.kt:4818:69 Syntax error: Expecting ')'.
e: file:///app/applet/kurotek/src/main/java/com/example/ui/MainDashboardScreen.kt:4818:74 Unresolved reference 'Color'.
e: file:///app/applet/kurotek/src/main/java/com/example/ui/MainDashboardScreen.kt:4818:91 Syntax error: Unexpected tokens (use ';' to separate expressions on the same line).
e: file:///app/applet/kurotek/src/main/java/com/example/ui/MainDashboardScreen.kt:4851:73 Unresolved reference 'GlowOrangeGold'.
e: file:///app/applet/kurotek/src/main/java/com/example/ui/MainDashboardScreen.kt:4851:87 Syntax error: Expecting ')'.
e: file:///app/applet/kurotek/src/main/java/com/example/ui/MainDashboardScreen.kt:4851:112 Syntax error: Unexpected tokens (use ';' to separate expressions on the same line).
e: file:///app/applet/kurotek/src/main/java/com/example/ui/MainDashboardScreen.kt:4852:37 Unresolved reference 'fontSize'.
e: file:///app/applet/kurotek/src/main/java/com/example/ui/MainDashboardScreen.kt:4852:53 Syntax error: Unexpected tokens (use ';' to separate expressions on the same line).
e: file:///app/applet/kurotek/src/main/java/com/example/ui/MainDashboardScreen.kt:4853:37 Unresolved reference 'fontWeight'.
e: file:///app/applet/kurotek/src/main/java/com/example/ui/MainDashboardScreen.kt:4854:33 Syntax error: Expecting an element.
e: file:///app/applet/kurotek/src/main/java/com/example/ui/MainDashboardScreen.kt:4867:33 No value passed for parameter 'content'.
e: file:///app/applet/kurotek/src/main/java/com/example/ui/MainDashboardScreen.kt:4870:67 Syntax error: Expecting ')'.
e: file:///app/applet/kurotek/src/main/java/com/example/ui/MainDashboardScreen.kt:4870:72 Unresolved reference 'Color'.
e: file:///app/applet/kurotek/src/main/java/com/example/ui/MainDashboardScreen.kt:4871:38 None of the following candidates is applicable:
fun Modifier.padding(paddingValues: PaddingValues): Modifier
fun Modifier.padding(all: Dp): Modifier
fun Modifier.padding(horizontal: Dp = ..., vertical: Dp = ...): Modifier
fun Modifier.padding(start: Dp = ..., top: Dp = ..., end: Dp = ..., bottom: Dp = ...): Modifier
e: file:///app/applet/kurotek/src/main/java/com/example/ui/MainDashboardScreen.kt:4871:82 Syntax error: Unexpected tokens (use ';' to separate expressions on the same line).
e: file:///app/applet/kurotek/src/main/java/com/example/ui/MainDashboardScreen.kt:4872:33 Unresolved reference 'horizontalArrangement'.
e: file:///app/applet/kurotek/src/main/java/com/example/ui/MainDashboardScreen.kt:4872:81 Syntax error: Unexpected tokens (use ';' to separate expressions on the same line).
e: file:///app/applet/kurotek/src/main/java/com/example/ui/MainDashboardScreen.kt:4873:33 Unresolved reference 'verticalAlignment'.
e: file:///app/applet/kurotek/src/main/java/com/example/ui/MainDashboardScreen.kt:4874:29 Syntax error: Expecting an element.
e: file:///app/applet/kurotek/src/main/java/com/example/ui/MainDashboardScreen.kt:4875:33 @Composable invocations can only happen from the context of a @Composable function
e: file:///app/applet/kurotek/src/main/java/com/example/ui/MainDashboardScreen.kt:4887:33 @Composable invocations can only happen from the context of a @Composable function
e: file:///app/applet/kurotek/src/main/java/com/example/ui/MainDashboardScreen.kt:4889:45 Unresolved reference 'GlowOrangeGold'.
e: file:///app/applet/kurotek/src/main/java/com/example/ui/MainDashboardScreen.kt:4889:60 Syntax error: Expecting ')'.
e: file:///app/applet/kurotek/src/main/java/com/example/ui/MainDashboardScreen.kt:4889:65 Unresolved reference 'Color'.
e: file:///app/applet/kurotek/src/main/java/com/example/ui/MainDashboardScreen.kt:4889:82 Syntax error: Unexpected tokens (use ';' to separate expressions on the same line).
e: file:///app/applet/kurotek/src/main/java/com/example/ui/MainDashboardScreen.kt:4890:37 Unresolved reference 'fontSize'.
e: file:///app/applet/kurotek/src/main/java/com/example/ui/MainDashboardScreen.kt:4890:53 Syntax error: Unexpected tokens (use ';' to separate expressions on the same line).
e: file:///app/applet/kurotek/src/main/java/com/example/ui/MainDashboardScreen.kt:4891:37 Unresolved reference 'fontWeight'.
e: file:///app/applet/kurotek/src/main/java/com/example/ui/MainDashboardScreen.kt:4891:65 Syntax error: Unexpected tokens (use ';' to separate expressions on the same line).
e: file:///app/applet/kurotek/src/main/java/com/example/ui/MainDashboardScreen.kt:4892:37 Unresolved reference 'textAlign'.
e: file:///app/applet/kurotek/src/main/java/com/example/ui/MainDashboardScreen.kt:4893:33 Syntax error: Expecting an element.
e: file:///app/applet/kurotek/src/main/java/com/example/ui/MainDashboardScreen.kt:4908:29 No value passed for parameter 'content'.
e: file:///app/applet/kurotek/src/main/java/com/example/ui/MainDashboardScreen.kt:4918:34 Argument type mismatch: actual type is 'Color', but 'Modifier' was expected.
e: file:///app/applet/kurotek/src/main/java/com/example/ui/MainDashboardScreen.kt:4918:66 Syntax error: Expecting ')'.
e: file:///app/applet/kurotek/src/main/java/com/example/ui/MainDashboardScreen.kt:4918:71 Unresolved reference 'Color'.
e: file:///app/applet/kurotek/src/main/java/com/example/ui/MainDashboardScreen.kt:4918:76 Syntax error: Expecting an element.
e: file:///app/applet/kurotek/src/main/java/com/example/ui/MainDashboardScreen.kt:4918:81 Syntax error: Expecting an element.
e: file:///app/applet/kurotek/src/main/java/com/example/ui/MainDashboardScreen.kt:4918:81 Syntax error: Unexpected tokens (use ';' to separate expressions on the same line).
e: file:///app/applet/kurotek/src/main/java/com/example/ui/MainDashboardScreen.kt:4920:33 Unresolved reference 'modifier'.
e: file:///app/applet/kurotek/src/main/java/com/example/ui/MainDashboardScreen.kt:4921:29 Syntax error: Expecting an element.
e: file:///app/applet/kurotek/src/main/java/com/example/ui/MainDashboardScreen.kt:4922:33 @Composable invocations can only happen from the context of a @Composable function
e: file:///app/applet/kurotek/src/main/java/com/example/ui/MainDashboardScreen.kt:4949:53 Unresolved reference 'EmeraldGreenGradient'.
e: file:///app/applet/kurotek/src/main/java/com/example/ui/MainDashboardScreen.kt:5006:76 No value passed for parameter 'autoCorrect'.
e: file:///app/applet/kurotek/src/main/java/com/example/ui/MainDashboardScreen.kt:5008:1 No parameter with name 'modifier' found.
e: file:///app/applet/kurotek/src/main/java/com/example/ui/MainDashboardScreen.kt:5009:25 No parameter with name 'textStyle' found.
e: file:///app/applet/kurotek/src/main/java/com/example/ui/MainDashboardScreen.kt:5010:26 Mixing named and positional arguments is not allowed unless the order of the arguments matches the order of the parameters.
e: file:///app/applet/kurotek/src/main/java/com/example/ui/MainDashboardScreen.kt:5010:26 Unresolved reference 'GlowEmeraldGreen'.
e: file:///app/applet/kurotek/src/main/java/com/example/ui/MainDashboardScreen.kt:5010:43 Syntax error: Expecting ')'.
e: file:///app/applet/kurotek/src/main/java/com/example/ui/MainDashboardScreen.kt:5010:48 Unresolved reference 'Color'.
e: file:///app/applet/kurotek/src/main/java/com/example/ui/MainDashboardScreen.kt:5011:2 Syntax error: Unexpected tokens (use ';' to separate expressions on the same line).
e: file:///app/applet/kurotek/src/main/java/com/example/ui/MainDashboardScreen.kt:5015:17 No value passed for parameter 'content'.
e: file:///app/applet/kurotek/src/main/java/com/example/ui/MainDashboardScreen.kt:5036:22 Unresolved reference 'GlowEmeraldGreen'.
e: file:///app/applet/kurotek/src/main/java/com/example/ui/MainDashboardScreen.kt:5036:39 Syntax error: Expecting ')'.
e: file:///app/applet/kurotek/src/main/java/com/example/ui/MainDashboardScreen.kt:5036:44 Unresolved reference 'Color'.
e: file:///app/applet/kurotek/src/main/java/com/example/ui/MainDashboardScreen.kt:5036:61 Syntax error: Unexpected tokens (use ';' to separate expressions on the same line).
e: file:///app/applet/kurotek/src/main/java/com/example/ui/MainDashboardScreen.kt:5037:21 @Composable invocations can only happen from the context of a @Composable function
e: file:///app/applet/kurotek/src/main/java/com/example/ui/MainDashboardScreen.kt:5037:110 @Composable invocations can only happen from the context of a @Composable function
e: file:///app/applet/kurotek/src/main/java/com/example/ui/MainDashboardScreen.kt:5042:21 No value passed for parameter 'content'.
e: file:///app/applet/kurotek/src/main/java/com/example/ui/MainDashboardScreen.kt:5045:23 Syntax error: Unexpected tokens (use ';' to separate expressions on the same line).
e: file:///app/applet/kurotek/src/main/java/com/example/ui/MainDashboardScreen.kt:5046:21 @Composable invocations can only happen from the context of a @Composable function
e: file:///app/applet/kurotek/src/main/java/com/example/ui/MainDashboardScreen.kt:5046:75 @Composable invocations can only happen from the context of a @Composable function
e: file:///app/applet/kurotek/src/main/java/com/example/ui/MainDashboardScreen.kt:5050:79 Syntax error: Expecting ')'.
e: file:///app/applet/kurotek/src/main/java/com/example/ui/MainDashboardScreen.kt:5050:84 Unresolved reference 'Color'.
e: file:///app/applet/kurotek/src/main/java/com/example/ui/MainDashboardScreen.kt:5050:104 Mixing named and positional arguments is not allowed unless the order of the arguments matches the order of the parameters.
e: file:///app/applet/kurotek/src/main/java/com/example/ui/MainDashboardScreen.kt:5051:9 Syntax error: Expecting an element.
e: file:///app/applet/kurotek/src/main/java/com/example/ui/MainDashboardScreen.kt:5111:9 No value passed for parameter 'category'.
e: file:///app/applet/kurotek/src/main/java/com/example/ui/MainDashboardScreen.kt:5111:9 No value passed for parameter 'code'.
e: file:///app/applet/kurotek/src/main/java/com/example/ui/MainDashboardScreen.kt:5112:10 Syntax error: Unexpected tokens (use ';' to separate expressions on the same line).
e: file:///app/applet/kurotek/src/main/java/com/example/ui/MainDashboardScreen.kt:5113:1 Unresolved reference 'modifier'.
e: file:///app/applet/kurotek/src/main/java/com/example/ui/MainDashboardScreen.kt:5114:5 Syntax error: Expecting an element.
e: file:///app/applet/kurotek/src/main/java/com/example/ui/MainDashboardScreen.kt:5115:9 @Composable invocations can only happen from the context of a @Composable function
e: file:///app/applet/kurotek/src/main/java/com/example/ui/MikrotikGeneratorScreen.kt:170:68 'if' must have both main and 'else' branches when used as an expression.
e: file:///app/applet/kurotek/src/main/java/com/example/ui/MikrotikGeneratorScreen.kt:170:101 Syntax error: Expecting an expression.
e: file:///app/applet/kurotek/src/main/java/com/example/ui/MikrotikGeneratorScreen.kt:199:68 'if' must have both main and 'else' branches when used as an expression.
e: file:///app/applet/kurotek/src/main/java/com/example/ui/MikrotikGeneratorScreen.kt:199:101 Syntax error: Expecting an expression.
e: file:///app/applet/kurotek/src/main/java/com/example/ui/MikrotikGeneratorScreen.kt:219:33 No value passed for parameter 'content'.
e: file:///app/applet/kurotek/src/main/java/com/example/ui/MikrotikGeneratorScreen.kt:220:34 Syntax error: Unexpected tokens (use ';' to separate expressions on the same line).
e: file:///app/applet/kurotek/src/main/java/com/example/ui/MikrotikGeneratorScreen.kt:222:33 Unresolved reference 'modifier'.
e: file:///app/applet/kurotek/src/main/java/com/example/ui/MikrotikGeneratorScreen.kt:223:29 Syntax error: Expecting an element.
e: file:///app/applet/kurotek/src/main/java/com/example/ui/MikrotikGeneratorScreen.kt:224:33 @Composable invocations can only happen from the context of a @Composable function
e: file:///app/applet/kurotek/src/main/java/com/example/ui/MikrotikGeneratorScreen.kt:384:41 No value passed for parameter 'content'.
e: file:///app/applet/kurotek/src/main/java/com/example/ui/MikrotikGeneratorScreen.kt:406:43 Syntax error: Unexpected tokens (use ';' to separate expressions on the same line).
e: file:///app/applet/kurotek/src/main/java/com/example/ui/MikrotikGeneratorScreen.kt:408:41 Unresolved reference 'modifier'.
e: file:///app/applet/kurotek/src/main/java/com/example/ui/MikrotikGeneratorScreen.kt:409:37 Syntax error: Expecting an element.
e: file:///app/applet/kurotek/src/main/java/com/example/ui/MikrotikGeneratorScreen.kt:410:41 @Composable invocations can only happen from the context of a @Composable function
e: file:///app/applet/kurotek/src/main/java/com/example/ui/MikrotikGeneratorScreen.kt:410:115 @Composable invocations can only happen from the context of a @Composable function
e: file:///app/applet/kurotek/src/main/java/com/example/ui/MikrotikGeneratorScreen.kt:411:41 @Composable invocations can only happen from the context of a @Composable function
e: file:///app/applet/kurotek/src/main/java/com/example/ui/MikrotikGeneratorScreen.kt:412:41 @Composable invocations can only happen from the context of a @Composable function
e: file:///app/applet/kurotek/src/main/java/com/example/ui/MikrotikGeneratorScreen.kt:412:87 @Composable invocations can only happen from the context of a @Composable function
e: file:///app/applet/kurotek/src/main/java/com/example/ui/MikrotikGeneratorScreen.kt:445:37 No value passed for parameter 'content'.
e: file:///app/applet/kurotek/src/main/java/com/example/ui/MikrotikGeneratorScreen.kt:446:38 Syntax error: Unexpected tokens (use ';' to separate expressions on the same line).
e: file:///app/applet/kurotek/src/main/java/com/example/ui/MikrotikGeneratorScreen.kt:448:37 Unresolved reference 'modifier'.
e: file:///app/applet/kurotek/src/main/java/com/example/ui/MikrotikGeneratorScreen.kt:449:33 Syntax error: Expecting an element.
e: file:///app/applet/kurotek/src/main/java/com/example/ui/MikrotikGeneratorScreen.kt:450:37 @Composable invocations can only happen from the context of a @Composable function
e: file:///app/applet/kurotek/src/main/java/com/example/ui/MikrotikGeneratorScreen.kt:478:65 Unresolved reference 'GlowEmeraldGreen'.
e: file:///app/applet/kurotek/src/main/java/com/example/ui/MikrotikGeneratorScreen.kt:480:132 Unresolved reference 'GlowEmeraldGreen'.
e: file:///app/applet/kurotek/src/main/java/com/example/ui/MikrotikGeneratorScreen.kt:558:33 No value passed for parameter 'content'.
e: file:///app/applet/kurotek/src/main/java/com/example/ui/MikrotikGeneratorScreen.kt:559:34 Syntax error: Unexpected tokens (use ';' to separate expressions on the same line).
e: file:///app/applet/kurotek/src/main/java/com/example/ui/MikrotikGeneratorScreen.kt:561:33 Unresolved reference 'modifier'.
e: file:///app/applet/kurotek/src/main/java/com/example/ui/MikrotikGeneratorScreen.kt:562:29 Syntax error: Expecting an element.
e: file:///app/applet/kurotek/src/main/java/com/example/ui/MikrotikGeneratorScreen.kt:563:33 @Composable invocations can only happen from the context of a @Composable function
e: file:///app/applet/kurotek/src/main/java/com/example/ui/theme/Components.kt:107:23 @Composable invocations can only happen from the context of a @Composable function
e: file:///app/applet/kurotek/src/main/java/com/example/ui/theme/Components.kt:116:48 None of the following candidates is applicable:
fun colors(): TextFieldColors
fun colors(focusedTextColor: Color = ..., unfocusedTextColor: Color = ..., disabledTextColor: Color = ..., errorTextColor: Color = ..., focusedContainerColor: Color = ..., unfocusedContainerColor: Color = ..., disabledContainerColor: Color = ..., errorContainerColor: Color = ..., cursorColor: Color = ..., errorCursorColor: Color = ..., selectionColors: TextSelectionColors? = ..., focusedBorderColor: Color = ..., unfocusedBorderColor: Color = ..., disabledBorderColor: Color = ..., errorBorderColor: Color = ..., focusedLeadingIconColor: Color = ..., unfocusedLeadingIconColor: Color = ..., disabledLeadingIconColor: Color = ..., errorLeadingIconColor: Color = ..., focusedTrailingIconColor: Color = ..., unfocusedTrailingIconColor: Color = ..., disabledTrailingIconColor: Color = ..., errorTrailingIconColor: Color = ..., focusedLabelColor: Color = ..., unfocusedLabelColor: Color = ..., disabledLabelColor: Color = ..., errorLabelColor: Color = ..., focusedPlaceholderColor: Color = ..., unfocusedPlaceholderColor: Color = ..., disabledPlaceholderColor: Color = ..., errorPlaceholderColor: Color = ..., focusedSupportingTextColor: Color = ..., unfocusedSupportingTextColor: Color = ..., disabledSupportingTextColor: Color = ..., errorSupportingTextColor: Color = ..., focusedPrefixColor: Color = ..., unfocusedPrefixColor: Color = ..., disabledPrefixColor: Color = ..., errorPrefixColor: Color = ..., focusedSuffixColor: Color = ..., unfocusedSuffixColor: Color = ..., disabledSuffixColor: Color = ..., errorSuffixColor: Color = ...): TextFieldColors
e: file:///app/applet/kurotek/src/main/java/com/example/ui/theme/Components.kt:120:10 Syntax error: Expecting ','.
e: file:///app/applet/kurotek/src/main/java/com/example/ui/theme/Components.kt:121:9 'if' must have both main and 'else' branches when used as an expression.
e: file:///app/applet/kurotek/src/main/java/com/example/ui/theme/Components.kt:128:10 Syntax error: Expecting ')'.
e: file:///app/applet/kurotek/src/main/java/com/example/ui/theme/Components.kt:192:71 Unresolved reference 'ArrowBack'.

> Task :kurotek:compileDebugKotlin FAILED

FAILURE: Build failed with an exception.

* What went wrong:
Execution failed for task ':kurotek:compileDebugKotlin'.
> A failure occurred while executing org.jetbrains.kotlin.compilerRunner.GradleCompilerRunnerWithWorkers$GradleKotlinCompilerWorkAction
   > Compilation error. See log for more details

* Try:
> Run with --stacktrace option to get the stack trace.
> Run with --info or --debug option to get more log output.
> Run with --scan to get full insights from a Build Scan (powered by Develocity).
> Get more help at https://help.gradle.org.

BUILD FAILED in 2m 8s
8 actionable tasks: 1 executed, 7 up-to-date
Configuration cache entry reused.
